
> project-sanderson@0.0.0 build
> ng build

[33mΓ¥»[39m Building...
[32mΓ£ö[39m Building...
[1mInitial chunk files[22m[2m | [22m[1mNames[22m        [2m | [22m[1mRaw size[22m[2m | [22m[1mEstimated transfer size[22m
[32mmain-DEP6HODG.js[39m   [2m | [22m[2mmain[22m         [2m | [22m [36m1.91 MB[39m[2m | [22m              [36m336.90 kB[39m
[32mstyles-EFM5RP7M.css[39m[2m | [22m[2mstyles[22m       [2m | [22m [36m9.22 kB[39m[2m | [22m                [36m1.67 kB[39m

[1m [22m                  [2m | [22m[1mInitial total[22m[2m | [22m [1m1.92 MB[22m[2m | [22m              [1m338.57 kB[22m

Application bundle generation complete. [8.345 seconds] - 2026-01-21T07:13:24.956Z

node.exe : [1m[33m[33mΓû▓ [43;33m[[43;30mWARNING[43;33m][0m [1msrc/app/views/character-sheet-view/character-sheet-view.scss exceeded maximum 
budget. Budget 20.00 kB was not met by 2.42 kB with a total of 22.42 kB.[0m
At line:1 char:1
+ & "C:\nvm4w\nodejs/node.exe" "C:\nvm4w\nodejs/node_modules/npm/bin/np ...
+ ~~~~~~~~~~~~~~~~~~~~~~~~~~~~~~~~~~~~~~~~~~~~~~~~~~~~~~~~~~~~~~~~~~~~~
    + CategoryInfo          : NotSpecified: ([1m[33m[33mΓ...f 22.42 kB.[0m:String) [], RemoteException
    + FullyQualifiedErrorId : NativeCommandError
 

[39m[22m
Output location: D:\gitrepos\project_sanderson\dist\project-sanderson

