
> project-sanderson@0.0.0 test
> ng test --watch=false

[33mΓ¥»[39m Building...
[32mΓ£ö[39m Building...
[1mInitial chunk files[22m                                                                   [2m | [22m[1mNames[22m                                                                              [2m | [22m [1mRaw size[22m
[32mchunk-34TJ66AE.js[39m                                                                     [2m | [22m[2m-[22m                                                                                  [2m | [22m[36m379.81 kB[39m[2m | [22m
[32mchunk-TEN6GVY7.js[39m                                                                     [2m | [22m[2m-[22m                                                                                  [2m | [22m[36m282.95 kB[39m[2m | [22m
[32mchunk-XUNAX5B4.js[39m                                                                     [2m | [22m[2m-[22m                                                                                  [2m | [22m[36m137.53 kB[39m[2m | [22m
[32mchunk-S3OO3KLU.js[39m                                                                     [2m | [22m[2m-[22m                                                                                  [2m | [22m[36m130.06 kB[39m[2m | [22m
[32mchunk-K47SZELD.js[39m                                                                     [2m | [22m[2m-[22m                                                                                  [2m | [22m[36m105.38 kB[39m[2m | [22m
[32mspec-app-app.js[39m                                                                       [2m | [22m[2mspec-app-app[22m                                                                       [2m | [22m [36m96.96 kB[39m[2m | [22m
[32mchunk-CWV4PDM4.js[39m                                                                     [2m | [22m[2m-[22m                                                                                  [2m | [22m [36m78.34 kB[39m[2m | [22m
[32mchunk-3VF7AMPA.js[39m                                                                     [2m | [22m[2m-[22m                                                                                  [2m | [22m [36m70.47 kB[39m[2m | [22m
[32mchunk-A5JEVBNU.js[39m                                                                     [2m | [22m[2m-[22m                                                                                  [2m | [22m [36m66.58 kB[39m[2m | [22m
[32mchunk-AFLAINDL.js[39m                                                                     [2m | [22m[2m-[22m                                                                                  [2m | [22m [36m66.39 kB[39m[2m | [22m
[32mchunk-OC3BD3ZR.js[39m                                                                     [2m | [22m[2m-[22m                                                                                  [2m | [22m [36m53.19 kB[39m[2m | [22m
[32mchunk-FTODL72N.js[39m                                                                     [2m | [22m[2m-[22m                                                                                  [2m | [22m [36m43.48 kB[39m[2m | [22m
[32mchunk-E6CALFNF.js[39m                                                                     [2m | [22m[2m-[22m                                                                                  [2m | [22m [36m34.89 kB[39m[2m | [22m
[32mchunk-EH3L37ZD.js[39m                                                                     [2m | [22m[2m-[22m                                                                                  [2m | [22m [36m33.55 kB[39m[2m | [22m
[32mchunk-3FB44G7K.js[39m                                                                     [2m | [22m[2m-[22m                                                                                  [2m | [22m [36m29.64 kB[39m[2m | [22m
[32mchunk-75QNYMDP.js[39m                                                                     [2m | [22m[2m-[22m                                                                                  [2m | [22m [36m29.16 kB[39m[2m | [22m
[32mchunk-2MWOGQBR.js[39m                                                                     [2m | [22m[2m-[22m                                                                                  [2m | [22m [36m27.76 kB[39m[2m | [22m
[32mchunk-VK2Q7OEA.js[39m                                                                     [2m | [22m[2m-[22m                                                                                  [2m | [22m [36m27.27 kB[39m[2m | [22m
[32mchunk-GVLRG5DL.js[39m                                                                     [2m | [22m[2m-[22m                                                                                  [2m | [22m [36m27.01 kB[39m[2m | [22m
[32mchunk-P2UKLLPH.js[39m                                                                     [2m | [22m[2m-[22m                                                                                  [2m | [22m [36m26.30 kB[39m[2m | [22m
[32mchunk-J5UU7NWB.js[39m                                                                     [2m | [22m[2m-[22m                                                                                  [2m | [22m [36m24.84 kB[39m[2m | [22m
[32mchunk-I3COBEOY.js[39m                                                                     [2m | [22m[2m-[22m                                                                                  [2m | [22m [36m20.31 kB[39m[2m | [22m
[32mchunk-Y2QLLEKP.js[39m                                                                     [2m | [22m[2m-[22m                                                                                  [2m | [22m [36m19.63 kB[39m[2m | [22m
[32mchunk-KCMOEZ7O.js[39m                                                                     [2m | [22m[2m-[22m                                                                                  [2m | [22m [36m19.36 kB[39m[2m | [22m
[32mchunk-3MTQR5TT.js[39m                                                                     [2m | [22m[2m-[22m                                                                                  [2m | [22m [36m19.33 kB[39m[2m | [22m
[32mchunk-6LTDWP42.js[39m                                                                     [2m | [22m[2m-[22m                                                                                  [2m | [22m [36m18.76 kB[39m[2m | [22m
[32mchunk-7WDXAZIL.js[39m                                                                     [2m | [22m[2m-[22m                                                                                  [2m | [22m [36m17.41 kB[39m[2m | [22m
[32mchunk-AZMBFNAP.js[39m                                                                     [2m | [22m[2m-[22m                                                                                  [2m | [22m [36m17.15 kB[39m[2m | [22m
[32mspec-app-components-expertise-selector-expertise-selector.js[39m                          [2m | [22m[2mspec-app-components-expertise-selector-expertise-selector[22m                          [2m | [22m [36m14.99 kB[39m[2m | [22m
[32mspec-app-character-expertise-item-crafting.integration.js[39m                             [2m | [22m[2mspec-app-character-expertise-item-crafting.integration[22m                             [2m | [22m [36m14.63 kB[39m[2m | [22m
[32mchunk-TVW7YISC.js[39m                                                                     [2m | [22m[2m-[22m                                                                                  [2m | [22m [36m14.32 kB[39m[2m | [22m
[32mchunk-BCP3AGO5.js[39m                                                                     [2m | [22m[2m-[22m                                                                                  [2m | [22m [36m12.63 kB[39m[2m | [22m
[32mspec-app-character-talents-talentEffectParser.js[39m                                      [2m | [22m[2mspec-app-character-talents-talentEffectParser[22m                                      [2m | [22m [36m12.59 kB[39m[2m | [22m
[32mchunk-Q2VBBITG.js[39m                                                                     [2m | [22m[2m-[22m                                                                                  [2m | [22m [36m12.53 kB[39m[2m | [22m
[32mspec-app-character-crafting-craftingManager.js[39m                                        [2m | [22m[2mspec-app-character-crafting-craftingManager[22m                                        [2m | [22m [36m12.34 kB[39m[2m | [22m
[32mchunk-334QHOHU.js[39m                                                                     [2m | [22m[2m-[22m                                                                                  [2m | [22m [36m11.99 kB[39m[2m | [22m
[32mspec-app-components-culture-selector-culture-selector.js[39m                              [2m | [22m[2mspec-app-components-culture-selector-culture-selector[22m                              [2m | [22m [36m11.67 kB[39m[2m | [22m
[32mchunk-FGCQWOVK.js[39m                                                                     [2m | [22m[2m-[22m                                                                                  [2m | [22m [36m11.65 kB[39m[2m | [22m
[32mchunk-IPUPFCP6.js[39m                                                                     [2m | [22m[2m-[22m                                                                                  [2m | [22m [36m11.12 kB[39m[2m | [22m
[32mchunk-BC453NEL.js[39m                                                                     [2m | [22m[2m-[22m                                                                                  [2m | [22m [36m10.99 kB[39m[2m | [22m
[32mchunk-ZJW6QNYW.js[39m                                                                     [2m | [22m[2m-[22m                                                                                  [2m | [22m [36m10.65 kB[39m[2m | [22m
[32mspec-app-services-character-state.service.js[39m                                          [2m | [22m[2mspec-app-services-character-state.service[22m                                          [2m | [22m [36m10.38 kB[39m[2m | [22m
[32mstyles.css[39m                                                                            [2m | [22m[2mstyles[22m                                                                             [2m | [22m [36m10.16 kB[39m[2m | [22m
[32mchunk-CXDJMO2E.js[39m                                                                     [2m | [22m[2m-[22m                                                                                  [2m | [22m  [36m9.60 kB[39m[2m | [22m
[32mspec-app-character-attacks-attackCalculator.js[39m                                        [2m | [22m[2mspec-app-character-attacks-attackCalculator[22m                                        [2m | [22m  [36m9.55 kB[39m[2m | [22m
[32mspec-app-components-shared-skill-roller-skill-roller.js[39m                               [2m | [22m[2mspec-app-components-shared-skill-roller-skill-roller[22m                               [2m | [22m  [36m9.10 kB[39m[2m | [22m
[32mspec-app-character-inventory-petDefinitions.js[39m                                        [2m | [22m[2mspec-app-character-inventory-petDefinitions[22m                                        [2m | [22m  [36m8.95 kB[39m[2m | [22m
[32mspec-app-components-shared-character-powers-tab-character-powers-tab.js[39m               [2m | [22m[2mspec-app-components-shared-character-powers-tab-character-powers-tab[22m               [2m | [22m  [36m8.91 kB[39m[2m | [22m
[32mspec-app-components-shared-pet-display-pet-display.component.js[39m                       [2m | [22m[2mspec-app-components-shared-pet-display-pet-display.component[22m                       [2m | [22m  [36m8.77 kB[39m[2m | [22m
[32mspec-app-components-shared-character-resources-bar-character-resources-bar.js[39m         [2m | [22m[2mspec-app-components-shared-character-resources-bar-character-resources-bar[22m         [2m | [22m  [36m8.54 kB[39m[2m | [22m
[32mspec-app-components-attribute-allocator-attribute-allocator.js[39m                        [2m | [22m[2mspec-app-components-attribute-allocator-attribute-allocator[22m                        [2m | [22m  [36m8.43 kB[39m[2m | [22m
[32mspec-app-character-abilities-universalAbilities.integration.js[39m                        [2m | [22m[2mspec-app-character-abilities-universalAbilities.integration[22m                        [2m | [22m  [36m8.34 kB[39m[2m | [22m
[32mspec-app-components-talent-view-talent-view.js[39m                                        [2m | [22m[2mspec-app-components-talent-view-talent-view[22m                                        [2m | [22m  [36m8.33 kB[39m[2m | [22m
[32mspec-app-views-gm-dashboard-view-gm-dashboard-store.js[39m                                [2m | [22m[2mspec-app-views-gm-dashboard-view-gm-dashboard-store[22m                                [2m | [22m  [36m8.02 kB[39m[2m | [22m
[32mspec-app-views-store-view-store-view.js[39m                                               [2m | [22m[2mspec-app-views-store-view-store-view[22m                                               [2m | [22m  [36m7.85 kB[39m[2m | [22m
[32mspec-app-character-abilities-universalAbilities.js[39m                                    [2m | [22m[2mspec-app-character-abilities-universalAbilities[22m                                    [2m | [22m  [36m7.77 kB[39m[2m | [22m
[32mchunk-LWLU3JW4.js[39m                                                                     [2m | [22m[2m-[22m                                                                                  [2m | [22m  [36m7.76 kB[39m[2m | [22m
[32mchunk-S6I6GDYQ.js[39m                                                                     [2m | [22m[2m-[22m                                                                                  [2m | [22m  [36m7.57 kB[39m[2m | [22m
[32mspec-app-components-shared-radiant-path-notifications-radiant-path-notifications.js[39m   [2m | [22m[2mspec-app-components-shared-radiant-path-notifications-radiant-path-notifications[22m   [2m | [22m  [36m7.52 kB[39m[2m | [22m
[32mspec-app-components-shared-character-sheet-header-character-sheet-header.js[39m           [2m | [22m[2mspec-app-components-shared-character-sheet-header-character-sheet-header[22m           [2m | [22m  [36m7.41 kB[39m[2m | [22m
[32mspec-app-character-character-singer-forms.js[39m                                          [2m | [22m[2mspec-app-character-character-singer-forms[22m                                          [2m | [22m  [36m7.22 kB[39m[2m | [22m
[32mspec-app-character-resources-investitureManager.js[39m                                    [2m | [22m[2mspec-app-character-resources-investitureManager[22m                                    [2m | [22m  [36m7.07 kB[39m[2m | [22m
[32mchunk-22SF2QTT.js[39m                                                                     [2m | [22m[2m-[22m                                                                                  [2m | [22m  [36m6.92 kB[39m[2m | [22m
[32mspec-app-services-combat.service.js[39m                                                   [2m | [22m[2mspec-app-services-combat.service[22m                                                   [2m | [22m  [36m6.86 kB[39m[2m | [22m
[32mchunk-77XV372D.js[39m                                                                     [2m | [22m[2m-[22m                                                                                  [2m | [22m  [36m6.59 kB[39m[2m | [22m
[32mspec-app-character-inventory-traitDefinitions.js[39m                                      [2m | [22m[2mspec-app-character-inventory-traitDefinitions[22m                                      [2m | [22m  [36m6.39 kB[39m[2m | [22m
[32mspec-app-character-character-expertise-skill.js[39m                                       [2m | [22m[2mspec-app-character-character-expertise-skill[22m                                       [2m | [22m  [36m6.22 kB[39m[2m | [22m
[32mspec-app-character-talents-talentEffects.js[39m                                           [2m | [22m[2mspec-app-character-talents-talentEffects[22m                                           [2m | [22m  [36m6.22 kB[39m[2m | [22m
[32mspec-app-character-character-active-form.js[39m                                           [2m | [22m[2mspec-app-character-character-active-form[22m                                           [2m | [22m  [36m6.18 kB[39m[2m | [22m
[32mchunk-3IFED7CR.js[39m                                                                     [2m | [22m[2m-[22m                                                                                  [2m | [22m  [36m6.17 kB[39m[2m | [22m
[32mspec-app-components-shared-character-portrait-card-character-portrait-card.js[39m         [2m | [22m[2mspec-app-components-shared-character-portrait-card-character-portrait-card[22m         [2m | [22m  [36m5.96 kB[39m[2m | [22m
[32mspec-app-components-creation-progress-creation-progress.js[39m                            [2m | [22m[2mspec-app-components-creation-progress-creation-progress[22m                            [2m | [22m  [36m5.74 kB[39m[2m | [22m
[32mspec-app-views-character-sheet-view-character-sheet-grants.js[39m                         [2m | [22m[2mspec-app-views-character-sheet-view-character-sheet-grants[22m                         [2m | [22m  [36m5.52 kB[39m[2m | [22m
[32mspec-app-components-skill-manager-skill-manager.js[39m                                    [2m | [22m[2mspec-app-components-skill-manager-skill-manager[22m                                    [2m | [22m  [36m5.46 kB[39m[2m | [22m
[32mspec-app-views-combat-panel-combat-panel.component.js[39m                                 [2m | [22m[2mspec-app-views-combat-panel-combat-panel.component[22m                                 [2m | [22m  [36m5.29 kB[39m[2m | [22m
[32mspec-app-character-inventory-inventoryManager.js[39m                                      [2m | [22m[2mspec-app-character-inventory-inventoryManager[22m                                      [2m | [22m  [36m5.12 kB[39m[2m | [22m
[32mspec-app-character-character-investiture.js[39m                                           [2m | [22m[2mspec-app-character-character-investiture[22m                                           [2m | [22m  [36m5.11 kB[39m[2m | [22m
[32mspec-app-services-websocket-grants.service.js[39m                                         [2m | [22m[2mspec-app-services-websocket-grants.service[22m                                         [2m | [22m  [36m4.96 kB[39m[2m | [22m
[32mchunk-CK5ZNIRW.js[39m                                                                     [2m | [22m[2m-[22m                                                                                  [2m | [22m  [36m4.94 kB[39m[2m | [22m
[32mspec-app-components-shared-form-selector-form-selector.js[39m                             [2m | [22m[2mspec-app-components-shared-form-selector-form-selector[22m                             [2m | [22m  [36m4.90 kB[39m[2m | [22m
[32mspec-app-views-character-sheet-view-character-sheet-view.js[39m                           [2m | [22m[2mspec-app-views-character-sheet-view-character-sheet-view[22m                           [2m | [22m  [36m4.82 kB[39m[2m | [22m
[32mchunk-OPR7SYT7.js[39m                                                                     [2m | [22m[2m-[22m                                                                                  [2m | [22m  [36m4.79 kB[39m[2m | [22m
[32mchunk-RSTWSNOR.js[39m                                                                     [2m | [22m[2m-[22m                                                                                  [2m | [22m  [36m4.75 kB[39m[2m | [22m
[32mspec-app-components-combat-turn-speed-selector-combat-turn-speed-selector.component.js[39m[2m | [22m[2mspec-app-components-combat-turn-speed-selector-combat-turn-speed-selector.component[22m[2m | [22m  [36m4.70 kB[39m[2m | [22m
[32mspec-app-views-character-review-character-review.js[39m                                   [2m | [22m[2mspec-app-views-character-review-character-review[22m                                   [2m | [22m  [36m4.50 kB[39m[2m | [22m
[32mchunk-PXVCMNTP.js[39m                                                                     [2m | [22m[2m-[22m                                                                                  [2m | [22m  [36m4.15 kB[39m[2m | [22m
[32mchunk-ZLUTA5GP.js[39m                                                                     [2m | [22m[2m-[22m                                                                                  [2m | [22m  [36m3.69 kB[39m[2m | [22m
[32mchunk-3O2LX5FR.js[39m                                                                     [2m | [22m[2m-[22m                                                                                  [2m | [22m  [36m3.42 kB[39m[2m | [22m
[32mspec-app-components-ancestry-selector-ancestry-selector.js[39m                            [2m | [22m[2mspec-app-components-ancestry-selector-ancestry-selector[22m                            [2m | [22m  [36m3.34 kB[39m[2m | [22m
[32mspec-app-components-shared-character-defenses-card-character-defenses-card.js[39m         [2m | [22m[2mspec-app-components-shared-character-defenses-card-character-defenses-card[22m         [2m | [22m  [36m3.18 kB[39m[2m | [22m
[32mchunk-7QYQGF54.js[39m                                                                     [2m | [22m[2m-[22m                                                                                  [2m | [22m  [36m2.92 kB[39m[2m | [22m
[32mchunk-5UQS3BMU.js[39m                                                                     [2m | [22m[2m-[22m                                                                                  [2m | [22m  [36m2.83 kB[39m[2m | [22m
[32mspec-app-components-skill-selector-skill-selector.js[39m                                  [2m | [22m[2mspec-app-components-skill-selector-skill-selector[22m                                  [2m | [22m  [36m2.69 kB[39m[2m | [22m
[32mspec-app-character-inventory-inventoryManager.precision.js[39m                            [2m | [22m[2mspec-app-character-inventory-inventoryManager.precision[22m                            [2m | [22m  [36m2.66 kB[39m[2m | [22m
[32mchunk-4P5SS4NW.js[39m                                                                     [2m | [22m[2m-[22m                                                                                  [2m | [22m  [36m2.61 kB[39m[2m | [22m
[32mchunk-73NLS4OM.js[39m                                                                     [2m | [22m[2m-[22m                                                                                  [2m | [22m  [36m2.38 kB[39m[2m | [22m
[32mchunk-LAKNISES.js[39m                                                                     [2m | [22m[2m-[22m                                                                                  [2m | [22m  [36m2.04 kB[39m[2m | [22m
[32mspec-app-views-character-sheet-view-character-sheet-levelup.js[39m                        [2m | [22m[2mspec-app-views-character-sheet-view-character-sheet-levelup[22m                        [2m | [22m  [36m1.69 kB[39m[2m | [22m
[32mspec-app-character-character-levelup.js[39m                                               [2m | [22m[2mspec-app-character-character-levelup[22m                                               [2m | [22m  [36m1.64 kB[39m[2m | [22m
[32mchunk-54JDS5U7.js[39m                                                                     [2m | [22m[2m-[22m                                                                                  [2m | [22m  [36m1.60 kB[39m[2m | [22m
[32mspec-app-views-character-creator-view-character-creator-view.js[39m                       [2m | [22m[2mspec-app-views-character-creator-view-character-creator-view[22m                       [2m | [22m  [36m1.50 kB[39m[2m | [22m
[32mspec-app-character-talents-talentTrees-envoy-envoyHeroicPaths.js[39m                      [2m | [22m[2mspec-app-character-talents-talentTrees-envoy-envoyHeroicPaths[22m                      [2m | [22m  [36m1.39 kB[39m[2m | [22m
[32mspec-app-services-websocket-levelup.service.js[39m                                        [2m | [22m[2mspec-app-services-websocket-levelup.service[22m                                        [2m | [22m  [36m1.34 kB[39m[2m | [22m
[32mspec-app-components-path-selector-path-selector.js[39m                                    [2m | [22m[2mspec-app-components-path-selector-path-selector[22m                                    [2m | [22m  [36m1.31 kB[39m[2m | [22m
[32mspec-app-components-character-name-character-name.js[39m                                  [2m | [22m[2mspec-app-components-character-name-character-name[22m                                  [2m | [22m  [36m1.29 kB[39m[2m | [22m
[32minit-testbed.js[39m                                                                       [2m | [22m[2minit-testbed[22m                                                                       [2m | [22m  [36m1.21 kB[39m[2m | [22m
[32mspec-app-views-gm-dashboard-view-gm-dashboard-levelup.js[39m                              [2m | [22m[2mspec-app-views-gm-dashboard-view-gm-dashboard-levelup[22m                              [2m | [22m  [36m1.19 kB[39m[2m | [22m
[32mspec-app-views-sidenav-view-sidenav-view.js[39m                                           [2m | [22m[2mspec-app-views-sidenav-view-sidenav-view[22m                                           [2m | [22m  [36m1.07 kB[39m[2m | [22m
[32mspec-app-views-character-list-view-character-list-view.js[39m                             [2m | [22m[2mspec-app-views-character-list-view-character-list-view[22m                             [2m | [22m  [36m1.06 kB[39m[2m | [22m
[32mspec-app-views-logs-view-logs-view.js[39m                                                 [2m | [22m[2mspec-app-views-logs-view-logs-view[22m                                                 [2m | [22m[36m958 bytes[39m[2m | [22m
[32mspec-app-views-landing-view-landing-view.js[39m                                           [2m | [22m[2mspec-app-views-landing-view-landing-view[22m                                           [2m | [22m[36m953 bytes[39m[2m | [22m
[32mchunk-C36PXKO7.js[39m                                                                     [2m | [22m[2m-[22m                                                                                  [2m | [22m[36m953 bytes[39m[2m | [22m
[32mspec-app-services-character-creation-flow-service.js[39m                                  [2m | [22m[2mspec-app-services-character-creation-flow-service[22m                                  [2m | [22m[36m887 bytes[39m[2m | [22m
[32mspec-app-services-character-storage.service.js[39m                                        [2m | [22m[2mspec-app-services-character-storage.service[22m                                        [2m | [22m[36m830 bytes[39m[2m | [22m
[32mspec-app-components-resource-tracker-resource-tracker.js[39m                              [2m | [22m[2mspec-app-components-resource-tracker-resource-tracker[22m                              [2m | [22m[36m795 bytes[39m[2m | [22m
[32mspec-app-components-value-stepper-value-stepper.js[39m                                    [2m | [22m[2mspec-app-components-value-stepper-value-stepper[22m                                    [2m | [22m[36m671 bytes[39m[2m | [22m
[32mchunk-YULGS3Q3.js[39m                                                                     [2m | [22m[2m-[22m                                                                                  [2m | [22m[36m472 bytes[39m[2m | [22m
[32mchunk-2SJF4255.js[39m                                                                     [2m | [22m[2m-[22m                                                                                  [2m | [22m[36m245 bytes[39m[2m | [22m

[1m [22m                                                                                     [2m | [22m[1mInitial total[22m                                                                      [2m | [22m  [1m2.43 MB[22m

Application bundle generation complete. [6.111 seconds] - 2026-01-24T04:42:11.543Z


[1m[46m RUN [49m[22m [36mv4.0.18 [39m[90mD:/gitrepos/project_sanderson[39m

node.exe : [90mstderr[2m | src/app/character/inventory/inventoryManager.spec.ts[2m > [22m[2mInventoryManager - Expertise Validation[2m > 
[22m[2mExpert Trait Validation[2m > [22m[2mshould detect missing expertise for weapon expert traits
At line:1 char:1
+ & "C:\nvm4w\nodejs/node.exe" "C:\nvm4w\nodejs/node_modules/npm/bin/np ...
+ ~~~~~~~~~~~~~~~~~~~~~~~~~~~~~~~~~~~~~~~~~~~~~~~~~~~~~~~~~~~~~~~~~~~~~
    + CategoryInfo          : NotSpecified: ([90mstderr[2m...n expert traits:String) [], RemoteException
    + FullyQualifiedErrorId : NativeCommandError
 
[22m[39m[InventoryManager] Unknown item: knife

[90mstderr[2m | src/app/character/inventory/inventoryManager.spec.ts[2m > [22m[2mInventoryManager - Expertise Validation[2m > [22m[2mExpert Trait 
Validation[2m > [22m[2mshould allow equipping items even without expertise
[22m[39m[InventoryManager] Unknown item: knife

[90mstderr[2m | src/app/character/expertise-item-crafting.integration.spec.ts[2m > [22m[2mExpertise-Item-Crafting Integration[2m > 
[22m[2mComplete Expertise Flow[2m > [22m[2mshould grant culture expertise, unlock crafting recipe, craft item, and unlock expert traits
[22m[39m[InventoryManager] Unknown item: leather
[InventoryManager] Unknown item: thread

[90mstderr[2m | src/app/character/attacks/attackCalculator.spec.ts[2m > [22m[2mAttackCalculator[2m > [22m[2mWeapon Attacks[2m > [22m[2mshould 
generate weapon attack with correct bonus
[22m[39m[InventoryManager] Unknown item: rapier

[90mstderr[2m | src/app/views/character-sheet-view/character-sheet-grants.spec.ts[2m > [22m[2mCharacterSheetView - Grant Idempotency[2m > 
[22m[2mItem Grant Idempotency[2m > [22m[2mshould add stackable items correctly
[22m[39m[InventoryManager] Unknown item: iron-ingot

[90mstderr[2m | src/app/character/inventory/petDefinitions.spec.ts[2m > [22m[2mPets - Feature Tests[2m > [22m[2mPet Inventory Management[2m > 
[22m[2mshould add pet to inventory
[22m[39m[InventoryManager] Unknown item: chickenhawk

[90mstderr[2m | src/app/character/crafting/craftingManager.spec.ts[2m > [22m[2mCraftingManager[2m > [22m[2mCrafting Validation (canCraft)[2m > 
[22m[2mshould succeed when character has expertise and materials
[22m[39m[InventoryManager] Unknown item: iron-ingot
[InventoryManager] Unknown item: leather-strip

[90mstderr[2m | src/app/character/inventory/inventoryManager.spec.ts[2m > [22m[2mInventoryManager - Expertise Validation[2m > [22m[2mExpert Trait 
Validation[2m > [22m[2mshould handle items without expert traits
[22m[39m[InventoryManager] Unknown item: iron-ingot

[90mstderr[2m | src/app/character/inventory/inventoryManager.spec.ts[2m > [22m[2mInventoryManager - Expertise Validation[2m > [22m[2mExpert Trait 
Validation[2m > [22m[2mshould handle different weapon types correctly
[22m[39m[InventoryManager] Unknown item: knife

[90mstderr[2m | src/app/character/inventory/inventoryManager.spec.ts[2m > [22m[2mInventoryManager - Expertise Validation[2m > [22m[2mExpert Trait 
Validation[2m > [22m[2mshould unlock expert traits when expertise is granted
[22m[39m[InventoryManager] Unknown item: rapier

[90mstderr[2m | src/app/character/attacks/attackCalculator.spec.ts[2m > [22m[2mAttackCalculator[2m > [22m[2mWeapon Attacks[2m > [22m[2mshould 
include weapon traits
[22m[39m[InventoryManager] Unknown item: knife

[90mstderr[2m | src/app/character/expertise-item-crafting.integration.spec.ts[2m > [22m[2mExpertise-Item-Crafting Integration[2m > 
[22m[2mComplete Expertise Flow[2m > [22m[2mshould prevent crafting without required expertise
[22m[39m[InventoryManager] Unknown item: iron-ingot
[InventoryManager] Unknown item: leather-strip

[90mstderr[2m | src/app/views/character-sheet-view/character-sheet-grants.spec.ts[2m > [22m[2mCharacterSheetView - Grant Idempotency[2m > 
[22m[2mItem Grant Idempotency[2m > [22m[2mshould return false for unknown items
[22m[39m[InventoryManager] Unknown item: unknown-item-xyz

[90mstderr[2m | src/app/character/attacks/attackCalculator.spec.ts[2m > [22m[2mAttackCalculator[2m > [22m[2mWeapon Attacks[2m > [22m[2mshould 
include expert traits from talent trait grants when character has expertise
[22m[39m[InventoryManager] Unknown item: knife

[90mstderr[2m | src/app/views/character-sheet-view/character-sheet-grants.spec.ts[2m > [22m[2mCharacterSheetView - Grant Idempotency[2m > 
[22m[2mItem Grant Idempotency[2m > [22m[2mshould handle duplicate item grants gracefully
[22m[39m[InventoryManager] Unknown item: health-potion

[90mstderr[2m | src/app/character/inventory/inventoryManager.spec.ts[2m > [22m[2mInventoryManager - Expertise Validation[2m > [22m[2mEquipment 
Flow[2m > [22m[2mshould allow equipping without expertise but mark traits as locked
[22m[39m[InventoryManager] Unknown item: rapier

[90mstderr[2m | src/app/character/attacks/attackCalculator.spec.ts[2m > [22m[2mAttackCalculator[2m > [22m[2mWeapon Attacks[2m > [22m[2mshould 
not include expert traits from talent trait grants when character lacks expertise
[22m[39m[InventoryManager] Unknown item: knife

[90mstderr[2m | src/app/character/inventory/petDefinitions.spec.ts[2m > [22m[2mPets - Feature Tests[2m > [22m[2mPet Inventory Management[2m > 
[22m[2mshould not stack pets (they are unique)
[22m[39m[InventoryManager] Unknown item: chickenhawk
[InventoryManager] Unknown item: chickenhawk

 [31mΓ¥»[39m [30m[46m project-sanderson [49m[39m src/app/character/inventory/inventoryManager.spec.ts [2m([22m[2m11 tests[22m[2m | [22m[31m3 failed[39m[2m)[22m[32m 16[2mms[22m[39m
       [32mΓ£ô[39m should allow using expert traits when character has expertise[32m 3[2mms[22m[39m
       [32mΓ£ô[39m should detect missing expertise for weapon expert traits[32m 1[2mms[22m[39m
[31m       [31m├ù[31m should allow equipping items even without expertise[39m[32m 7[2mms[22m[39m
       [32mΓ£ô[39m should handle items without expert traits[32m 1[2mms[22m[39m
       [32mΓ£ô[39m should handle different weapon types correctly[32m 0[2mms[22m[39m
       [32mΓ£ô[39m should unlock expert traits when expertise is granted[32m 0[2mms[22m[39m
       [32mΓ£ô[39m should return empty array for non-existent items[32m 0[2mms[22m[39m
       [32mΓ£ô[39m should validate armor expertises[32m 0[2mms[22m[39m
       [32mΓ£ô[39m should allow armor expert traits with appropriate expertise[32m 0[2mms[22m[39m
[31m       [31m├ù[31m should allow full flow: add item -> check expertise -> equip[39m[32m 1[2mms[22m[39m
[31m       [31m├ù[31m should allow equipping without expertise but mark traits as locked[39m[32m 1[2mms[22m[39m
[90mstderr[2m | src/app/character/inventory/petDefinitions.spec.ts[2m > [22m[2mPets - Feature Tests[2m > [22m[2mPet Inventory Management[2m > 
[22m[2mshould equip pet to accessory slot
[22m[39m[InventoryManager] Unknown item: chickenhawk

[90mstderr[2m | src/app/character/crafting/craftingManager.spec.ts[2m > [22m[2mCraftingManager[2m > [22m[2mCrafting Validation (canCraft)[2m > 
[22m[2mshould fail when materials are insufficient even if some exist
[22m[39m[InventoryManager] Unknown item: iron-ingot
[InventoryManager] Unknown item: leather-strip

[90mstderr[2m | src/app/character/attacks/attackCalculator.spec.ts[2m > [22m[2mAttackCalculator[2m > [22m[2mMighty Talent Bonus[2m > 
[22m[2mshould add damage bonus when Mighty is unlocked
[22m[39m[InventoryManager] Unknown item: rapier

[90mstderr[2m | src/app/character/expertise-item-crafting.integration.spec.ts[2m > [22m[2mExpertise-Item-Crafting Integration[2m > 
[22m[2mCrafting Material Management[2m > [22m[2mshould rollback materials on craft failure
[22m[39m[InventoryManager] Unknown item: iron-ingot
[InventoryManager] Unknown item: leather-strip

[90mstderr[2m | src/app/character/inventory/petDefinitions.spec.ts[2m > [22m[2mPets - Feature Tests[2m > [22m[2mPet Inventory Management[2m > 
[22m[2mshould not stack equipped pets
[22m[39m[InventoryManager] Unknown item: chickenhawk
[InventoryManager] Unknown item: armored-hound

[90mstderr[2m | src/app/character/crafting/craftingManager.spec.ts[2m > [22m[2mCraftingManager[2m > [22m[2mMaterial Checking[2m > 
[22m[2mshould correctly identify missing materials
[22m[39m[InventoryManager] Unknown item: iron-ingot

[90mstderr[2m | src/app/character/attacks/attackCalculator.spec.ts[2m > [22m[2mAttackCalculator[2m > [22m[2mAttack Grouping[2m > [22m[2mshould 
categorize attacks by range
[22m[39m[InventoryManager] Unknown item: rapier
[InventoryManager] Unknown item: shortbow

[90mstderr[2m | src/app/character/inventory/petDefinitions.spec.ts[2m > [22m[2mPets - Feature Tests[2m > [22m[2mPet Inventory Management[2m > 
[22m[2mshould unequip pet correctly
[22m[39m[InventoryManager] Unknown item: chickenhawk

[90mstderr[2m | src/app/character/crafting/craftingManager.spec.ts[2m > [22m[2mCraftingManager[2m > [22m[2mMaterial Checking[2m > 
[22m[2mshould return empty array when all materials are available
[22m[39m[InventoryManager] Unknown item: iron-ingot
[InventoryManager] Unknown item: leather-strip

[90mstderr[2m | src/app/character/inventory/petDefinitions.spec.ts[2m > [22m[2mPets - Feature Tests[2m > [22m[2mPet Inventory Management[2m > 
[22m[2mshould have pet weight when in inventory
[22m[39m[InventoryManager] Unknown item: chickenhawk

[90mstderr[2m | src/app/character/expertise-item-crafting.integration.spec.ts[2m > [22m[2mExpertise-Item-Crafting Integration[2m > 
[22m[2mCrafting Material Management[2m > [22m[2mshould handle multiple material requirements
[22m[39m[InventoryManager] Unknown item: iron-ingot
[InventoryManager] Unknown item: leather-strip
[InventoryManager] Unknown item: iron-ingot

 [31mΓ¥»[39m [30m[46m project-sanderson [49m[39m src/app/views/character-sheet-view/character-sheet-grants.spec.ts [2m([22m[2m14 tests[22m[2m | [22m[31m2 failed[39m[2m)[22m[32m 16[2mms[22m[39m
       [32mΓ£ô[39m should detect when character already has spren[32m 2[2mms[22m[39m
       [32mΓ£ô[39m should prevent duplicate spren grants[32m 0[2mms[22m[39m
       [32mΓ£ô[39m should store the correct order when spren is granted[32m 0[2mms[22m[39m
       [32mΓ£ô[39m should detect when expertise already exists[32m 0[2mms[22m[39m
       [32mΓ£ô[39m should not duplicate expertise in list[32m 0[2mms[22m[39m
       [32mΓ£ô[39m should track expertise source[32m 1[2mms[22m[39m
[31m       [31m├ù[31m should add stackable items correctly[39m[32m 7[2mms[22m[39m
       [32mΓ£ô[39m should handle non-stackable items correctly[32m 0[2mms[22m[39m
       [32mΓ£ô[39m should return false for unknown items[32m 0[2mms[22m[39m
[31m       [31m├ù[31m should handle duplicate item grants gracefully[39m[32m 1[2mms[22m[39m
       [32mΓ£ô[39m should only increment level when new level is higher[32m 0[2mms[22m[39m
       [32mΓ£ô[39m should ignore level-up events for same or lower level[32m 0[2mms[22m[39m
       [32mΓ£ô[39m should ignore old level-up events[32m 0[2mms[22m[39m
       [32mΓ£ô[39m should allow multiple sequential level-ups[32m 0[2mms[22m[39m
[90mstderr[2m | src/app/character/crafting/craftingManager.spec.ts[2m > [22m[2mCraftingManager[2m > [22m[2mMaterial Checking[2m > 
[22m[2mshould check if character has all materials
[22m[39m[InventoryManager] Unknown item: iron-ingot
[InventoryManager] Unknown item: leather-strip

[90mstderr[2m | src/app/character/inventory/petDefinitions.spec.ts[2m > [22m[2mPets - Feature Tests[2m > [22m[2mPet Inventory Management[2m > 
[22m[2mshould remove pet from inventory
 [31mΓ¥»[39m [30m[46m project-sanderson [49m[39m src/app/character/attacks/attackCalculator.spec.ts [2m([22m[2m17 tests[22m[2m | [22m[31m6 failed[39m[2m)[22m[32m 25[2mms[22m[39m
       [32mΓ£ô[39m should generate no attacks when no weapons equipped[32m 3[2mms[22m[39m
[31m       [31m├ù[31m should generate weapon attack with correct bonus[39m[32m 9[2mms[22m[39m
[31m       [31m├ù[31m should include weapon traits[39m[32m 1[2mms[22m[39m
[31m       [31m├ù[31m should include expert traits from talent trait grants when character has expertise[39m[32m 1[2mms[22m[39m
[31m       [31m├ù[31m should not include expert traits from talent trait grants when character lacks expertise[39m[32m 1[2mms[22m[39m
       [32mΓ£ô[39m should not include passive talents as attacks[32m 0[2mms[22m[39m
       [32mΓ£ô[39m should include action cost talents that are attacks[32m 1[2mms[22m[39m
       [32mΓ£ô[39m should return empty stances when none unlocked[32m 0[2mms[22m[39m
       [32mΓ£ô[39m should detect stance talents[32m 1[2mms[22m[39m
[31m       [31m├ù[31m should add damage bonus when Mighty is unlocked[39m[32m 1[2mms[22m[39m
[31m       [31m├ù[31m should categorize attacks by range[39m[32m 1[2mms[22m[39m
       [32mΓ£ô[39m should generate talent attack from structured attackDefinition[32m 1[2mms[22m[39m
       [32mΓ£ô[39m should apply tier scaling to talent damage[32m 1[2mms[22m[39m
       [32mΓ£ô[39m should include resource cost from attackDefinition[32m 1[2mms[22m[39m
       [32mΓ£ô[39m should generate attack for different weapon types[32m 1[2mms[22m[39m
       [32mΓ£ô[39m should include special mechanics in traits[32m 1[2mms[22m[39m
       [32mΓ£ô[39m should use best weapon skill for "any" weapon type[32m 0[2mms[22m[39m
 [31mΓ¥»[39m [30m[46m project-sanderson [49m[39m src/app/character/expertise-item-crafting.integration.spec.ts [2m([22m[2m13 tests[22m[2m | [22m[31m10 failed[39m[2m)[22m[32m 24[2mms[22m[39m
[31m       [31m├ù[31m should grant culture expertise, unlock crafting recipe, craft item, and unlock expert traits[39m[32m 11[2mms[22m[39m
[31m       [31m├ù[31m should prevent crafting without required expertise[39m[32m 2[2mms[22m[39m
[31m       [31m├ù[31m should unlock expert traits when expertise is granted[39m[32m 1[2mms[22m[39m
       [32mΓ£ô[39m should support multiple expertise sources unlocking same crafting recipe[32m 1[2mms[22m[39m
[31m       [31m├ù[31m should verify expert traits require correct weapon expertise[39m[32m 1[2mms[22m[39m
[31m       [31m├ù[31m should verify expert traits require correct armor expertise[39m[32m 1[2mms[22m[39m
[31m       [31m├ù[31m should rollback materials on craft failure[39m[32m 1[2mms[22m[39m
[31m       [31m├ù[31m should handle multiple material requirements[39m[32m 1[2mms[22m[39m
       [32mΓ£ô[39m should show only recipes matching character expertises[32m 1[2mms[22m[39m
       [32mΓ£ô[39m should categorize recipes correctly[32m 1[2mms[22m[39m
[31m       [31m├ù[31m should verify all crafting materials exist in item definitions[39m[32m 1[2mms[22m[39m
[31m       [31m├ù[31m should verify crafted items have proper expert traits structure[39m[32m 1[2mms[22m[39m
[31m       [31m├ù[31m should track expertise sources through culture ΓåÆ talent ΓåÆ GM ΓåÆ crafting[39m[32m 1[2mms[22m[39m
 [31mΓ¥»[39m [30m[46m project-sanderson [49m[39m src/app/character/inventory/petDefinitions.spec.ts [2m([22m[2m25 tests[22m[2m | [22m[31m10 failed[39m[2m)[22m[32m 26[2mms[22m[39m
       [32mΓ£ô[39m should have chickenhawk pet defined[32m 2[2mms[22m[39m
       [32mΓ£ô[39m should have multiple pet types available[32m 1[2mms[22m[39m
       [32mΓ£ô[39m should mark all pets as reward-only, not for purchase[32m 0[2mms[22m[39m
       [32mΓ£ô[39m should mark pets as equipable[32m 0[2mms[22m[39m
       [32mΓ£ô[39m should assign pets to accessory slot[32m 0[2mms[22m[39m
       [32mΓ£ô[39m should extract pet properties correctly[32m 0[2mms[22m[39m
       [32mΓ£ô[39m should have flying pets with flying speed[32m 0[2mms[22m[39m
       [32mΓ£ô[39m should have ground pets with movement speed[32m 0[2mms[22m[39m
       [32mΓ£ô[39m should define special abilities for pets[32m 1[2mms[22m[39m
       [32mΓ£ô[39m should classify pets by intelligence level[32m 0[2mms[22m[39m
[31m       [31m├ù[31m should add pet to inventory[39m[32m 7[2mms[22m[39m
[31m       [31m├ù[31m should not stack pets (they are unique)[39m[32m 1[2mms[22m[39m
[31m       [31m├ù[31m should equip pet to accessory slot[39m[32m 1[2mms[22m[39m
[31m       [31m├ù[31m should not stack equipped pets[39m[32m 1[2mms[22m[39m
[31m       [31m├ù[31m should unequip pet correctly[39m[32m 1[2mms[22m[39m
[31m       [31m├ù[31m should have pet weight when in inventory[39m[32m 1[2mms[22m[39m
[31m       [31m├ù[31m should remove pet from inventory[39m[32m 1[2mms[22m[39m
       [32mΓ£ô[39m should identify pets as reward-only items[32m 0[2mms[22m[39m
[31m       [31m├ù[31m should allow GM to grant any pet to player[39m[32m 1[2mms[22m[39m
       [32mΓ£ô[39m should not make pets available for regular purchase[32m 0[2mms[22m[39m
       [32mΓ£ô[39m should track pet abilities for gameplay[32m 1[2mms[22m[39m
       [32mΓ£ô[39m should provide pet stats for mechanical integration[32m 0[2mms[22m[39m
       [32mΓ£ô[39m should differentiate between animal and sapient pets[32m 0[2mms[22m[39m
[31m       [31m├ù[31m should persist pet in character inventory data[39m[32m 1[2mms[22m[39m
[31m       [31m├ù[31m should maintain pet type through serialization[39m[32m 1[2mms[22m[39m
[22m[39m[InventoryManager] Unknown item: chickenhawk

[90mstderr[2m | src/app/character/expertise-item-crafting.integration.spec.ts[2m > [22m[2mExpertise-Item-Crafting Integration[2m > 
[22m[2mExpertise Source Tracking in Full Flow[2m > [22m[2mshould track expertise sources through culture ΓåÆ talent ΓåÆ GM ΓåÆ crafting
[22m[39m[InventoryManager] Unknown item: iron-ingot
[InventoryManager] Unknown item: leather-strip

[90mstderr[2m | src/app/character/crafting/craftingManager.spec.ts[2m > [22m[2mCraftingManager[2m > [22m[2mItem Crafting (craftItem)[2m > 
[22m[2mshould successfully craft item when requirements met
[22m[39m[InventoryManager] Unknown item: iron-ingot
[InventoryManager] Unknown item: leather-strip

[90mstderr[2m | src/app/character/inventory/petDefinitions.spec.ts[2m > [22m[2mPets - Feature Tests[2m > [22m[2mPet GM Grant System[2m > 
[22m[2mshould allow GM to grant any pet to player
[22m[39m[InventoryManager] Unknown item: chickenhawk

[90mstderr[2m | src/app/character/crafting/craftingManager.spec.ts[2m > [22m[2mCraftingManager[2m > [22m[2mItem Crafting (craftItem)[2m > 
[22m[2mshould consume materials when crafting
[22m[39m[InventoryManager] Unknown item: iron-ingot
[InventoryManager] Unknown item: leather-strip

[90mstderr[2m | src/app/character/inventory/petDefinitions.spec.ts[2m > [22m[2mPets - Feature Tests[2m > [22m[2mPet Persistence[2m > 
[22m[2mshould persist pet in character inventory data
[22m[39m[InventoryManager] Unknown item: chickenhawk

[90mstderr[2m | src/app/character/crafting/craftingManager.spec.ts[2m > [22m[2mCraftingManager[2m > [22m[2mItem Crafting (craftItem)[2m > 
[22m[2mshould add crafted item to inventory
[22m[39m[InventoryManager] Unknown item: iron-ingot
[InventoryManager] Unknown item: leather-strip

[90mstderr[2m | src/app/character/inventory/petDefinitions.spec.ts[2m > [22m[2mPets - Feature Tests[2m > [22m[2mPet Persistence[2m > 
[22m[2mshould maintain pet type through serialization
[22m[39m[InventoryManager] Unknown item: chickenhawk

[90mstderr[2m | src/app/character/crafting/craftingManager.spec.ts[2m > [22m[2mCraftingManager[2m > [22m[2mItem Crafting (craftItem)[2m > 
[22m[2mshould return consumed materials in result
[22m[39m[InventoryManager] Unknown item: iron-ingot
[InventoryManager] Unknown item: leather-strip

[90mstderr[2m | src/app/character/crafting/craftingManager.spec.ts[2m > [22m[2mCraftingManager[2m > [22m[2mItem Crafting (craftItem)[2m > 
[22m[2mshould fail when expertise is missing
[22m[39m[InventoryManager] Unknown item: iron-ingot
[InventoryManager] Unknown item: leather-strip

[90mstderr[2m | src/app/character/crafting/craftingManager.spec.ts[2m > [22m[2mCraftingManager[2m > [22m[2mItem Crafting (craftItem)[2m > 
[22m[2mshould fail when materials are missing
[22m[39m[InventoryManager] Unknown item: iron-ingot
[InventoryManager] Unknown item: leather-strip

[90mstderr[2m | src/app/character/crafting/craftingManager.spec.ts[2m > [22m[2mCraftingManager[2m > [22m[2mItem Crafting (craftItem)[2m > 
[22m[2mshould not consume any materials on failed craft
[22m[39m[InventoryManager] Unknown item: iron-ingot
[InventoryManager] Unknown item: leather-strip

[90mstderr[2m | src/app/character/crafting/craftingManager.spec.ts[2m > [22m[2mCraftingManager[2m > [22m[2mDifficulty System[2m > 
[22m[2mshould include difficulty check in craft result
[22m[39m[InventoryManager] Unknown item: iron-ingot
[InventoryManager] Unknown item: leather-strip

[90mstderr[2m | src/app/character/crafting/craftingManager.spec.ts[2m > [22m[2mCraftingManager[2m > [22m[2mMultiple Crafting Operations[2m > 
[22m[2mshould allow crafting multiple items if materials available
[22m[39m[InventoryManager] Unknown item: iron-ingot
[InventoryManager] Unknown item: leather-strip

[90mstderr[2m | src/app/character/crafting/craftingManager.spec.ts[2m > [22m[2mCraftingManager[2m > [22m[2mMultiple Crafting Operations[2m > 
[22m[2mshould fail second craft when materials depleted
[22m[39m[InventoryManager] Unknown item: iron-ingot
[InventoryManager] Unknown item: leather-strip

[90mstderr[2m | src/app/character/crafting/craftingManager.spec.ts[2m > [22m[2mCraftingManager[2m > [22m[2mDifferent Recipe Categories[2m > 
[22m[2mshould craft armor with Armor Crafting expertise
[22m[39m[InventoryManager] Unknown item: leather
[InventoryManager] Unknown item: thread

[90mstderr[2m | src/app/character/crafting/craftingManager.spec.ts[2m > [22m[2mCraftingManager[2m > [22m[2mDifferent Recipe Categories[2m > 
[22m[2mshould craft fabrials with Fabrial Crafting expertise
[22m[39m[InventoryManager] Unknown item: gemstone-ruby
[InventoryManager] Unknown item: metal-housing
[InventoryManager] Unknown item: copper-wire

 [31mΓ¥»[39m [30m[46m project-sanderson [49m[39m src/app/character/crafting/craftingManager.spec.ts [2m([22m[2m29 tests[22m[2m | [22m[31m13 failed[39m[2m)[22m[32m 31[2mms[22m[39m
       [32mΓ£ô[39m should initialize with default recipes[32m 2[2mms[22m[39m
       [32mΓ£ô[39m should get all recipes[32m 1[2mms[22m[39m
       [32mΓ£ô[39m should get recipes by category[32m 0[2mms[22m[39m
       [32mΓ£ô[39m should get specific recipe by ID[32m 1[2mms[22m[39m
       [32mΓ£ô[39m should add custom recipe[32m 1[2mms[22m[39m
       [32mΓ£ô[39m should return no available recipes when character has no expertises[32m 0[2mms[22m[39m
       [32mΓ£ô[39m should return recipes matching character expertises[32m 0[2mms[22m[39m
       [32mΓ£ô[39m should return multiple recipe types when character has multiple expertises[32m 0[2mms[22m[39m
       [32mΓ£ô[39m should fail when recipe does not exist[32m 0[2mms[22m[39m
       [32mΓ£ô[39m should fail when character lacks required expertise[32m 0[2mms[22m[39m
       [32mΓ£ô[39m should fail when character lacks materials[32m 0[2mms[22m[39m
[31m       [31m├ù[31m should succeed when character has expertise and materials[39m[32m 8[2mms[22m[39m
       [32mΓ£ô[39m should fail when materials are insufficient even if some exist[32m 1[2mms[22m[39m
[31m       [31m├ù[31m should correctly identify missing materials[39m[32m 1[2mms[22m[39m
[31m       [31m├ù[31m should return empty array when all materials are available[39m[32m 1[2mms[22m[39m
[31m       [31m├ù[31m should check if character has all materials[39m[32m 1[2mms[22m[39m
[31m       [31m├ù[31m should successfully craft item when requirements met[39m[32m 2[2mms[22m[39m
[31m       [31m├ù[31m should consume materials when crafting[39m[32m 1[2mms[22m[39m
[31m       [31m├ù[31m should add crafted item to inventory[39m[32m 1[2mms[22m[39m
[31m       [31m├ù[31m should return consumed materials in result[39m[32m 1[2mms[22m[39m
       [32mΓ£ô[39m should fail when expertise is missing[32m 0[2mms[22m[39m
       [32mΓ£ô[39m should fail when materials are missing[32m 0[2mms[22m[39m
       [32mΓ£ô[39m should not consume any materials on failed craft[32m 0[2mms[22m[39m
       [32mΓ£ô[39m should return correct DC for difficulty levels[32m 0[2mms[22m[39m
[31m       [31m├ù[31m should include difficulty check in craft result[39m[32m 1[2mms[22m[39m
[31m       [31m├ù[31m should allow crafting multiple items if materials available[39m[32m 1[2mms[22m[39m
[31m       [31m├ù[31m should fail second craft when materials depleted[39m[32m 1[2mms[22m[39m
[31m       [31m├ù[31m should craft armor with Armor Crafting expertise[39m[32m 1[2mms[22m[39m
[31m       [31m├ù[31m should craft fabrials with Fabrial Crafting expertise[39m[32m 1[2mms[22m[39m
[90mstderr[2m | src/app/character/inventory/inventoryManager.precision.spec.ts[2m > [22m[2mInventoryManager - Currency Precision[2m > 
[22m[2mfloating-point precision with chip-based currency[2m > [22m[2mshould handle purchase affordability checks with decimal amounts
[22m[39m[InventoryManager] Unknown item: waterskin

 [31mΓ¥»[39m [30m[46m project-sanderson [49m[39m src/app/character/inventory/inventoryManager.precision.spec.ts [2m([22m[2m6 tests[22m[2m | [22m[31m1 failed[39m[2m)[22m[32m 3[2mms[22m[39m
       [32mΓ£ô[39m should handle decimal prices without accumulating floating-point errors[32m 1[2mms[22m[39m
       [32mΓ£ô[39m should handle selling with decimal prices precisely[32m 0[2mms[22m[39m
       [32mΓ£ô[39m should maintain precision through multiple decimal transactions[32m 0[2mms[22m[39m
       [32mΓ£ô[39m should not have 1.7e-15 type errors[32m 0[2mms[22m[39m
       [32mΓ£ô[39m should round correctly when converting marks to chips[32m 0[2mms[22m[39m
[31m       [31m├ù[31m should handle purchase affordability checks with decimal amounts[39m[32m 1[2mms[22m[39m
[90mstderr[2m | src/app/components/shared/pet-display/pet-display.component.spec.ts[2m > [22m[2mPetDisplayComponent[2m > [22m[2mPet Status 
Display[2m > [22m[2mshould show "Available" status when pet is not equipped
[22m[39m[InventoryManager] Unknown item: chickenhawk

[90mstderr[2m | src/app/components/shared/pet-display/pet-display.component.spec.ts[2m > [22m[2mPetDisplayComponent[2m > [22m[2mPet Status 
Display[2m > [22m[2mshould show "Bonded" status when pet is equipped
[22m[39m[InventoryManager] Unknown item: chickenhawk

[90mstderr[2m | src/app/components/shared/pet-display/pet-display.component.spec.ts[2m > [22m[2mPetDisplayComponent[2m > [22m[2mPet Actions[2m > 
[22m[2mshould show Bond button when pet is not equipped
[22m[39m[InventoryManager] Unknown item: chickenhawk

[90mstderr[2m | src/app/components/shared/pet-display/pet-display.component.spec.ts[2m > [22m[2mPetDisplayComponent[2m > [22m[2mPet Actions[2m > 
[22m[2mshould show Release button when pet is equipped
[22m[39m[InventoryManager] Unknown item: chickenhawk

[90mstderr[2m | src/app/components/shared/pet-display/pet-display.component.spec.ts[2m > [22m[2mPetDisplayComponent[2m > [22m[2mPet Actions[2m > 
[22m[2mshould equip pet when Bond button is clicked
[22m[39m[InventoryManager] Unknown item: chickenhawk

[90mstderr[2m | src/app/components/shared/pet-display/pet-display.component.spec.ts[2m > [22m[2mPetDisplayComponent[2m > [22m[2mPet Actions[2m > 
[22m[2mshould unequip pet when Release button is clicked
[22m[39m[InventoryManager] Unknown item: chickenhawk

[90mstderr[2m | src/app/components/shared/pet-display/pet-display.component.spec.ts[2m > [22m[2mPetDisplayComponent[2m > [22m[2mPet Actions[2m > 
[22m[2mshould remove pet from inventory when Remove button is clicked
[22m[39m[InventoryManager] Unknown item: chickenhawk

 [31mΓ¥»[39m [30m[46m project-sanderson [49m[39m src/app/components/shared/pet-display/pet-display.component.spec.ts [2m([22m[2m20 tests[22m[2m | [22m[31m5 failed[39m[2m)[22m[33m 526[2mms[22m[39m
       [32mΓ£ô[39m should create[32m 177[2mms[22m[39m
       [32mΓ£ô[39m should render pet card when pet is provided[32m 36[2mms[22m[39m
       [32mΓ£ô[39m should display pet name[32m 24[2mms[22m[39m
       [32mΓ£ô[39m should display pet species[32m 16[2mms[22m[39m
       [32mΓ£ô[39m should display pet description[32m 13[2mms[22m[39m
       [32mΓ£ô[39m should show "Available" status when pet is not equipped[32m 14[2mms[22m[39m
[31m       [31m├ù[31m should show "Bonded" status when pet is equipped[39m[32m 14[2mms[22m[39m
       [32mΓ£ô[39m should display intelligence level[32m 14[2mms[22m[39m
       [32mΓ£ô[39m should display sapient intelligence correctly[32m 24[2mms[22m[39m
       [32mΓ£ô[39m should display movement speed[32m 21[2mms[22m[39m
       [32mΓ£ô[39m should display special abilities[32m 14[2mms[22m[39m
       [32mΓ£ô[39m should display pet weight[32m 29[2mms[22m[39m
       [32mΓ£ô[39m should show Bond button when pet is not equipped[32m 13[2mms[22m[39m
[31m       [31m├ù[31m should show Release button when pet is equipped[39m[32m 14[2mms[22m[39m
[31m       [31m├ù[31m should equip pet when Bond button is clicked[39m[32m 14[2mms[22m[39m
[31m       [31m├ù[31m should unequip pet when Release button is clicked[39m[32m 12[2mms[22m[39m
       [32mΓ£ô[39m should always show Remove button[32m 24[2mms[22m[39m
[31m       [31m├ù[31m should remove pet from inventory when Remove button is clicked[39m[32m 8[2mms[22m[39m
       [32mΓ£ô[39m should apply dark mode classes to pet card[32m 18[2mms[22m[39m
       [32mΓ£ô[39m should have proper button styling classes[32m 25[2mms[22m[39m
[90mstderr[2m | src/app/components/shared/character-portrait-card/character-portrait-card.spec.ts
[22m[39mImage server not available - using localStorage fallback

[90mstderr[2m | src/app/components/shared/character-portrait-card/character-portrait-card.spec.ts
[22m[39mImage server not available - using localStorage fallback

[90mstderr[2m | src/app/components/shared/character-portrait-card/character-portrait-card.spec.ts
[22m[39mImage server not available - using localStorage fallback

[90mstderr[2m | src/app/components/shared/character-portrait-card/character-portrait-card.spec.ts
[22m[39mImage server not available - using localStorage fallback

[90mstderr[2m | src/app/components/shared/character-portrait-card/character-portrait-card.spec.ts
[22m[39mImage server not available - using localStorage fallback

[90mstderr[2m | src/app/components/shared/character-portrait-card/character-portrait-card.spec.ts
[22m[39mImage server not available - using localStorage fallback

[90mstderr[2m | src/app/components/shared/character-portrait-card/character-portrait-card.spec.ts
[22m[39mImage server not available - using localStorage fallback

[90mstderr[2m | src/app/components/shared/character-portrait-card/character-portrait-card.spec.ts
[22m[39mImage server not available - using localStorage fallback

[90mstderr[2m | src/app/components/shared/character-portrait-card/character-portrait-card.spec.ts
[22m[39mImage server not available - using localStorage fallback

[90mstderr[2m | src/app/components/shared/character-portrait-card/character-portrait-card.spec.ts
[22m[39mImage server not available - using localStorage fallback

[90mstderr[2m | src/app/components/shared/character-portrait-card/character-portrait-card.spec.ts
[22m[39mImage server not available - using localStorage fallback

[90mstderr[2m | src/app/components/shared/character-portrait-card/character-portrait-card.spec.ts
[22m[39mImage server not available - using localStorage fallback

[90mstderr[2m | src/app/components/shared/character-portrait-card/character-portrait-card.spec.ts
[22m[39mImage server not available - using localStorage fallback

[90mstderr[2m | src/app/components/shared/character-portrait-card/character-portrait-card.spec.ts
[22m[39mImage server not available - using localStorage fallback

[90mstderr[2m | src/app/components/shared/character-portrait-card/character-portrait-card.spec.ts
[22m[39mImage server not available - using localStorage fallback

 [32mΓ£ô[39m [30m[46m project-sanderson [49m[39m src/app/components/shared/character-portrait-card/character-portrait-card.spec.ts [2m([22m[2m15 tests[22m[2m)[22m[33m 1159[2mms[22m[39m
     [33m[2mΓ£ô[22m[39m should create [33m 383[2mms[22m[39m
 [32mΓ£ô[39m [30m[46m project-sanderson [49m[39m src/app/components/shared/character-powers-tab/character-powers-tab.spec.ts [2m([22m[2m29 tests[22m[2m)[22m[33m 1552[2mms[22m[39m
     [33m[2mΓ£ô[22m[39m should create [33m 328[2mms[22m[39m
[90mstdout[2m | src/app/components/talent-view/talent-view.spec.ts[2m > [22m[2mTalentView[2m > [22m[2mRadiant Path - First Ideal[2m > [22m[2mshould not display "Speak the First Ideal" prompt even when spren is bonded
[22m[39m[TalentView] Character creation mode - calculating local talent points
[TalentView] Calculated local talent points: [33m2[39m

[90mstdout[2m | src/app/views/character-sheet-view/character-sheet-view.spec.ts[2m > [22m[2mCharacterSheetView - No character$ Subscription[2m > [22m[2mshould load character from route params without subscribing to character$
[22m[39m[Character Sheet] Loading character with ID: char-123
[Character Sheet] Character loaded: { name: [32m'Test Hero'[39m, level: [33m1[39m, ancestry: [1mnull[22m }
[Character Sheet] WebSocket not connected yet, will emit on connection
[Character Sheet] ≡ƒöö Setting up spren grant listener...
[Character Sheet] Γ¡ÉΓ¡ÉΓ¡É SPREN GRANT RECEIVED IN CHARACTER SHEET Γ¡ÉΓ¡ÉΓ¡É
[Character Sheet] Γ¡É Spren grant received: [1mnull[22m
[Character Sheet] Γ¡É Current character ID: char-123
[Character Sheet] Γ¡É No match - character ID mismatch
[Character Sheet] ≡ƒôÜ Setting up expertise grant listener...
[Character Sheet] ≡ƒôÜ Current character ID: char-123
[Character Sheet] ≡ƒôÜ≡ƒôÜ≡ƒôÜ EXPERTISE GRANT RECEIVED IN SUBSCRIBE ≡ƒôÜ≡ƒôÜ≡ƒôÜ
[Character Sheet] ≡ƒôÜ Expertise grant received: [1mnull[22m
[Character Sheet] ≡ƒôÜ Current character ID: char-123
[Character Sheet] ≡ƒôÜ Grant character ID: [90mundefined[39m
[Character Sheet] ≡ƒôÜ No match - character ID mismatch or missing
[Character Sheet] ≡ƒôÜ Expertise grant listener subscription complete
[Character Sheet] ≡ƒåÖ Setting up level-up listener...
[Character Sheet] ≡ƒåÖ≡ƒåÖ≡ƒåÖ LEVEL-UP EVENT RECEIVED ≡ƒåÖ≡ƒåÖ≡ƒåÖ
[Character Sheet] ≡ƒåÖ Level-up event: [1mnull[22m
[Character Sheet] ≡ƒåÖ Ignoring duplicate/old level-up event (current: [33m1[39m event: [90mundefined[39m )
[Character Sheet] ≡ƒåÖ Level-up listener subscription complete
[Character Sheet] ΓÜí Setting up highstorm listener...
[Character Sheet] ΓÜí Highstorm event: { active: [33mfalse[39m }
[Character Sheet] ΓÜí Highstorm listener subscription complete
[Character Sheet] ΓÜö∩╕Å Setting up combat start listener...
[Character Sheet] ΓÜö∩╕Å Combat start listener subscription complete

[90mstdout[2m | src/app/components/talent-view/talent-view.spec.ts[2m > [22m[2mTalentView[2m > [22m[2mRadiant Path - First Ideal[2m > [22m[2mshould not display "Speak the First Ideal" button
[22m[39m[TalentView] Character creation mode - calculating local talent points
[TalentView] Calculated local talent points: [33m2[39m

[90mstderr[2m | src/app/views/character-sheet-view/character-sheet-view.spec.ts[2m > [22m[2mCharacterSheetView - No character$ Subscription[2m > 
[22m[2mshould load character from route params without subscribing to character$
[22m[39mImage server not available - using localStorage fallback

[90mstdout[2m | src/app/views/character-review/character-review.spec.ts[2m > [22m[2mCharacterReview[2m > [22m[2mshould load character from API on init
[22m[39m[CharacterReview] Fetching character from API: test-character-id
[CharacterReview] Character loaded from API: Test Character
[CharacterReview] Using SkillManager instance
[CharacterReview] Trained skills found: [33m0[39m []
[CharacterReview] Using SkillManager instance
[CharacterReview] Trained skills found: [33m0[39m []
[CharacterReview] Using SkillManager instance
[CharacterReview] Trained skills found: [33m0[39m []
[CharacterReview] Using SkillManager instance
[CharacterReview] Trained skills found: [33m0[39m []
[CharacterReview] Using SkillManager instance
[CharacterReview] Trained skills found: [33m0[39m []
[CharacterReview] Using SkillManager instance
[CharacterReview] Trained skills found: [33m0[39m []

[90mstdout[2m | src/app/views/character-review/character-review.spec.ts[2m > [22m[2mCharacterReview[2m > [22m[2mshould set level-up mode based on query params
[22m[39m[CharacterReview] Fetching character from API: test-character-id
[CharacterReview] Character loaded from API: Test Character
[CharacterReview] Using SkillManager instance
[CharacterReview] Trained skills found: [33m0[39m []
[CharacterReview] Using SkillManager instance
[CharacterReview] Trained skills found: [33m0[39m []
[CharacterReview] Using SkillManager instance
[CharacterReview] Trained skills found: [33m0[39m []
[CharacterReview] Using SkillManager instance
[CharacterReview] Trained skills found: [33m0[39m []
[CharacterReview] Using SkillManager instance
[CharacterReview] Trained skills found: [33m0[39m []
[CharacterReview] Using SkillManager instance
[CharacterReview] Trained skills found: [33m0[39m []

[90mstdout[2m | src/app/views/character-sheet-view/character-sheet-view.spec.ts[2m > [22m[2mCharacterSheetView - No character$ Subscription[2m > [22m[2mshould not react to character$ emissions after initial load
[22m[39m[Character Sheet] Loading character with ID: char-123
[Character Sheet] Character loaded: { name: [32m'Test Hero'[39m, level: [33m1[39m, ancestry: [1mnull[22m }
[Character Sheet] WebSocket not connected yet, will emit on connection
[Character Sheet] ≡ƒöö Setting up spren grant listener...
[Character Sheet] Γ¡ÉΓ¡ÉΓ¡É SPREN GRANT RECEIVED IN CHARACTER SHEET Γ¡ÉΓ¡ÉΓ¡É
[Character Sheet] Γ¡É Spren grant received: [1mnull[22m
[Character Sheet] Γ¡É Current character ID: char-123
[Character Sheet] Γ¡É No match - character ID mismatch
[Character Sheet] ≡ƒôÜ Setting up expertise grant listener...
[Character Sheet] ≡ƒôÜ Current character ID: char-123
[Character Sheet] ≡ƒôÜ≡ƒôÜ≡ƒôÜ EXPERTISE GRANT RECEIVED IN SUBSCRIBE ≡ƒôÜ≡ƒôÜ≡ƒôÜ
[Character Sheet] ≡ƒôÜ Expertise grant received: [1mnull[22m
[Character Sheet] ≡ƒôÜ Current character ID: char-123
[Character Sheet] ≡ƒôÜ Grant character ID: [90mundefined[39m
[Character Sheet] ≡ƒôÜ No match - character ID mismatch or missing
[Character Sheet] ≡ƒôÜ Expertise grant listener subscription complete
[Character Sheet] ≡ƒåÖ Setting up level-up listener...
[Character Sheet] ≡ƒåÖ≡ƒåÖ≡ƒåÖ LEVEL-UP EVENT RECEIVED ≡ƒåÖ≡ƒåÖ≡ƒåÖ
[Character Sheet] ≡ƒåÖ Level-up event: [1mnull[22m
[Character Sheet] ≡ƒåÖ Ignoring duplicate/old level-up event (current: [33m1[39m event: [90mundefined[39m )
[Character Sheet] ≡ƒåÖ Level-up listener subscription complete
[Character Sheet] ΓÜí Setting up highstorm listener...
[Character Sheet] ΓÜí Highstorm event: { active: [33mfalse[39m }
[Character Sheet] ΓÜí Highstorm listener subscription complete
[Character Sheet] ΓÜö∩╕Å Setting up combat start listener...
[Character Sheet] ΓÜö∩╕Å Combat start listener subscription complete

[90mstderr[2m | src/app/views/character-sheet-view/character-sheet-view.spec.ts[2m > [22m[2mCharacterSheetView - No character$ Subscription[2m > 
[22m[2mshould not react to character$ emissions after initial load
[22m[39mImage server not available - using localStorage fallback

[90mstdout[2m | src/app/components/talent-view/talent-view.spec.ts[2m > [22m[2mTalentView[2m > [22m[2mRadiant Path - First Ideal[2m > [22m[2mshould still display spren grant notification when pending
[22m[39m[TalentView] Character creation mode - calculating local talent points
[TalentView] Calculated local talent points: [33m2[39m

[90mstdout[2m | src/app/views/character-review/character-review.spec.ts[2m > [22m[2mCharacterReview[2m > [22m[2mshould finalize character and navigate to character-sheet on success
[22m[39m[CharacterReview] Fetching character from API: test-character-id
[CharacterReview] Character loaded from API: Test Character
[CharacterReview] Using SkillManager instance
[CharacterReview] Trained skills found: [33m0[39m []
[CharacterReview] Using SkillManager instance
[CharacterReview] Trained skills found: [33m0[39m []
[CharacterReview] Using SkillManager instance
[CharacterReview] Trained skills found: [33m0[39m []
[CharacterReview] Using SkillManager instance
[CharacterReview] Trained skills found: [33m0[39m []
[CharacterReview] Using SkillManager instance
[CharacterReview] Trained skills found: [33m0[39m []
[CharacterReview] Using SkillManager instance
[CharacterReview] Trained skills found: [33m0[39m []
[CharacterReview] Finalizing character creation: Test Character
[CharacterReview] Character creation successful - ID: test-character-id

[90mstderr[2m | src/app/views/character-review/character-review.spec.ts[2m > [22m[2mCharacterReview[2m > [22m[2mshould finalize character and 
navigate to character-sheet on success
[22m[39mImage server not available - using localStorage fallback

[90mstderr[2m | src/app/views/character-review/character-review.spec.ts[2m > [22m[2mCharacterReview[2m > [22m[2mshould finalize character and 
navigate to character-sheet on success
[22m[39mImage server not available - using localStorage fallback

[90mstderr[2m | src/app/views/character-review/character-review.spec.ts[2m > [22m[2mCharacterReview[2m > [22m[2mshould finalize character and 
navigate to character-sheet on success
[22m[39mImage server not available - using localStorage fallback

[90mstdout[2m | src/app/components/talent-view/talent-view.spec.ts[2m > [22m[2mTalentView[2m > [22m[2mRadiant Path - First Ideal[2m > [22m[2mshould load surge trees when First Ideal is already spoken
[22m[39m[TalentView] Character creation mode - calculating local talent points
[TalentView] Calculated local talent points: [33m2[39m

[90mstdout[2m | src/app/components/talent-view/talent-view.spec.ts[2m > [22m[2mTalentView - Fresh Backend Data on Route Change[2m > [22m[2mshould fetch fresh talent data only when route params change, not when character$ emits
[22m[39m[TalentView] Paths loaded from server: [ [32m'Windrunner'[39m ]
[TalentView] Lazy loading trees now that paths are ready
[TalentView] loadAvailableTrees - mainPath: Windrunner spec: [90mundefined[39m ancestry: [1mnull[22m level: [33m1[39m
[TalentView] Taking non-human/higher-level branch
[TalentView] Getting talent path for: Windrunner
[TalentView] getTalentPath result: {
  name: [32m'Windrunner'[39m,
  paths: [ { pathName: [32m'Honorspren Bond'[39m, nodes: [36m[Array][39m } ],
  talentNodes: []
}
[TalentView] tempTrees before filtering: [33m0[39m []
[TalentView] availableTrees after filtering: [33m0[39m []
[TalentView] Starting lazy load of talent data from API...
[TalentView] Talent data received from API: {
  talentPoints: [33m1[39m,
  previouslySelectedTalents: [],
  requiresSingerSelection: [33mfalse[39m,
  ancestry: [1mnull[22m,
  level: [33m1[39m,
  mainPath: [32m'Windrunner'[39m
}
[TalentView] loadAvailableTrees - mainPath: Windrunner spec: [90mundefined[39m ancestry: [1mnull[22m level: [33m1[39m
[TalentView] Taking non-human/higher-level branch
[TalentView] Getting talent path for: Windrunner
[TalentView] getTalentPath result: {
  name: [32m'Windrunner'[39m,
  paths: [ { pathName: [32m'Honorspren Bond'[39m, nodes: [36m[Array][39m } ],
  talentNodes: []
}
[TalentView] tempTrees before filtering: [33m0[39m []
[TalentView] availableTrees after filtering: [33m0[39m []
[TalentView] Talent data loaded and view updated

 [32mΓ£ô[39m [30m[46m project-sanderson [49m[39m src/app/components/shared/character-resources-bar/character-resources-bar.spec.ts [2m([22m[2m20 tests[22m[2m)[22m[33m 1906[2mms[22m[39m
     [33m[2mΓ£ô[22m[39m should create [33m 448[2mms[22m[39m
[90mstdout[2m | src/app/components/talent-view/talent-view.spec.ts[2m > [22m[2mTalentView - Fresh Backend Data on Route Change[2m > [22m[2mshould reset sliceLoaded flag when entering level-up mode
[22m[39m[TalentView] Paths loaded from server: [ [32m'Skybreaker'[39m ]
[TalentView] Lazy loading trees now that paths are ready
[TalentView] loadAvailableTrees - mainPath: Skybreaker spec: [90mundefined[39m ancestry: [1mnull[22m level: [33m1[39m
[TalentView] Taking non-human/higher-level branch
[TalentView] Getting talent path for: Skybreaker
[TalentView] getTalentPath result: {
  name: [32m'Skybreaker'[39m,
  paths: [ { pathName: [32m'Highspren Bond'[39m, nodes: [36m[Array][39m } ],
  talentNodes: []
}
[TalentView] tempTrees before filtering: [33m0[39m []
[TalentView] availableTrees after filtering: [33m0[39m []
[TalentView] Starting lazy load of talent data from API...
[TalentView] Talent data received from API: {
  talentPoints: [33m1[39m,
  previouslySelectedTalents: [],
  requiresSingerSelection: [33mfalse[39m,
  ancestry: [1mnull[22m,
  level: [33m1[39m,
  mainPath: [32m'Skybreaker'[39m
}
[TalentView] loadAvailableTrees - mainPath: Skybreaker spec: [90mundefined[39m ancestry: [1mnull[22m level: [33m1[39m
[TalentView] Taking non-human/higher-level branch
[TalentView] Getting talent path for: Skybreaker
[TalentView] getTalentPath result: {
  name: [32m'Skybreaker'[39m,
  paths: [ { pathName: [32m'Highspren Bond'[39m, nodes: [36m[Array][39m } ],
  talentNodes: []
}
[TalentView] tempTrees before filtering: [33m0[39m []
[TalentView] availableTrees after filtering: [33m0[39m []
[TalentView] Talent data loaded and view updated

[90mstdout[2m | src/app/components/talent-view/talent-view.spec.ts[2m > [22m[2mTalentView - Fresh Backend Data on Route Change[2m > [22m[2mshould reset sliceLoaded flag when entering level-up mode
[22m[39m[TalentView] loadAvailableTrees - mainPath: Skybreaker spec: [90mundefined[39m ancestry: [1mnull[22m level: [33m1[39m
[TalentView] Taking non-human/higher-level branch
[TalentView] Getting talent path for: Skybreaker
[TalentView] getTalentPath result: {
  name: [32m'Skybreaker'[39m,
  paths: [ { pathName: [32m'Highspren Bond'[39m, nodes: [36m[Array][39m } ],
  talentNodes: []
}
[TalentView] tempTrees before filtering: [33m0[39m []
[TalentView] availableTrees after filtering: [33m0[39m []

[90mstdout[2m | src/app/components/talent-view/talent-view.spec.ts[2m > [22m[2mTalentView - Fresh Backend Data on Route Change[2m > [22m[2mshould reset sliceLoaded flag when entering level-up mode
[22m[39m[TalentView] loadAvailableTrees - mainPath: Skybreaker spec: [90mundefined[39m ancestry: [1mnull[22m level: [33m1[39m
[TalentView] Taking non-human/higher-level branch
[TalentView] Getting talent path for: Skybreaker
[TalentView] getTalentPath result: {
  name: [32m'Skybreaker'[39m,
  paths: [ { pathName: [32m'Highspren Bond'[39m, nodes: [36m[Array][39m } ],
  talentNodes: []
}
[TalentView] tempTrees before filtering: [33m0[39m []
[TalentView] availableTrees after filtering: [33m0[39m []
[TalentView] Starting lazy load of talent data from API...
[TalentView] Talent data received from API: {
  talentPoints: [33m1[39m,
  previouslySelectedTalents: [],
  requiresSingerSelection: [33mfalse[39m,
  ancestry: [1mnull[22m,
  level: [33m1[39m,
  mainPath: [32m'Skybreaker'[39m
}
[TalentView] loadAvailableTrees - mainPath: Skybreaker spec: [90mundefined[39m ancestry: [1mnull[22m level: [33m1[39m
[TalentView] Taking non-human/higher-level branch
[TalentView] Getting talent path for: Skybreaker
[TalentView] getTalentPath result: {
  name: [32m'Skybreaker'[39m,
  paths: [ { pathName: [32m'Highspren Bond'[39m, nodes: [36m[Array][39m } ],
  talentNodes: []
}
[TalentView] tempTrees before filtering: [33m0[39m []
[TalentView] availableTrees after filtering: [33m0[39m []
[TalentView] Talent data loaded and view updated

 [32mΓ£ô[39m [30m[46m project-sanderson [49m[39m src/app/components/talent-view/talent-view.spec.ts [2m([22m[2m10 tests[22m[2m)[22m[33m 579[2mms[22m[39m
[90mstdout[2m | src/app/views/character-sheet-view/character-sheet-view.spec.ts[2m > [22m[2mCharacterSheetView - No character$ Subscription[2m > [22m[2mshould reload character when route params change
[22m[39m[Character Sheet] Loading character with ID: char-123
[Character Sheet] Character loaded: { name: [32m'Test Hero'[39m, level: [33m1[39m, ancestry: [1mnull[22m }
[Character Sheet] WebSocket not connected yet, will emit on connection
[Character Sheet] ≡ƒöö Setting up spren grant listener...
[Character Sheet] Γ¡ÉΓ¡ÉΓ¡É SPREN GRANT RECEIVED IN CHARACTER SHEET Γ¡ÉΓ¡ÉΓ¡É
[Character Sheet] Γ¡É Spren grant received: [1mnull[22m
[Character Sheet] Γ¡É Current character ID: char-123
[Character Sheet] Γ¡É No match - character ID mismatch
[Character Sheet] ≡ƒôÜ Setting up expertise grant listener...
[Character Sheet] ≡ƒôÜ Current character ID: char-123
[Character Sheet] ≡ƒôÜ≡ƒôÜ≡ƒôÜ EXPERTISE GRANT RECEIVED IN SUBSCRIBE ≡ƒôÜ≡ƒôÜ≡ƒôÜ
[Character Sheet] ≡ƒôÜ Expertise grant received: [1mnull[22m
[Character Sheet] ≡ƒôÜ Current character ID: char-123
[Character Sheet] ≡ƒôÜ Grant character ID: [90mundefined[39m
[Character Sheet] ≡ƒôÜ No match - character ID mismatch or missing
[Character Sheet] ≡ƒôÜ Expertise grant listener subscription complete
[Character Sheet] ≡ƒåÖ Setting up level-up listener...
[Character Sheet] ≡ƒåÖ≡ƒåÖ≡ƒåÖ LEVEL-UP EVENT RECEIVED ≡ƒåÖ≡ƒåÖ≡ƒåÖ
[Character Sheet] ≡ƒåÖ Level-up event: [1mnull[22m
[Character Sheet] ≡ƒåÖ Ignoring duplicate/old level-up event (current: [33m1[39m event: [90mundefined[39m )
[Character Sheet] ≡ƒåÖ Level-up listener subscription complete
[Character Sheet] ΓÜí Setting up highstorm listener...
[Character Sheet] ΓÜí Highstorm event: { active: [33mfalse[39m }
[Character Sheet] ΓÜí Highstorm listener subscription complete
[Character Sheet] ΓÜö∩╕Å Setting up combat start listener...
[Character Sheet] ΓÜö∩╕Å Combat start listener subscription complete

[90mstderr[2m | src/app/views/character-sheet-view/character-sheet-view.spec.ts[2m > [22m[2mCharacterSheetView - No character$ Subscription[2m > 
[22m[2mshould reload character when route params change
[22m[39mImage server not available - using localStorage fallback

[90mstdout[2m | src/app/views/character-sheet-view/character-sheet-view.spec.ts[2m > [22m[2mCharacterSheetView - No character$ Subscription[2m > [22m[2mshould reload character when route params change
[22m[39m[Character Sheet] Loading character with ID: char-456
[Character Sheet] Character loaded: { name: [32m'New Hero'[39m, level: [33m1[39m, ancestry: [1mnull[22m }
[Character Sheet] WebSocket not connected yet, will emit on connection

 [32mΓ£ô[39m [30m[46m project-sanderson [49m[39m src/app/views/character-sheet-view/character-sheet-view.spec.ts [2m([22m[2m3 tests[22m[2m)[22m[33m 1254[2mms[22m[39m
     [33m[2mΓ£ô[22m[39m should load character from route params without subscribing to character$ [33m 881[2mms[22m[39m
[90mstdout[2m | src/app/views/character-review/character-review.spec.ts[2m > [22m[2mCharacterReview[2m > [22m[2mshould handle finalization error gracefully
[22m[39m[CharacterReview] Fetching character from API: test-character-id
[CharacterReview] Character loaded from API: Test Character
[CharacterReview] Using SkillManager instance
[CharacterReview] Trained skills found: [33m0[39m []
[CharacterReview] Using SkillManager instance
[CharacterReview] Trained skills found: [33m0[39m []
[CharacterReview] Using SkillManager instance
[CharacterReview] Trained skills found: [33m0[39m []
[CharacterReview] Using SkillManager instance
[CharacterReview] Trained skills found: [33m0[39m []
[CharacterReview] Using SkillManager instance
[CharacterReview] Trained skills found: [33m0[39m []
[CharacterReview] Using SkillManager instance
[CharacterReview] Trained skills found: [33m0[39m []
[CharacterReview] Finalizing character creation: Test Character

[90mstderr[2m | src/app/views/character-review/character-review.spec.ts[2m > [22m[2mCharacterReview[2m > [22m[2mshould handle finalization error 
gracefully
[22m[39m[CharacterReview] Character save returned success=false

[90mstderr[2m | src/app/views/character-review/character-review.spec.ts[2m > [22m[2mCharacterReview[2m > [22m[2mshould handle finalization error 
gracefully
[22m[39mImage server not available - using localStorage fallback

[90mstdout[2m | src/app/components/shared/radiant-path-notifications/radiant-path-notifications.spec.ts[2m > [22m[2mRadiantPathNotifications[2m > [22m[2mSpren Grant Notification[2m > [22m[2mshould emit sprenAccepted when Accept Bond button is clicked
[22m[39m[Radiant Path] Accepting spren grant: {
  order: [32m'Windrunner'[39m,
  sprenType: [32m'Honorspren'[39m,
  philosophy: [32m'I will protect those who cannot protect themselves.'[39m
}

[90mstdout[2m | src/app/components/shared/radiant-path-notifications/radiant-path-notifications.spec.ts[2m > [22m[2mRadiantPathNotifications[2m > [22m[2mFirst Ideal Prompt[2m > [22m[2mshould emit idealSpoken when Speak the Words button is clicked
[22m[39m[Radiant Path] Speaking First Ideal

[90mstdout[2m | src/app/components/shared/radiant-path-notifications/radiant-path-notifications.spec.ts[2m > [22m[2mRadiantPathNotifications[2m > [22m[2mFirst Ideal Prompt[2m > [22m[2mshould unlock surge skills when first ideal is spoken
[22m[39m[Radiant Path] Speaking First Ideal

[90mstdout[2m | src/app/views/character-review/character-review.spec.ts[2m > [22m[2mCharacterReview[2m > [22m[2mshould sync to local state if no character ID in route params
[22m[39m[CharacterReview] Using SkillManager instance
[CharacterReview] Trained skills found: [33m0[39m []
[CharacterReview] Using SkillManager instance
[CharacterReview] Trained skills found: [33m0[39m []
[CharacterReview] Using SkillManager instance
[CharacterReview] Trained skills found: [33m0[39m []
[CharacterReview] Using SkillManager instance
[CharacterReview] Trained skills found: [33m0[39m []
[CharacterReview] Using SkillManager instance
[CharacterReview] Trained skills found: [33m0[39m []
[CharacterReview] Using SkillManager instance
[CharacterReview] Trained skills found: [33m0[39m []

[90mstderr[2m | src/app/views/character-review/character-review.spec.ts[2m > [22m[2mCharacterReview[2m > [22m[2mshould sync to local state if no 
character ID in route params
[22m[39m[CharacterReview] No character ID found

 [32mΓ£ô[39m [30m[46m project-sanderson [49m[39m src/app/views/character-review/character-review.spec.ts [2m([22m[2m6 tests[22m[2m)[22m[33m 634[2mms[22m[39m
[90mstderr[2m | _ImageUploadService.checkServerAvailability (D:\gitrepos\project_sanderson\src\app\services\image-upload.service.ts:38:15)
[22m[39mImage server not available - using localStorage fallback

[90mstdout[2m | src/app/components/shared/radiant-path-notifications/radiant-path-notifications.spec.ts[2m > [22m[2mRadiantPathNotifications[2m > [22m[2mFirst Ideal Prompt[2m > [22m[2mshould unlock investiture when first ideal is spoken
[22m[39m[Radiant Path] Speaking First Ideal

 [32mΓ£ô[39m [30m[46m project-sanderson [49m[39m src/app/components/shared/radiant-path-notifications/radiant-path-notifications.spec.ts [2m([22m[2m18 tests[22m[2m)[22m[32m 295[2mms[22m[39m
 [32mΓ£ô[39m [30m[46m project-sanderson [49m[39m src/app/components/shared/character-sheet-header/character-sheet-header.spec.ts [2m([22m[2m21 tests[22m[2m)[22m[33m 715[2mms[22m[39m
 [32mΓ£ô[39m [30m[46m project-sanderson [49m[39m src/app/components/ancestry-selector/ancestry-selector.spec.ts [2m([22m[2m6 tests[22m[2m)[22m[32m 180[2mms[22m[39m
 [32mΓ£ô[39m [30m[46m project-sanderson [49m[39m src/app/components/combat-turn-speed-selector/combat-turn-speed-selector.component.spec.ts [2m([22m[2m9 tests[22m[2m)[22m[32m 220[2mms[22m[39m
[90mstderr[2m | src/app/views/combat-panel/combat-panel.component.spec.ts[2m > [22m[2mCombatPanelComponent[2m > [22m[2mCombat Toggle[2m > 
[22m[2mshould toggle combat on
[22m[39m[WebSocket] Cannot start combat: not connected

 [32mΓ£ô[39m [30m[46m project-sanderson [49m[39m src/app/components/culture-selector/culture-selector.spec.ts [2m([22m[2m24 tests[22m[2m)[22m[33m 446[2mms[22m[39m
[90mstderr[2m | src/app/views/combat-panel/combat-panel.component.spec.ts[2m > [22m[2mCombatPanelComponent[2m > [22m[2mCombat Toggle[2m > 
[22m[2mshould toggle combat off
[22m[39m[WebSocket] Cannot start combat: not connected

[90mstderr[2m | src/app/views/combat-panel/combat-panel.component.spec.ts[2m > [22m[2mCombatPanelComponent[2m > [22m[2mCombat Toggle[2m > 
[22m[2mshould clear combat state when turning off
[22m[39m[WebSocket] Cannot start combat: not connected

 [32mΓ£ô[39m [30m[46m project-sanderson [49m[39m src/app/components/creation-progress/creation-progress.spec.ts [2m([22m[2m16 tests[22m[2m)[22m[32m 148[2mms[22m[39m
[90mstdout[2m | src/app/views/character-creator-view/character-creator-view.spec.ts[2m > [22m[2mCharacterCreatorView[2m > [22m[2mshould create
[22m[39m[Character Creator] Level-up mode: [33mfalse[39m
[Character Creator] No character ID found, creating new character on server

[90mstdout[2m | src/app/views/character-creator-view/character-creator-view.spec.ts[2m > [22m[2mCharacterCreatorView[2m > [22m[2mshould create
[22m[39mBackend server detected, using API

[90mstdout[2m | src/app/views/character-creator-view/character-creator-view.spec.ts[2m > [22m[2mCharacterCreatorView[2m > [22m[2mshould create
[22m[39m[Character Creator] Character created with ID: character_1769229737369

 [32mΓ£ô[39m [30m[46m project-sanderson [49m[39m src/app/views/character-creator-view/character-creator-view.spec.ts [2m([22m[2m1 test[22m[2m)[22m[32m 197[2mms[22m[39m
 [32mΓ£ô[39m [30m[46m project-sanderson [49m[39m src/app/components/shared/form-selector/form-selector.spec.ts [2m([22m[2m13 tests[22m[2m)[22m[32m 207[2mms[22m[39m
[90mstdout[2m | src/app/components/attribute-allocator/attribute-allocator.spec.ts[2m > [22m[2mAttributeAllocator - Fresh Backend Data on Route Change[2m > [22m[2mshould fetch fresh attribute slice only when route params change, not when character$ emits
[22m[39m[AttributeAllocator] ngOnInit - params: { levelUp: [32m'true'[39m }
[AttributeAllocator] character: [36m<ref *1>[39m Character {
  id: [32m'char-123'[39m,
  name: [32m'Test Hero'[39m,
  level: [33m1[39m,
  pendingLevelPoints: [33m0[39m,
  paths: [],
  ancestry: [1mnull[22m,
  attributes: Attributes {
    strength: [33m10[39m,
    speed: [33m10[39m,
    intellect: [33m0[39m,
    willpower: [33m0[39m,
    awareness: [33m0[39m,
    presence: [33m0[39m
  },
  cultures: [],
  _selectedExpertises: [],
  unlockedTalents: Set(0) {},
  baselineUnlockedTalents: [90mundefined[39m,
  unlockedSingerForms: [],
  activeForm: [90mundefined[39m,
  skillManager: SkillManager {
    skillRanks: {
      AGILITY: [33m0[39m,
      ATHLETICS: [33m0[39m,
      HEAVY_WEAPONRY: [33m0[39m,
      LIGHT_WEAPONRY: [33m0[39m,
      STEALTH: [33m0[39m,
      THIEVERY: [33m0[39m,
      CRAFTING: [33m0[39m,
      DEDUCTION: [33m0[39m,
      DISCIPLINE: [33m0[39m,
      INTIMIDATION: [33m0[39m,
      LORE: [33m0[39m,
      MEDICINE: [33m0[39m,
      DECEPTION: [33m0[39m,
      INSIGHT: [33m0[39m,
      LEADERSHIP: [33m0[39m,
      PERCEPTION: [33m0[39m,
      PERSUASION: [33m0[39m,
      SURVIVAL: [33m0[39m,
      ADHESION: [33m0[39m,
      GRAVITATION: [33m0[39m,
      DIVISION: [33m0[39m,
      ABRASION: [33m0[39m,
      PROGRESSION: [33m0[39m,
      ILLUMINATION: [33m0[39m,
      TRANSFORMATION: [33m0[39m,
      TRANSPORTATION: [33m0[39m,
      COHESION: [33m0[39m,
      TENSION: [33m0[39m
    },
    skillAssociationTable: SkillAssociationTable { skillAssociationTable: [36m[Object][39m }
  },
  derivedAttributesManager: DerivedAttributesManager {
    sensesRangeCalculator: SensesRangeCalculator { sensesRangeTable: [36m[Array][39m },
    liftingAndCarryingCalculator: LiftingAndCarryingCalculator {
      liftingCapacityTable: [36m[Array][39m,
      carryingCapacityTable: [36m[Array][39m
    },
    movementRateCalculator: MovementRateCalculator { movementSpeedTable: [36m[Array][39m },
    recoveryDieCalculator: RecoveryDieCalculator { recoveryDieTable: [36m[Array][39m }
  },
  defenseManager: DefenseManager {},
  resourceManager: ResourceManager {
    healthManager: HealthManager { maxValue: [33m10[39m, currentValue: [33m10[39m },
    focusManager: FocusManager { maxValue: [33m2[39m, currentValue: [33m2[39m },
    investitureManager: InvestitureManager {
      maxValue: [33m0[39m,
      currentValue: [33m0[39m,
      isInvestitureActive: [33mfalse[39m
    }
  },
  bonusManager: BonusManager {
    bonusModule: BonusModule { activeEffects: Map(0) {} },
    advantageModule: AdvantageModule {
      advantageSources: Set(0) {},
      disadvantageSources: Set(0) {}
    },
    unlockedTalents: Set(0) {},
    activeForm: [90mundefined[39m,
    prerequisiteChecker: TalentPrerequisiteChecker {
      character: [36m[Circular *1][39m,
      unlockedTalents: Set(0) {}
    },
    character: [36m[Circular *1][39m
  },
  radiantPathManager: RadiantPathManager {
    boundOrder: [1mnull[22m,
    idealSpoken: [33mfalse[39m,
    surgePair: [1mnull[22m,
    sprenType: [1mnull[22m
  },
  inventoryManager: InventoryManager {
    items: Map(0) {},
    equippedItems: Map(0) {},
    currencyInChips: [33m0[39m,
    bonusManager: BonusManager {
      bonusModule: [36m[BonusModule][39m,
      advantageModule: [36m[AdvantageModule][39m,
      unlockedTalents: Set(0) {},
      activeForm: [90mundefined[39m,
      prerequisiteChecker: [36m[TalentPrerequisiteChecker][39m,
      character: [36m[Circular *1][39m
    },
    character: [36m[Circular *1][39m
  },
  craftingManager: CraftingManager {
    recipes: Map(5) {
      [32m'craft-iron-sword'[39m => [36m[Object][39m,
      [32m'craft-steel-sword'[39m => [36m[Object][39m,
      [32m'craft-leather-armor'[39m => [36m[Object][39m,
      [32m'craft-heating-fabrial'[39m => [36m[Object][39m,
      [32m'craft-health-potion'[39m => [36m[Object][39m
    },
    character: [36m[Circular *1][39m
  },
  expertiseCache: [1mnull[22m
}
[AttributeAllocator] characterId: char-123
[AttributeAllocator] isLevelUpMode: [33mtrue[39m
[AttributeAllocator] Fetching attribute slice for character: char-123
[AttributeAllocator] fetchAttributeSlice called with ID: char-123
[AttributeAllocator] Attribute slice received: {
  id: [32m'char-123'[39m,
  level: [33m1[39m,
  attributes: {
    strength: [33m10[39m,
    speed: [33m10[39m,
    awareness: [33m10[39m,
    intellect: [33m10[39m,
    willpower: [33m10[39m,
    presence: [33m10[39m
  },
  pointsForLevel: [33m12[39m,
  success: [33mtrue[39m
}

[90mstdout[2m | src/app/components/attribute-allocator/attribute-allocator.spec.ts[2m > [22m[2mAttributeAllocator - Fresh Backend Data on Route Change[2m > [22m[2mshould reset sliceFetched flag when route params indicate new level-up session
[22m[39m[AttributeAllocator] ngOnInit - params: { levelUp: [32m'true'[39m }
[AttributeAllocator] character: [36m<ref *1>[39m Character {
  id: [32m'char-123'[39m,
  name: [32m'Test Hero'[39m,
  level: [33m1[39m,
  pendingLevelPoints: [33m0[39m,
  paths: [],
  ancestry: [1mnull[22m,
  attributes: Attributes {
    strength: [33m0[39m,
    speed: [33m0[39m,
    intellect: [33m0[39m,
    willpower: [33m0[39m,
    awareness: [33m0[39m,
    presence: [33m0[39m
  },
  cultures: [],
  _selectedExpertises: [],
  unlockedTalents: Set(0) {},
  baselineUnlockedTalents: [90mundefined[39m,
  unlockedSingerForms: [],
  activeForm: [90mundefined[39m,
  skillManager: SkillManager {
    skillRanks: {
      AGILITY: [33m0[39m,
      ATHLETICS: [33m0[39m,
      HEAVY_WEAPONRY: [33m0[39m,
      LIGHT_WEAPONRY: [33m0[39m,
      STEALTH: [33m0[39m,
      THIEVERY: [33m0[39m,
      CRAFTING: [33m0[39m,
      DEDUCTION: [33m0[39m,
      DISCIPLINE: [33m0[39m,
      INTIMIDATION: [33m0[39m,
      LORE: [33m0[39m,
      MEDICINE: [33m0[39m,
      DECEPTION: [33m0[39m,
      INSIGHT: [33m0[39m,
      LEADERSHIP: [33m0[39m,
      PERCEPTION: [33m0[39m,
      PERSUASION: [33m0[39m,
      SURVIVAL: [33m0[39m,
      ADHESION: [33m0[39m,
      GRAVITATION: [33m0[39m,
      DIVISION: [33m0[39m,
      ABRASION: [33m0[39m,
      PROGRESSION: [33m0[39m,
      ILLUMINATION: [33m0[39m,
      TRANSFORMATION: [33m0[39m,
      TRANSPORTATION: [33m0[39m,
      COHESION: [33m0[39m,
      TENSION: [33m0[39m
    },
    skillAssociationTable: SkillAssociationTable { skillAssociationTable: [36m[Object][39m }
  },
  derivedAttributesManager: DerivedAttributesManager {
    sensesRangeCalculator: SensesRangeCalculator { sensesRangeTable: [36m[Array][39m },
    liftingAndCarryingCalculator: LiftingAndCarryingCalculator {
      liftingCapacityTable: [36m[Array][39m,
      carryingCapacityTable: [36m[Array][39m
    },
    movementRateCalculator: MovementRateCalculator { movementSpeedTable: [36m[Array][39m },
    recoveryDieCalculator: RecoveryDieCalculator { recoveryDieTable: [36m[Array][39m }
  },
  defenseManager: DefenseManager {},
  resourceManager: ResourceManager {
    healthManager: HealthManager { maxValue: [33m10[39m, currentValue: [33m10[39m },
    focusManager: FocusManager { maxValue: [33m2[39m, currentValue: [33m2[39m },
    investitureManager: InvestitureManager {
      maxValue: [33m0[39m,
      currentValue: [33m0[39m,
      isInvestitureActive: [33mfalse[39m
    }
  },
  bonusManager: BonusManager {
    bonusModule: BonusModule { activeEffects: Map(0) {} },
    advantageModule: AdvantageModule {
      advantageSources: Set(0) {},
      disadvantageSources: Set(0) {}
    },
    unlockedTalents: Set(0) {},
    activeForm: [90mundefined[39m,
    prerequisiteChecker: TalentPrerequisiteChecker {
      character: [36m[Circular *1][39m,
      unlockedTalents: Set(0) {}
    },
    character: [36m[Circular *1][39m
  },
  radiantPathManager: RadiantPathManager {
    boundOrder: [1mnull[22m,
    idealSpoken: [33mfalse[39m,
    surgePair: [1mnull[22m,
    sprenType: [1mnull[22m
  },
  inventoryManager: InventoryManager {
    items: Map(0) {},
    equippedItems: Map(0) {},
    currencyInChips: [33m0[39m,
    bonusManager: BonusManager {
      bonusModule: [36m[BonusModule][39m,
      advantageModule: [36m[AdvantageModule][39m,
      unlockedTalents: Set(0) {},
      activeForm: [90mundefined[39m,
      prerequisiteChecker: [36m[TalentPrerequisiteChecker][39m,
      character: [36m[Circular *1][39m
    },
    character: [36m[Circular *1][39m
  },
  craftingManager: CraftingManager {
    recipes: Map(5) {
      [32m'craft-iron-sword'[39m => [36m[Object][39m,
      [32m'craft-steel-sword'[39m => [36m[Object][39m,
      [32m'craft-leather-armor'[39m => [36m[Object][39m,
      [32m'craft-heating-fabrial'[39m => [36m[Object][39m,
      [32m'craft-health-potion'[39m => [36m[Object][39m
    },
    character: [36m[Circular *1][39m
  },
  expertiseCache: [1mnull[22m
}
[AttributeAllocator] characterId: char-123
[AttributeAllocator] isLevelUpMode: [33mtrue[39m
[AttributeAllocator] Fetching attribute slice for character: char-123
[AttributeAllocator] fetchAttributeSlice called with ID: char-123
[AttributeAllocator] Attribute slice received: {
  id: [32m'char-123'[39m,
  level: [33m1[39m,
  attributes: {
    strength: [33m10[39m,
    speed: [33m10[39m,
    awareness: [33m10[39m,
    intellect: [33m10[39m,
    willpower: [33m10[39m,
    presence: [33m10[39m
  },
  pointsForLevel: [33m12[39m,
  success: [33mtrue[39m
}

[90mstdout[2m | src/app/components/attribute-allocator/attribute-allocator.spec.ts[2m > [22m[2mAttributeAllocator - Fresh Backend Data on Route Change[2m > [22m[2mshould reset sliceFetched flag when route params indicate new level-up session
[22m[39m[AttributeAllocator] ngOnInit - params: { levelUp: [32m'false'[39m }
[AttributeAllocator] character: [36m<ref *1>[39m Character {
  id: [32m'char-123'[39m,
  name: [32m'Test Hero'[39m,
  level: [33m1[39m,
  pendingLevelPoints: [33m0[39m,
  paths: [],
  ancestry: [1mnull[22m,
  attributes: Attributes {
    strength: [33m10[39m,
    speed: [33m10[39m,
    intellect: [33m10[39m,
    willpower: [33m10[39m,
    awareness: [33m10[39m,
    presence: [33m10[39m
  },
  cultures: [],
  _selectedExpertises: [],
  unlockedTalents: Set(0) {},
  baselineUnlockedTalents: [90mundefined[39m,
  unlockedSingerForms: [],
  activeForm: [90mundefined[39m,
  skillManager: SkillManager {
    skillRanks: {
      AGILITY: [33m0[39m,
      ATHLETICS: [33m0[39m,
      HEAVY_WEAPONRY: [33m0[39m,
      LIGHT_WEAPONRY: [33m0[39m,
      STEALTH: [33m0[39m,
      THIEVERY: [33m0[39m,
      CRAFTING: [33m0[39m,
      DEDUCTION: [33m0[39m,
      DISCIPLINE: [33m0[39m,
      INTIMIDATION: [33m0[39m,
      LORE: [33m0[39m,
      MEDICINE: [33m0[39m,
      DECEPTION: [33m0[39m,
      INSIGHT: [33m0[39m,
      LEADERSHIP: [33m0[39m,
      PERCEPTION: [33m0[39m,
      PERSUASION: [33m0[39m,
      SURVIVAL: [33m0[39m,
      ADHESION: [33m0[39m,
      GRAVITATION: [33m0[39m,
      DIVISION: [33m0[39m,
      ABRASION: [33m0[39m,
      PROGRESSION: [33m0[39m,
      ILLUMINATION: [33m0[39m,
      TRANSFORMATION: [33m0[39m,
      TRANSPORTATION: [33m0[39m,
      COHESION: [33m0[39m,
      TENSION: [33m0[39m
    },
    skillAssociationTable: SkillAssociationTable { skillAssociationTable: [36m[Object][39m }
  },
  derivedAttributesManager: DerivedAttributesManager {
    sensesRangeCalculator: SensesRangeCalculator { sensesRangeTable: [36m[Array][39m },
    liftingAndCarryingCalculator: LiftingAndCarryingCalculator {
      liftingCapacityTable: [36m[Array][39m,
      carryingCapacityTable: [36m[Array][39m
    },
    movementRateCalculator: MovementRateCalculator { movementSpeedTable: [36m[Array][39m },
    recoveryDieCalculator: RecoveryDieCalculator { recoveryDieTable: [36m[Array][39m }
  },
  defenseManager: DefenseManager {},
  resourceManager: ResourceManager {
    healthManager: HealthManager { maxValue: [33m10[39m, currentValue: [33m10[39m },
    focusManager: FocusManager { maxValue: [33m2[39m, currentValue: [33m2[39m },
    investitureManager: InvestitureManager {
      maxValue: [33m0[39m,
      currentValue: [33m0[39m,
      isInvestitureActive: [33mfalse[39m
    }
  },
  bonusManager: BonusManager {
    bonusModule: BonusModule { activeEffects: Map(0) {} },
    advantageModule: AdvantageModule {
      advantageSources: Set(0) {},
      disadvantageSources: Set(0) {}
    },
    unlockedTalents: Set(0) {},
    activeForm: [90mundefined[39m,
    prerequisiteChecker: TalentPrerequisiteChecker {
      character: [36m[Circular *1][39m,
      unlockedTalents: Set(0) {}
    },
    character: [36m[Circular *1][39m
  },
  radiantPathManager: RadiantPathManager {
    boundOrder: [1mnull[22m,
    idealSpoken: [33mfalse[39m,
    surgePair: [1mnull[22m,
    sprenType: [1mnull[22m
  },
  inventoryManager: InventoryManager {
    items: Map(0) {},
    equippedItems: Map(0) {},
    currencyInChips: [33m0[39m,
    bonusManager: BonusManager {
      bonusModule: [36m[BonusModule][39m,
      advantageModule: [36m[AdvantageModule][39m,
      unlockedTalents: Set(0) {},
      activeForm: [90mundefined[39m,
      prerequisiteChecker: [36m[TalentPrerequisiteChecker][39m,
      character: [36m[Circular *1][39m
    },
    character: [36m[Circular *1][39m
  },
  craftingManager: CraftingManager {
    recipes: Map(5) {
      [32m'craft-iron-sword'[39m => [36m[Object][39m,
      [32m'craft-steel-sword'[39m => [36m[Object][39m,
      [32m'craft-leather-armor'[39m => [36m[Object][39m,
      [32m'craft-heating-fabrial'[39m => [36m[Object][39m,
      [32m'craft-health-potion'[39m => [36m[Object][39m
    },
    character: [36m[Circular *1][39m
  },
  expertiseCache: [1mnull[22m
}
[AttributeAllocator] characterId: char-123
[AttributeAllocator] isLevelUpMode: [33mfalse[39m
[AttributeAllocator] Character creation mode - fetching slice from API
[AttributeAllocator] fetchAttributeSlice called with ID: char-123
[AttributeAllocator] Attribute slice received: {
  id: [32m'char-123'[39m,
  level: [33m1[39m,
  attributes: {
    strength: [33m10[39m,
    speed: [33m10[39m,
    awareness: [33m10[39m,
    intellect: [33m10[39m,
    willpower: [33m10[39m,
    presence: [33m10[39m
  },
  pointsForLevel: [33m12[39m,
  success: [33mtrue[39m
}

[90mstdout[2m | src/app/components/attribute-allocator/attribute-allocator.spec.ts[2m > [22m[2mAttributeAllocator - Fresh Backend Data on Route Change[2m > [22m[2mshould reset sliceFetched flag when route params indicate new level-up session
[22m[39m[AttributeAllocator] ngOnInit - params: { levelUp: [32m'true'[39m }
[AttributeAllocator] character: [36m<ref *1>[39m Character {
  id: [32m'char-123'[39m,
  name: [32m'Test Hero'[39m,
  level: [33m1[39m,
  pendingLevelPoints: [33m0[39m,
  paths: [],
  ancestry: [1mnull[22m,
  attributes: Attributes {
    strength: [33m10[39m,
    speed: [33m10[39m,
    intellect: [33m10[39m,
    willpower: [33m10[39m,
    awareness: [33m10[39m,
    presence: [33m10[39m
  },
  cultures: [],
  _selectedExpertises: [],
  unlockedTalents: Set(0) {},
  baselineUnlockedTalents: [90mundefined[39m,
  unlockedSingerForms: [],
  activeForm: [90mundefined[39m,
  skillManager: SkillManager {
    skillRanks: {
      AGILITY: [33m0[39m,
      ATHLETICS: [33m0[39m,
      HEAVY_WEAPONRY: [33m0[39m,
      LIGHT_WEAPONRY: [33m0[39m,
      STEALTH: [33m0[39m,
      THIEVERY: [33m0[39m,
      CRAFTING: [33m0[39m,
      DEDUCTION: [33m0[39m,
      DISCIPLINE: [33m0[39m,
      INTIMIDATION: [33m0[39m,
      LORE: [33m0[39m,
      MEDICINE: [33m0[39m,
      DECEPTION: [33m0[39m,
      INSIGHT: [33m0[39m,
      LEADERSHIP: [33m0[39m,
      PERCEPTION: [33m0[39m,
      PERSUASION: [33m0[39m,
      SURVIVAL: [33m0[39m,
      ADHESION: [33m0[39m,
      GRAVITATION: [33m0[39m,
      DIVISION: [33m0[39m,
      ABRASION: [33m0[39m,
      PROGRESSION: [33m0[39m,
      ILLUMINATION: [33m0[39m,
      TRANSFORMATION: [33m0[39m,
      TRANSPORTATION: [33m0[39m,
      COHESION: [33m0[39m,
      TENSION: [33m0[39m
    },
    skillAssociationTable: SkillAssociationTable { skillAssociationTable: [36m[Object][39m }
  },
  derivedAttributesManager: DerivedAttributesManager {
    sensesRangeCalculator: SensesRangeCalculator { sensesRangeTable: [36m[Array][39m },
    liftingAndCarryingCalculator: LiftingAndCarryingCalculator {
      liftingCapacityTable: [36m[Array][39m,
      carryingCapacityTable: [36m[Array][39m
    },
    movementRateCalculator: MovementRateCalculator { movementSpeedTable: [36m[Array][39m },
    recoveryDieCalculator: RecoveryDieCalculator { recoveryDieTable: [36m[Array][39m }
  },
  defenseManager: DefenseManager {},
  resourceManager: ResourceManager {
    healthManager: HealthManager { maxValue: [33m10[39m, currentValue: [33m10[39m },
    focusManager: FocusManager { maxValue: [33m2[39m, currentValue: [33m2[39m },
    investitureManager: InvestitureManager {
      maxValue: [33m0[39m,
      currentValue: [33m0[39m,
      isInvestitureActive: [33mfalse[39m
    }
  },
  bonusManager: BonusManager {
    bonusModule: BonusModule { activeEffects: Map(0) {} },
    advantageModule: AdvantageModule {
      advantageSources: Set(0) {},
      disadvantageSources: Set(0) {}
    },
    unlockedTalents: Set(0) {},
    activeForm: [90mundefined[39m,
    prerequisiteChecker: TalentPrerequisiteChecker {
      character: [36m[Circular *1][39m,
      unlockedTalents: Set(0) {}
    },
    character: [36m[Circular *1][39m
  },
  radiantPathManager: RadiantPathManager {
    boundOrder: [1mnull[22m,
    idealSpoken: [33mfalse[39m,
    surgePair: [1mnull[22m,
    sprenType: [1mnull[22m
  },
  inventoryManager: InventoryManager {
    items: Map(0) {},
    equippedItems: Map(0) {},
    currencyInChips: [33m0[39m,
    bonusManager: BonusManager {
      bonusModule: [36m[BonusModule][39m,
      advantageModule: [36m[AdvantageModule][39m,
      unlockedTalents: Set(0) {},
      activeForm: [90mundefined[39m,
      prerequisiteChecker: [36m[TalentPrerequisiteChecker][39m,
      character: [36m[Circular *1][39m
    },
    character: [36m[Circular *1][39m
  },
  craftingManager: CraftingManager {
    recipes: Map(5) {
      [32m'craft-iron-sword'[39m => [36m[Object][39m,
      [32m'craft-steel-sword'[39m => [36m[Object][39m,
      [32m'craft-leather-armor'[39m => [36m[Object][39m,
      [32m'craft-heating-fabrial'[39m => [36m[Object][39m,
      [32m'craft-health-potion'[39m => [36m[Object][39m
    },
    character: [36m[Circular *1][39m
  },
  expertiseCache: [1mnull[22m
}
[AttributeAllocator] characterId: char-123
[AttributeAllocator] isLevelUpMode: [33mtrue[39m
[AttributeAllocator] Fetching attribute slice for character: char-123
[AttributeAllocator] fetchAttributeSlice called with ID: char-123
[AttributeAllocator] Attribute slice received: {
  id: [32m'char-123'[39m,
  level: [33m1[39m,
  attributes: {
    strength: [33m10[39m,
    speed: [33m10[39m,
    awareness: [33m10[39m,
    intellect: [33m10[39m,
    willpower: [33m10[39m,
    presence: [33m10[39m
  },
  pointsForLevel: [33m12[39m,
  success: [33mtrue[39m
}

[90mstdout[2m | src/app/components/attribute-allocator/attribute-allocator.spec.ts[2m > [22m[2mAttributeAllocator - Fresh Backend Data on Route Change[2m > [22m[2mshould set baseline values correctly for level-up mode to calculate remaining points
[22m[39m[AttributeAllocator] ngOnInit - params: { levelUp: [32m'true'[39m }
[AttributeAllocator] character: [36m<ref *1>[39m Character {
  id: [32m'char-123'[39m,
  name: [32m'Test Hero'[39m,
  level: [33m2[39m,
  pendingLevelPoints: [33m0[39m,
  paths: [],
  ancestry: [1mnull[22m,
  attributes: Attributes {
    strength: [33m11[39m,
    speed: [33m10[39m,
    intellect: [33m10[39m,
    willpower: [33m10[39m,
    awareness: [33m10[39m,
    presence: [33m10[39m
  },
  cultures: [],
  _selectedExpertises: [],
  unlockedTalents: Set(0) {},
  baselineUnlockedTalents: [90mundefined[39m,
  unlockedSingerForms: [],
  activeForm: [90mundefined[39m,
  skillManager: SkillManager {
    skillRanks: {
      AGILITY: [33m0[39m,
      ATHLETICS: [33m0[39m,
      HEAVY_WEAPONRY: [33m0[39m,
      LIGHT_WEAPONRY: [33m0[39m,
      STEALTH: [33m0[39m,
      THIEVERY: [33m0[39m,
      CRAFTING: [33m0[39m,
      DEDUCTION: [33m0[39m,
      DISCIPLINE: [33m0[39m,
      INTIMIDATION: [33m0[39m,
      LORE: [33m0[39m,
      MEDICINE: [33m0[39m,
      DECEPTION: [33m0[39m,
      INSIGHT: [33m0[39m,
      LEADERSHIP: [33m0[39m,
      PERCEPTION: [33m0[39m,
      PERSUASION: [33m0[39m,
      SURVIVAL: [33m0[39m,
      ADHESION: [33m0[39m,
      GRAVITATION: [33m0[39m,
      DIVISION: [33m0[39m,
      ABRASION: [33m0[39m,
      PROGRESSION: [33m0[39m,
      ILLUMINATION: [33m0[39m,
      TRANSFORMATION: [33m0[39m,
      TRANSPORTATION: [33m0[39m,
      COHESION: [33m0[39m,
      TENSION: [33m0[39m
    },
    skillAssociationTable: SkillAssociationTable { skillAssociationTable: [36m[Object][39m }
  },
  derivedAttributesManager: DerivedAttributesManager {
    sensesRangeCalculator: SensesRangeCalculator { sensesRangeTable: [36m[Array][39m },
    liftingAndCarryingCalculator: LiftingAndCarryingCalculator {
      liftingCapacityTable: [36m[Array][39m,
      carryingCapacityTable: [36m[Array][39m
    },
    movementRateCalculator: MovementRateCalculator { movementSpeedTable: [36m[Array][39m },
    recoveryDieCalculator: RecoveryDieCalculator { recoveryDieTable: [36m[Array][39m }
  },
  defenseManager: DefenseManager {},
  resourceManager: ResourceManager {
    healthManager: HealthManager { maxValue: [33m10[39m, currentValue: [33m10[39m },
    focusManager: FocusManager { maxValue: [33m2[39m, currentValue: [33m2[39m },
    investitureManager: InvestitureManager {
      maxValue: [33m0[39m,
      currentValue: [33m0[39m,
      isInvestitureActive: [33mfalse[39m
    }
  },
  bonusManager: BonusManager {
    bonusModule: BonusModule { activeEffects: Map(0) {} },
    advantageModule: AdvantageModule {
      advantageSources: Set(0) {},
      disadvantageSources: Set(0) {}
    },
    unlockedTalents: Set(0) {},
    activeForm: [90mundefined[39m,
    prerequisiteChecker: TalentPrerequisiteChecker {
      character: [36m[Circular *1][39m,
      unlockedTalents: Set(0) {}
    },
    character: [36m[Circular *1][39m
  },
  radiantPathManager: RadiantPathManager {
    boundOrder: [1mnull[22m,
    idealSpoken: [33mfalse[39m,
    surgePair: [1mnull[22m,
    sprenType: [1mnull[22m
  },
  inventoryManager: InventoryManager {
    items: Map(0) {},
    equippedItems: Map(0) {},
    currencyInChips: [33m0[39m,
    bonusManager: BonusManager {
      bonusModule: [36m[BonusModule][39m,
      advantageModule: [36m[AdvantageModule][39m,
      unlockedTalents: Set(0) {},
      activeForm: [90mundefined[39m,
      prerequisiteChecker: [36m[TalentPrerequisiteChecker][39m,
      character: [36m[Circular *1][39m
    },
    character: [36m[Circular *1][39m
  },
  craftingManager: CraftingManager {
    recipes: Map(5) {
      [32m'craft-iron-sword'[39m => [36m[Object][39m,
      [32m'craft-steel-sword'[39m => [36m[Object][39m,
      [32m'craft-leather-armor'[39m => [36m[Object][39m,
      [32m'craft-heating-fabrial'[39m => [36m[Object][39m,
      [32m'craft-health-potion'[39m => [36m[Object][39m
    },
    character: [36m[Circular *1][39m
  },
  expertiseCache: [1mnull[22m
}
[AttributeAllocator] characterId: char-123
[AttributeAllocator] isLevelUpMode: [33mtrue[39m
[AttributeAllocator] Fetching attribute slice for character: char-123
[AttributeAllocator] fetchAttributeSlice called with ID: char-123
[AttributeAllocator] Attribute slice received: {
  id: [32m'char-123'[39m,
  level: [33m2[39m,
  attributes: {
    strength: [33m11[39m,
    speed: [33m10[39m,
    awareness: [33m10[39m,
    intellect: [33m10[39m,
    willpower: [33m10[39m,
    presence: [33m10[39m
  },
  pointsForLevel: [33m12[39m,
  success: [33mtrue[39m
}

[90mstdout[2m | src/app/components/attribute-allocator/attribute-allocator.spec.ts[2m > [22m[2mAttributeAllocator - Fresh Backend Data on Route Change[2m > [22m[2mshould fetch attribute slice in creation mode and sync mapped attributes to state service
[22m[39m[AttributeAllocator] ngOnInit - params: { levelUp: [32m'false'[39m }
[AttributeAllocator] character: [36m<ref *1>[39m Character {
  id: [32m'char-123'[39m,
  name: [32m'Test Hero'[39m,
  level: [33m1[39m,
  pendingLevelPoints: [33m0[39m,
  paths: [],
  ancestry: [1mnull[22m,
  attributes: Attributes {
    strength: [33m0[39m,
    speed: [33m0[39m,
    intellect: [33m0[39m,
    willpower: [33m0[39m,
    awareness: [33m0[39m,
    presence: [33m0[39m
  },
  cultures: [],
  _selectedExpertises: [],
  unlockedTalents: Set(0) {},
  baselineUnlockedTalents: [90mundefined[39m,
  unlockedSingerForms: [],
  activeForm: [90mundefined[39m,
  skillManager: SkillManager {
    skillRanks: {
      AGILITY: [33m0[39m,
      ATHLETICS: [33m0[39m,
      HEAVY_WEAPONRY: [33m0[39m,
      LIGHT_WEAPONRY: [33m0[39m,
      STEALTH: [33m0[39m,
      THIEVERY: [33m0[39m,
      CRAFTING: [33m0[39m,
      DEDUCTION: [33m0[39m,
      DISCIPLINE: [33m0[39m,
      INTIMIDATION: [33m0[39m,
      LORE: [33m0[39m,
      MEDICINE: [33m0[39m,
      DECEPTION: [33m0[39m,
      INSIGHT: [33m0[39m,
      LEADERSHIP: [33m0[39m,
      PERCEPTION: [33m0[39m,
      PERSUASION: [33m0[39m,
      SURVIVAL: [33m0[39m,
      ADHESION: [33m0[39m,
      GRAVITATION: [33m0[39m,
      DIVISION: [33m0[39m,
      ABRASION: [33m0[39m,
      PROGRESSION: [33m0[39m,
      ILLUMINATION: [33m0[39m,
      TRANSFORMATION: [33m0[39m,
      TRANSPORTATION: [33m0[39m,
      COHESION: [33m0[39m,
      TENSION: [33m0[39m
    },
    skillAssociationTable: SkillAssociationTable { skillAssociationTable: [36m[Object][39m }
  },
  derivedAttributesManager: DerivedAttributesManager {
    sensesRangeCalculator: SensesRangeCalculator { sensesRangeTable: [36m[Array][39m },
    liftingAndCarryingCalculator: LiftingAndCarryingCalculator {
      liftingCapacityTable: [36m[Array][39m,
      carryingCapacityTable: [36m[Array][39m
    },
    movementRateCalculator: MovementRateCalculator { movementSpeedTable: [36m[Array][39m },
    recoveryDieCalculator: RecoveryDieCalculator { recoveryDieTable: [36m[Array][39m }
  },
  defenseManager: DefenseManager {},
  resourceManager: ResourceManager {
    healthManager: HealthManager { maxValue: [33m10[39m, currentValue: [33m10[39m },
    focusManager: FocusManager { maxValue: [33m2[39m, currentValue: [33m2[39m },
    investitureManager: InvestitureManager {
      maxValue: [33m0[39m,
      currentValue: [33m0[39m,
      isInvestitureActive: [33mfalse[39m
    }
  },
  bonusManager: BonusManager {
    bonusModule: BonusModule { activeEffects: Map(0) {} },
    advantageModule: AdvantageModule {
      advantageSources: Set(0) {},
      disadvantageSources: Set(0) {}
    },
    unlockedTalents: Set(0) {},
    activeForm: [90mundefined[39m,
    prerequisiteChecker: TalentPrerequisiteChecker {
      character: [36m[Circular *1][39m,
      unlockedTalents: Set(0) {}
    },
    character: [36m[Circular *1][39m
  },
  radiantPathManager: RadiantPathManager {
    boundOrder: [1mnull[22m,
    idealSpoken: [33mfalse[39m,
    surgePair: [1mnull[22m,
    sprenType: [1mnull[22m
  },
  inventoryManager: InventoryManager {
    items: Map(0) {},
    equippedItems: Map(0) {},
    currencyInChips: [33m0[39m,
    bonusManager: BonusManager {
      bonusModule: [36m[BonusModule][39m,
      advantageModule: [36m[AdvantageModule][39m,
      unlockedTalents: Set(0) {},
      activeForm: [90mundefined[39m,
      prerequisiteChecker: [36m[TalentPrerequisiteChecker][39m,
      character: [36m[Circular *1][39m
    },
    character: [36m[Circular *1][39m
  },
  craftingManager: CraftingManager {
    recipes: Map(5) {
      [32m'craft-iron-sword'[39m => [36m[Object][39m,
      [32m'craft-steel-sword'[39m => [36m[Object][39m,
      [32m'craft-leather-armor'[39m => [36m[Object][39m,
      [32m'craft-heating-fabrial'[39m => [36m[Object][39m,
      [32m'craft-health-potion'[39m => [36m[Object][39m
    },
    character: [36m[Circular *1][39m
  },
  expertiseCache: [1mnull[22m
}
[AttributeAllocator] characterId: char-123
[AttributeAllocator] isLevelUpMode: [33mfalse[39m
[AttributeAllocator] Character creation mode - fetching slice from API
[AttributeAllocator] fetchAttributeSlice called with ID: char-123
[AttributeAllocator] Attribute slice received: {
  id: [32m'char-123'[39m,
  level: [33m1[39m,
  attributes: {
    strength: [33m9[39m,
    speed: [33m8[39m,
    awareness: [33m7[39m,
    intellect: [33m6[39m,
    willpower: [33m5[39m,
    presence: [33m4[39m
  },
  pointsForLevel: [33m12[39m,
  success: [33mtrue[39m
}

[90mstdout[2m | src/app/components/attribute-allocator/attribute-allocator.spec.ts[2m > [22m[2mAttributeAllocator - Fresh Backend Data on Route Change[2m > [22m[2mshould persist attributes to API when persistStep is invoked
[22m[39m[AttributeAllocator] ngOnInit - params: { levelUp: [32m'false'[39m }
[AttributeAllocator] character: [36m<ref *1>[39m Character {
  id: [32m'char-999'[39m,
  name: [32m'Persist Hero'[39m,
  level: [33m1[39m,
  pendingLevelPoints: [33m0[39m,
  paths: [],
  ancestry: [1mnull[22m,
  attributes: Attributes {
    strength: [33m12[39m,
    speed: [33m10[39m,
    intellect: [33m7[39m,
    willpower: [33m6[39m,
    awareness: [33m8[39m,
    presence: [33m5[39m
  },
  cultures: [],
  _selectedExpertises: [],
  unlockedTalents: Set(0) {},
  baselineUnlockedTalents: [90mundefined[39m,
  unlockedSingerForms: [],
  activeForm: [90mundefined[39m,
  skillManager: SkillManager {
    skillRanks: {
      AGILITY: [33m0[39m,
      ATHLETICS: [33m0[39m,
      HEAVY_WEAPONRY: [33m0[39m,
      LIGHT_WEAPONRY: [33m0[39m,
      STEALTH: [33m0[39m,
      THIEVERY: [33m0[39m,
      CRAFTING: [33m0[39m,
      DEDUCTION: [33m0[39m,
      DISCIPLINE: [33m0[39m,
      INTIMIDATION: [33m0[39m,
      LORE: [33m0[39m,
      MEDICINE: [33m0[39m,
      DECEPTION: [33m0[39m,
      INSIGHT: [33m0[39m,
      LEADERSHIP: [33m0[39m,
      PERCEPTION: [33m0[39m,
      PERSUASION: [33m0[39m,
      SURVIVAL: [33m0[39m,
      ADHESION: [33m0[39m,
      GRAVITATION: [33m0[39m,
      DIVISION: [33m0[39m,
      ABRASION: [33m0[39m,
      PROGRESSION: [33m0[39m,
      ILLUMINATION: [33m0[39m,
      TRANSFORMATION: [33m0[39m,
      TRANSPORTATION: [33m0[39m,
      COHESION: [33m0[39m,
      TENSION: [33m0[39m
    },
    skillAssociationTable: SkillAssociationTable { skillAssociationTable: [36m[Object][39m }
  },
  derivedAttributesManager: DerivedAttributesManager {
    sensesRangeCalculator: SensesRangeCalculator { sensesRangeTable: [36m[Array][39m },
    liftingAndCarryingCalculator: LiftingAndCarryingCalculator {
      liftingCapacityTable: [36m[Array][39m,
      carryingCapacityTable: [36m[Array][39m
    },
    movementRateCalculator: MovementRateCalculator { movementSpeedTable: [36m[Array][39m },
    recoveryDieCalculator: RecoveryDieCalculator { recoveryDieTable: [36m[Array][39m }
  },
  defenseManager: DefenseManager {},
  resourceManager: ResourceManager {
    healthManager: HealthManager { maxValue: [33m10[39m, currentValue: [33m10[39m },
    focusManager: FocusManager { maxValue: [33m2[39m, currentValue: [33m2[39m },
    investitureManager: InvestitureManager {
      maxValue: [33m0[39m,
      currentValue: [33m0[39m,
      isInvestitureActive: [33mfalse[39m
    }
  },
  bonusManager: BonusManager {
    bonusModule: BonusModule { activeEffects: Map(0) {} },
    advantageModule: AdvantageModule {
      advantageSources: Set(0) {},
      disadvantageSources: Set(0) {}
    },
    unlockedTalents: Set(0) {},
    activeForm: [90mundefined[39m,
    prerequisiteChecker: TalentPrerequisiteChecker {
      character: [36m[Circular *1][39m,
      unlockedTalents: Set(0) {}
    },
    character: [36m[Circular *1][39m
  },
  radiantPathManager: RadiantPathManager {
    boundOrder: [1mnull[22m,
    idealSpoken: [33mfalse[39m,
    surgePair: [1mnull[22m,
    sprenType: [1mnull[22m
  },
  inventoryManager: InventoryManager {
    items: Map(0) {},
    equippedItems: Map(0) {},
    currencyInChips: [33m0[39m,
    bonusManager: BonusManager {
      bonusModule: [36m[BonusModule][39m,
      advantageModule: [36m[AdvantageModule][39m,
      unlockedTalents: Set(0) {},
      activeForm: [90mundefined[39m,
      prerequisiteChecker: [36m[TalentPrerequisiteChecker][39m,
      character: [36m[Circular *1][39m
    },
    character: [36m[Circular *1][39m
  },
  craftingManager: CraftingManager {
    recipes: Map(5) {
      [32m'craft-iron-sword'[39m => [36m[Object][39m,
      [32m'craft-steel-sword'[39m => [36m[Object][39m,
      [32m'craft-leather-armor'[39m => [36m[Object][39m,
      [32m'craft-heating-fabrial'[39m => [36m[Object][39m,
      [32m'craft-health-potion'[39m => [36m[Object][39m
    },
    character: [36m[Circular *1][39m
  },
  expertiseCache: [1mnull[22m
}
[AttributeAllocator] characterId: char-999
[AttributeAllocator] isLevelUpMode: [33mfalse[39m
[AttributeAllocator] Character creation mode - fetching slice from API
[AttributeAllocator] fetchAttributeSlice called with ID: char-999
[AttributeAllocator] Attribute slice received: {
  id: [32m'char-999'[39m,
  level: [33m1[39m,
  attributes: {
    strength: [33m12[39m,
    speed: [33m10[39m,
    awareness: [33m8[39m,
    intellect: [33m7[39m,
    willpower: [33m6[39m,
    presence: [33m5[39m
  },
  pointsForLevel: [33m12[39m,
  success: [33mtrue[39m
}

 [32mΓ£ô[39m [30m[46m project-sanderson [49m[39m src/app/components/attribute-allocator/attribute-allocator.spec.ts [2m([22m[2m5 tests[22m[2m)[22m[32m 129[2mms[22m[39m
[90mstdout[2m | src/app/components/skill-manager/skill-manager.spec.ts[2m > [22m[2mSkillManager - Fresh Backend Data on Route Change[2m > [22m[2mshould reset isFetchingSlice flag when route params indicate new level-up session
[22m[39m[SkillManager] Character creation mode - fetching slice from API

 [32mΓ£ô[39m [30m[46m project-sanderson [49m[39m src/app/views/combat-panel/combat-panel.component.spec.ts [2m([22m[2m13 tests[22m[2m)[22m[33m 752[2mms[22m[39m
[90mstderr[2m | src/app/components/character-name/character-name.spec.ts[2m > [22m[2mCharacterName[2m > [22m[2mshould create
[22m[39m[CharacterName] No character ID found; cannot load name from API

 [32mΓ£ô[39m [30m[46m project-sanderson [49m[39m src/app/components/character-name/character-name.spec.ts [2m([22m[2m1 test[22m[2m)[22m[32m 246[2mms[22m[39m
[90mstdout[2m | Object.next (D:\gitrepos\project_sanderson\src\app\services\character-storage.service.ts:49:19)
[22m[39mBackend server detected, using API

 [32mΓ£ô[39m [30m[46m project-sanderson [49m[39m src/app/components/skill-manager/skill-manager.spec.ts [2m([22m[2m3 tests[22m[2m)[22m[32m 187[2mms[22m[39m
[90mstdout[2m | src/app/views/character-list-view/character-list-view.spec.ts[2m > [22m[2mCharacterListView[2m > [22m[2mshould create
[22m[39m[Character List] Loading characters...

[90mstdout[2m | src/app/views/character-list-view/character-list-view.spec.ts[2m > [22m[2mCharacterListView[2m > [22m[2mshould create
[22m[39mBackend server detected, using API

 [32mΓ£ô[39m [30m[46m project-sanderson [49m[39m src/app/views/store-view/store-view.spec.ts [2m([22m[2m17 tests[22m[2m)[22m[32m 53[2mms[22m[39m
 [32mΓ£ô[39m [30m[46m project-sanderson [49m[39m src/app/components/shared/skill-roller/skill-roller.spec.ts [2m([22m[2m20 tests[22m[2m)[22m[33m 3187[2mms[22m[39m
     [33m[2mΓ£ô[22m[39m should create [33m 727[2mms[22m[39m
[90mstderr[2m | src/app/components/path-selector/path-selector.spec.ts[2m > [22m[2mPathSelector[2m > [22m[2mshould create
[22m[39m[PathSelector] No character ID found; cannot load from API

 [32mΓ£ô[39m [30m[46m project-sanderson [49m[39m src/app/components/path-selector/path-selector.spec.ts [2m([22m[2m1 test[22m[2m)[22m[32m 70[2mms[22m[39m
[90mstdout[2m | Object.next (D:\gitrepos\project_sanderson\src\app\services\character-storage.service.ts:49:19)
[22m[39mBackend server detected, using API

[90mstdout[2m | src/app/views/character-list-view/character-list-view.spec.ts[2m > [22m[2mCharacterListView[2m > [22m[2mshould create
[22m[39m[Character List] Loaded characters: [33m10[39m
[Character List] Load complete

 [32mΓ£ô[39m [30m[46m project-sanderson [49m[39m src/app/views/character-list-view/character-list-view.spec.ts [2m([22m[2m1 test[22m[2m)[22m[32m 221[2mms[22m[39m
 [32mΓ£ô[39m [30m[46m project-sanderson [49m[39m src/app/components/shared/character-defenses-card/character-defenses-card.spec.ts [2m([22m[2m8 tests[22m[2m)[22m[32m 45[2mms[22m[39m
 [32mΓ£ô[39m [30m[46m project-sanderson [49m[39m src/app/views/sidenav-view/sidenav-view.spec.ts [2m([22m[2m1 test[22m[2m)[22m[32m 61[2mms[22m[39m
[90mstderr[2m | src/app/services/websocket-grants.service.spec.ts[2m > [22m[2mWebsocketService - Grant Acknowledgments[2m > [22m[2mLevel Up 
Acknowledgment[2m > [22m[2mshould not throw when socket is not connected
[22m[39m[WebSocket] Cannot ack level up: not connected

[90mstderr[2m | src/app/services/websocket-grants.service.spec.ts[2m > [22m[2mWebsocketService - Grant Acknowledgments[2m > [22m[2mSpren 
Grant[2m > [22m[2mshould not throw when acknowledging spren grant without connection
[22m[39m[WebSocket] Cannot ack spren grant: not connected

[90mstderr[2m | src/app/services/websocket-grants.service.spec.ts[2m > [22m[2mWebsocketService - Grant Acknowledgments[2m > [22m[2mExpertise 
Grant[2m > [22m[2mshould not throw when acknowledging expertise grant without connection
[22m[39m[WebSocket] Cannot ack expertise grant: not connected

[90mstderr[2m | src/app/services/websocket-grants.service.spec.ts[2m > [22m[2mWebsocketService - Grant Acknowledgments[2m > [22m[2mItem Grant[2m 
> [22m[2mshould not throw when acknowledging item grant without connection
[22m[39m[WebSocket] Cannot ack item grant: not connected

 [32mΓ£ô[39m [30m[46m project-sanderson [49m[39m src/app/components/resource-tracker/resource-tracker.spec.ts [2m([22m[2m1 test[22m[2m)[22m[32m 33[2mms[22m[39m
 [32mΓ£ô[39m [30m[46m project-sanderson [49m[39m src/app/services/websocket-grants.service.spec.ts [2m([22m[2m18 tests[22m[2m)[22m[32m 31[2mms[22m[39m
 [32mΓ£ô[39m [30m[46m project-sanderson [49m[39m src/app/services/combat.service.spec.ts [2m([22m[2m21 tests[22m[2m)[22m[32m 37[2mms[22m[39m
 [32mΓ£ô[39m [30m[46m project-sanderson [49m[39m src/app/services/character-state.service.spec.ts [2m([22m[2m28 tests[22m[2m)[22m[32m 31[2mms[22m[39m
[90mstdout[2m | src/app/components/skill-selector/skill-selector.spec.ts[2m > [22m[2mSkillSelector[2m > [22m[2mshould create
[22m[39m[SkillManager] Character creation mode - fetching slice from API

 [32mΓ£ô[39m [30m[46m project-sanderson [49m[39m src/app/components/skill-selector/skill-selector.spec.ts [2m([22m[2m1 test[22m[2m)[22m[32m 14[2mms[22m[39m
 [32mΓ£ô[39m [30m[46m project-sanderson [49m[39m src/app/views/logs-view/logs-view.spec.ts [2m([22m[2m2 tests[22m[2m)[22m[32m 53[2mms[22m[39m
[90mstdout[2m | src/app/views/gm-dashboard-view/gm-dashboard-store.spec.ts[2m > [22m[2mGmDashboardView - Store Toggle[2m > [22m[2mshould toggle store state when toggleStore is called
[22m[39m[GM Dashboard] Toggling store main-store from true to false
[GM Dashboard] Store main-store closed
[GM Dashboard] Toggling store main-store from false to true
[GM Dashboard] Store main-store opened

[90mstdout[2m | src/app/views/gm-dashboard-view/gm-dashboard-store.spec.ts[2m > [22m[2mGmDashboardView - Store Toggle[2m > [22m[2mshould only toggle the specific store, not others
[22m[39m[GM Dashboard] Toggling store weapons-shop from true to false
[GM Dashboard] Store weapons-shop closed

[90mstdout[2m | src/app/views/gm-dashboard-view/gm-dashboard-store.spec.ts[2m > [22m[2mGmDashboardView - Store Toggle[2m > [22m[2mshould update state when receiving store toggle events
[22m[39m[GM Dashboard] ≡ƒÅ¬ Store toggle event received: { storeId: [32m'armor-shop'[39m, enabled: [33mfalse[39m, toggledBy: [32m'GM'[39m }

[90mstdout[2m | src/app/views/gm-dashboard-view/gm-dashboard-store.spec.ts[2m > [22m[2mGmDashboardView - Store Toggle[2m > [22m[2mshould call websocket service with correct parameters
[22m[39m[GM Dashboard] Toggling store weapons-shop from true to false
[GM Dashboard] Store weapons-shop closed

[90mstdout[2m | src/app/views/gm-dashboard-view/gm-dashboard-store.spec.ts[2m > [22m[2mGmDashboardView - Store Toggle[2m > [22m[2mshould handle toggling from false to true
[22m[39m[GM Dashboard] Toggling store main-store from false to true
[GM Dashboard] Store main-store opened

[90mstdout[2m | src/app/views/gm-dashboard-view/gm-dashboard-store.spec.ts[2m > [22m[2mGmDashboardView - Store Toggle[2m > [22m[2mshould sync state when receiving toggle events from server
[22m[39m[GM Dashboard] ≡ƒÅ¬ Store toggle event received: { storeId: [32m'main-store'[39m, enabled: [33mfalse[39m, toggledBy: [32m'GM'[39m }

[90mstdout[2m | src/app/views/gm-dashboard-view/gm-dashboard-store.spec.ts[2m > [22m[2mGmDashboardView - Store Toggle[2m > [22m[2mshould handle multiple rapid toggles
[22m[39m[GM Dashboard] Toggling store main-store from true to false
[GM Dashboard] Store main-store closed
[GM Dashboard] Toggling store main-store from false to true
[GM Dashboard] Store main-store opened
[GM Dashboard] Toggling store main-store from true to false
[GM Dashboard] Store main-store closed

[90mstdout[2m | src/app/views/gm-dashboard-view/gm-dashboard-store.spec.ts[2m > [22m[2mGmDashboardView - Store Toggle[2m > [22m[2mshould update UI via change detection after toggle event
[22m[39m[GM Dashboard] ≡ƒÅ¬ Store toggle event received: { storeId: [32m'main-store'[39m, enabled: [33mfalse[39m, toggledBy: [32m'GM'[39m }

[90mstdout[2m | src/app/views/gm-dashboard-view/gm-dashboard-store.spec.ts[2m > [22m[2mGmDashboardView - Store Toggle[2m > [22m[2mshould maintain independent state for each store
[22m[39m[GM Dashboard] Toggling store main-store from true to false
[GM Dashboard] Store main-store closed
[GM Dashboard] Toggling store weapons-shop from true to false
[GM Dashboard] Store weapons-shop closed
[GM Dashboard] Toggling store armor-shop from true to false
[GM Dashboard] Store armor-shop closed

[90mstdout[2m | src/app/views/gm-dashboard-view/gm-dashboard-store.spec.ts[2m > [22m[2mGmDashboardView - Store Toggle[2m > [22m[2mshould toggle new store types independently
[22m[39m[GM Dashboard] Toggling store equipment-shop from true to false
[GM Dashboard] Store equipment-shop closed
[GM Dashboard] Toggling store consumables-shop from true to false
[GM Dashboard] Store consumables-shop closed

[90mstdout[2m | src/app/views/gm-dashboard-view/gm-dashboard-store.spec.ts[2m > [22m[2mGmDashboardView - Store Toggle[2m > [22m[2mshould toggle fabrials and mounts shops
[22m[39m[GM Dashboard] Toggling store fabrials-shop from true to false
[GM Dashboard] Store fabrials-shop closed
[GM Dashboard] Toggling store mounts-shop from true to false
[GM Dashboard] Store mounts-shop closed

 [32mΓ£ô[39m [30m[46m project-sanderson [49m[39m src/app/views/gm-dashboard-view/gm-dashboard-store.spec.ts [2m([22m[2m14 tests[22m[2m)[22m[32m 31[2mms[22m[39m
 [32mΓ£ô[39m [30m[46m project-sanderson [49m[39m src/app/components/value-stepper/value-stepper.spec.ts [2m([22m[2m1 test[22m[2m)[22m[32m 15[2mms[22m[39m
 [32mΓ£ô[39m [30m[46m project-sanderson [49m[39m src/app/views/landing-view/landing-view.spec.ts [2m([22m[2m1 test[22m[2m)[22m[32m 23[2mms[22m[39m
 [32mΓ£ô[39m [30m[46m project-sanderson [49m[39m src/app/character/abilities/universalAbilities.integration.spec.ts [2m([22m[2m14 tests[22m[2m)[22m[32m 6[2mms[22m[39m
[90mstderr[2m | src/app/character/talents/talentEffectParser.spec.ts[2m > [22m[2mTalentEffectParser[2m > [22m[2mparseExpertiseGrantsFromTalent - 
Structured Data Migration[2m > [22m[2mshould fallback to text parsing when no structured data exists
[22m[39m[DEPRECATED] Talent 'legacy_talent' is using text-based expertise grants. Please migrate to structured expertiseGrants field.

 [32mΓ£ô[39m [30m[46m project-sanderson [49m[39m src/app/character/talents/talentEffectParser.spec.ts [2m([22m[2m21 tests[22m[2m)[22m[32m 8[2mms[22m[39m
 [32mΓ£ô[39m [30m[46m project-sanderson [49m[39m src/app/services/websocket-levelup.service.spec.ts [2m([22m[2m4 tests[22m[2m)[22m[32m 8[2mms[22m[39m
 [32mΓ£ô[39m [30m[46m project-sanderson [49m[39m src/app/character/abilities/universalAbilities.spec.ts [2m([22m[2m25 tests[22m[2m)[22m[32m 8[2mms[22m[39m
 [32mΓ£ô[39m [30m[46m project-sanderson [49m[39m src/app/character/talents/talentEffects.spec.ts [2m([22m[2m16 tests[22m[2m)[22m[32m 5[2mms[22m[39m
 [32mΓ£ô[39m [30m[46m project-sanderson [49m[39m src/app/character/character-active-form.spec.ts [2m([22m[2m17 tests[22m[2m)[22m[32m 5[2mms[22m[39m
 [32mΓ£ô[39m [30m[46m project-sanderson [49m[39m src/app/character/character-singer-forms.spec.ts [2m([22m[2m20 tests[22m[2m)[22m[32m 6[2mms[22m[39m
 [32mΓ£ô[39m [30m[46m project-sanderson [49m[39m src/app/character/character-levelup.spec.ts [2m([22m[2m6 tests[22m[2m)[22m[32m 1[2mms[22m[39m
 [32mΓ£ô[39m [30m[46m project-sanderson [49m[39m src/app/character/character-expertise-skill.spec.ts [2m([22m[2m16 tests[22m[2m)[22m[32m 4[2mms[22m[39m
 [32mΓ£ô[39m [30m[46m project-sanderson [49m[39m src/app/character/character-investiture.spec.ts [2m([22m[2m12 tests[22m[2m)[22m[32m 3[2mms[22m[39m
 [32mΓ£ô[39m [30m[46m project-sanderson [49m[39m src/app/character/inventory/traitDefinitions.spec.ts [2m([22m[2m21 tests[22m[2m)[22m[32m 4[2mms[22m[39m
 [32mΓ£ô[39m [30m[46m project-sanderson [49m[39m src/app/character/resources/investitureManager.spec.ts [2m([22m[2m21 tests[22m[2m)[22m[32m 3[2mms[22m[39m
 [32mΓ£ô[39m [30m[46m project-sanderson [49m[39m src/app/services/character-storage.service.spec.ts [2m([22m[2m1 test[22m[2m)[22m[32m 4[2mms[22m[39m
[90mstdout[2m | Object.next (D:\gitrepos\project_sanderson\src\app\services\character-storage.service.ts:49:19)
[22m[39mBackend server detected, using API

 [32mΓ£ô[39m [30m[46m project-sanderson [49m[39m src/app/services/character-creation-flow-service.spec.ts [2m([22m[2m1 test[22m[2m)[22m[32m 2[2mms[22m[39m
 [32mΓ£ô[39m [30m[46m project-sanderson [49m[39m src/app/character/talents/talentTrees/envoy/envoyHeroicPaths.spec.ts [2m([22m[2m3 tests[22m[2m)[22m[32m 1[2mms[22m[39m
 [32mΓ£ô[39m [30m[46m project-sanderson [49m[39m src/app/views/gm-dashboard-view/gm-dashboard-levelup.spec.ts [2m([22m[2m2 tests[22m[2m)[22m[32m 1[2mms[22m[39m
 [32mΓ£ô[39m [30m[46m project-sanderson [49m[39m src/app/views/character-sheet-view/character-sheet-levelup.spec.ts [2m([22m[2m2 tests[22m[2m)[22m[32m 1[2mms[22m[39m
 [32mΓ£ô[39m [30m[46m project-sanderson [49m[39m src/app/app.spec.ts [2m([22m[2m2 tests[22m[2m)[22m[32m 184[2mms[22m[39m
 [32mΓ£ô[39m [30m[46m project-sanderson [49m[39m src/app/components/expertise-selector/expertise-selector.spec.ts [2m([22m[2m37 tests[22m[2m)[22m[33m 3843[2mms[22m[39m
       [33m[2mΓ£ô[22m[39m should subscribe to character state on init [33m 406[2mms[22m[39m

[31mΓÄ»ΓÄ»ΓÄ»ΓÄ»ΓÄ»ΓÄ»[39m[1m[41m Failed Tests 50 [49m[22m[31mΓÄ»ΓÄ»ΓÄ»ΓÄ»ΓÄ»ΓÄ»ΓÄ»[39m

[41m[1m FAIL [22m[49m [30m[46m project-sanderson [49m[39m src/app/character/expertise-item-crafting.integration.spec.ts[2m > 
[22mExpertise-Item-Crafting Integration[2m > [22mComplete Expertise Flow[2m > [22mshould grant culture expertise, unlock crafting recipe, craft 
item, and unlock expert traits
[31m[1mAssertionError[22m: expected +0 to be 10 // Object.is equality[39m

[32m- Expected[39m
[31m+ Received[39m

[32m- 10[39m
[31m+ 0[39m

[36m [2mΓ¥»[22m src/app/character/expertise-item-crafting.integration.spec.ts:[2m35:62[22m[39m
    [90m 33| [39m      character[33m.[39minventory[33m.[39m[34maddItem[39m([32m'leather'[39m[33m,[39m [34m10[39m)[33m;[39m
    [90m 34| [39m      character[33m.[39minventory[33m.[39m[34maddItem[39m([32m'thread'[39m[33m,[39m [34m5[39m)[33m;[39m
    [90m 35| [39m      
[34mexpect[39m(character[33m.[39minventory[33m.[39m[34mgetItemQuantity[39m([32m'leather'[39m))[33m.[39m[34mtoBe[39m([34m10[39m)[33m;[39m
    [90m   | [39m                                                             [31m^[39m
    [90m 36| [39m      
[34mexpect[39m(character[33m.[39minventory[33m.[39m[34mgetItemQuantity[39m([32m'thread'[39m))[33m.[39m[34mtoBe[39m([34m5[39m)[33m;[39m
    [90m 37| [39m

[31m[2mΓÄ»ΓÄ»ΓÄ»ΓÄ»ΓÄ»ΓÄ»ΓÄ»ΓÄ»ΓÄ»ΓÄ»ΓÄ»ΓÄ»ΓÄ»ΓÄ»ΓÄ»ΓÄ»ΓÄ»ΓÄ»ΓÄ»ΓÄ»ΓÄ»ΓÄ»ΓÄ»[1/50]ΓÄ»[22m[39m

[41m[1m FAIL [22m[49m [30m[46m project-sanderson [49m[39m src/app/character/expertise-item-crafting.integration.spec.ts[2m > 
[22mExpertise-Item-Crafting Integration[2m > [22mComplete Expertise Flow[2m > [22mshould prevent crafting without required expertise
[31m[1mAssertionError[22m: expected +0 to be 10 // Object.is equality[39m

[32m- Expected[39m
[31m+ Received[39m

[32m- 10[39m
[31m+ 0[39m

[36m [2mΓ¥»[22m src/app/character/expertise-item-crafting.integration.spec.ts:[2m94:65[22m[39m
    [90m 92| [39m      
    [90m 93| [39m      [90m// Verify materials NOT consumed[39m
    [90m 94| [39m      expect(character.inventory.getItemQuantity('iron-ingot')).toBe(1ΓÇª
    [90m   | [39m                                                                [31m^[39m
    [90m 95| [39m    })[33m;[39m
    [90m 96| [39m

[31m[2mΓÄ»ΓÄ»ΓÄ»ΓÄ»ΓÄ»ΓÄ»ΓÄ»ΓÄ»ΓÄ»ΓÄ»ΓÄ»ΓÄ»ΓÄ»ΓÄ»ΓÄ»ΓÄ»ΓÄ»ΓÄ»ΓÄ»ΓÄ»ΓÄ»ΓÄ»ΓÄ»[2/50]ΓÄ»[22m[39m

[41m[1m FAIL [22m[49m [30m[46m project-sanderson [49m[39m src/app/character/expertise-item-crafting.integration.spec.ts[2m > 
[22mExpertise-Item-Crafting Integration[2m > [22mComplete Expertise Flow[2m > [22mshould unlock expert traits when expertise is granted
[31m[1mAssertionError[22m: expected true to be false // Object.is equality[39m

[32m- Expected[39m
[31m+ Received[39m

[32m- false[39m
[31m+ true[39m

[36m [2mΓ¥»[22m src/app/character/expertise-item-crafting.integration.spec.ts:[2m110:34[22m[39m
    [90m108| [39m      
[34mexpect[39m(character[33m.[39m[34mhasExpertise[39m([32m'Dueling'[39m))[33m.[39m[34mtoBe[39m([35mfalse[39m)[33m;[39m
    [90m109| [39m      const lockedCheck = character.inventory.canUseExpertTraits('ironΓÇª
    [90m110| [39m      [34mexpect[39m(lockedCheck[33m.[39mcanUse)[33m.[39m[34mtoBe[39m([35mfalse[39m)[33m;[39m
    [90m   | [39m                                 [31m^[39m
    [90m111| [39m      [34mexpect[39m(lockedCheck[33m.[39mmissingExpertises)[33m.[39m[34mtoContain[39m([32m'Dueling'[39m)[33m;[39m
    [90m112| [39m

[31m[2mΓÄ»ΓÄ»ΓÄ»ΓÄ»ΓÄ»ΓÄ»ΓÄ»ΓÄ»ΓÄ»ΓÄ»ΓÄ»ΓÄ»ΓÄ»ΓÄ»ΓÄ»ΓÄ»ΓÄ»ΓÄ»ΓÄ»ΓÄ»ΓÄ»ΓÄ»ΓÄ»[3/50]ΓÄ»[22m[39m

[41m[1m FAIL [22m[49m [30m[46m project-sanderson [49m[39m src/app/character/expertise-item-crafting.integration.spec.ts[2m > 
[22mExpertise-Item-Crafting Integration[2m > [22mComplete Expertise Flow[2m > [22mshould verify expert traits require correct weapon expertise
[31m[1mAssertionError[22m: expected true to be false // Object.is equality[39m

[32m- Expected[39m
[31m+ Received[39m

[32m- false[39m
[31m+ true[39m

[36m [2mΓ¥»[22m src/app/character/expertise-item-crafting.integration.spec.ts:[2m182:31[22m[39m
    [90m180| [39m        [90m// Check locked state[39m
    [90m181| [39m        [35mconst[39m locked [33m=[39m character[33m.[39minventory[33m.[39m[34mcanUseExpertTraits[39m(itemId)[33m;[39m
    [90m182| [39m        [34mexpect[39m(locked[33m.[39mcanUse)[33m.[39m[34mtoBe[39m([35mfalse[39m)[33m;[39m
    [90m   | [39m                              [31m^[39m
    [90m183| [39m        [34mexpect[39m(locked[33m.[39mmissingExpertises)[33m.[39m[34mtoContain[39m(expertise)[33m;[39m
    [90m184| [39m
[90m [2mΓ¥»[22m src/app/character/expertise-item-crafting.integration.spec.ts:[2m170:19[22m[39m

[31m[2mΓÄ»ΓÄ»ΓÄ»ΓÄ»ΓÄ»ΓÄ»ΓÄ»ΓÄ»ΓÄ»ΓÄ»ΓÄ»ΓÄ»ΓÄ»ΓÄ»ΓÄ»ΓÄ»ΓÄ»ΓÄ»ΓÄ»ΓÄ»ΓÄ»ΓÄ»ΓÄ»[4/50]ΓÄ»[22m[39m

[41m[1m FAIL [22m[49m [30m[46m project-sanderson [49m[39m src/app/character/expertise-item-crafting.integration.spec.ts[2m > 
[22mExpertise-Item-Crafting Integration[2m > [22mComplete Expertise Flow[2m > [22mshould verify expert traits require correct armor expertise
[31m[1mAssertionError[22m: expected true to be false // Object.is equality[39m

[32m- Expected[39m
[31m+ Received[39m

[32m- false[39m
[31m+ true[39m

[36m [2mΓ¥»[22m src/app/character/expertise-item-crafting.integration.spec.ts:[2m215:29[22m[39m
    [90m213| [39m      
    [90m214| [39m      const locked = character.inventory.canUseExpertTraits('leather-aΓÇª
    [90m215| [39m      [34mexpect[39m(locked[33m.[39mcanUse)[33m.[39m[34mtoBe[39m([35mfalse[39m)[33m;[39m
    [90m   | [39m                            [31m^[39m
    [90m216| [39m      [34mexpect[39m(locked[33m.[39mmissingExpertises)[33m.[39m[34mtoContain[39m([32m'Light Armor'[39m)[33m;[39m
    [90m217| [39m

[31m[2mΓÄ»ΓÄ»ΓÄ»ΓÄ»ΓÄ»ΓÄ»ΓÄ»ΓÄ»ΓÄ»ΓÄ»ΓÄ»ΓÄ»ΓÄ»ΓÄ»ΓÄ»ΓÄ»ΓÄ»ΓÄ»ΓÄ»ΓÄ»ΓÄ»ΓÄ»ΓÄ»[5/50]ΓÄ»[22m[39m

[41m[1m FAIL [22m[49m [30m[46m project-sanderson [49m[39m src/app/character/expertise-item-crafting.integration.spec.ts[2m > 
[22mExpertise-Item-Crafting Integration[2m > [22mCrafting Material Management[2m > [22mshould rollback materials on craft failure
[31m[1mAssertionError[22m: expected false to be true // Object.is equality[39m

[32m- Expected[39m
[31m+ Received[39m

[32m- true[39m
[31m+ false[39m

[36m [2mΓ¥»[22m src/app/character/expertise-item-crafting.integration.spec.ts:[2m247:30[22m[39m
    [90m245| [39m      [90m// Attempt to craft (should succeed)[39m
    [90m246| [39m      [35mconst[39m result [33m=[39m 
character[33m.[39mcrafting[33m.[39m[34mcraftItem[39m([32m'craft-iron-sword'[39m)[33m;[39m
    [90m247| [39m      [34mexpect[39m(result[33m.[39msuccess)[33m.[39m[34mtoBe[39m([35mtrue[39m)[33m;[39m
    [90m   | [39m                             [31m^[39m
    [90m248| [39m      expect(character.inventory.getItemQuantity('iron-ingot')).toBe(0ΓÇª
    [90m249| [39m

[31m[2mΓÄ»ΓÄ»ΓÄ»ΓÄ»ΓÄ»ΓÄ»ΓÄ»ΓÄ»ΓÄ»ΓÄ»ΓÄ»ΓÄ»ΓÄ»ΓÄ»ΓÄ»ΓÄ»ΓÄ»ΓÄ»ΓÄ»ΓÄ»ΓÄ»ΓÄ»ΓÄ»[6/50]ΓÄ»[22m[39m

[41m[1m FAIL [22m[49m [30m[46m project-sanderson [49m[39m src/app/character/expertise-item-crafting.integration.spec.ts[2m > 
[22mExpertise-Item-Crafting Integration[2m > [22mCrafting Material Management[2m > [22mshould handle multiple material requirements
[31m[1mAssertionError[22m: expected false to be true // Object.is equality[39m

[32m- Expected[39m
[31m+ Received[39m

[32m- true[39m
[31m+ false[39m

[36m [2mΓ¥»[22m src/app/character/expertise-item-crafting.integration.spec.ts:[2m277:36[22m[39m
    [90m275| [39m
    [90m276| [39m      const canCraftNow = character.crafting.canCraft('craft-iron-sworΓÇª
    [90m277| [39m      [34mexpect[39m(canCraftNow[33m.[39mcanCraft)[33m.[39m[34mtoBe[39m([35mtrue[39m)[33m;[39m
    [90m   | [39m                                   [31m^[39m
    [90m278| [39m
    [90m279| [39m      [90m// Craft successfully[39m

[31m[2mΓÄ»ΓÄ»ΓÄ»ΓÄ»ΓÄ»ΓÄ»ΓÄ»ΓÄ»ΓÄ»ΓÄ»ΓÄ»ΓÄ»ΓÄ»ΓÄ»ΓÄ»ΓÄ»ΓÄ»ΓÄ»ΓÄ»ΓÄ»ΓÄ»ΓÄ»ΓÄ»[7/50]ΓÄ»[22m[39m

[41m[1m FAIL [22m[49m [30m[46m project-sanderson [49m[39m src/app/character/expertise-item-crafting.integration.spec.ts[2m > 
[22mExpertise-Item-Crafting Integration[2m > [22mItem Definitions Integration[2m > [22mshould verify all crafting materials exist in item definitions
[31m[1mAssertionError[22m: expected undefined to be defined[39m
[36m [2mΓ¥»[22m src/app/character/expertise-item-crafting.integration.spec.ts:[2m357:22[22m[39m
    [90m355| [39m      craftingMaterials[33m.[39m[34mforEach[39m(materialId [33m=>[39m {
    [90m356| [39m        [35mconst[39m item [33m=[39m [33mALL_ITEMS[39m[33m.[39m[34mfind[39m(i [33m=>[39m i[33m.[39mid [33m===[39m 
materialId)[33m;[39m
    [90m357| [39m        [34mexpect[39m(item)[33m.[39m[34mtoBeDefined[39m()[33m;[39m
    [90m   | [39m                     [31m^[39m
    [90m358| [39m        [34mexpect[39m(item[33m?.[39mid)[33m.[39m[34mtoBe[39m(materialId)[33m;[39m
    [90m359| [39m      })[33m;[39m
[90m [2mΓ¥»[22m src/app/character/expertise-item-crafting.integration.spec.ts:[2m355:25[22m[39m

[31m[2mΓÄ»ΓÄ»ΓÄ»ΓÄ»ΓÄ»ΓÄ»ΓÄ»ΓÄ»ΓÄ»ΓÄ»ΓÄ»ΓÄ»ΓÄ»ΓÄ»ΓÄ»ΓÄ»ΓÄ»ΓÄ»ΓÄ»ΓÄ»ΓÄ»ΓÄ»ΓÄ»[8/50]ΓÄ»[22m[39m

[41m[1m FAIL [22m[49m [30m[46m project-sanderson [49m[39m src/app/character/expertise-item-crafting.integration.spec.ts[2m > 
[22mExpertise-Item-Crafting Integration[2m > [22mItem Definitions Integration[2m > [22mshould verify crafted items have proper expert traits 
structure
[31m[1mAssertionError[22m: expected undefined to be defined[39m
[36m [2mΓ¥»[22m src/app/character/expertise-item-crafting.integration.spec.ts:[2m365:57[22m[39m
    [90m363| [39m      [90m// Weapons have expertTraits arrays (may be empty initially)[39m
    [90m364| [39m      [35mconst[39m ironSword [33m=[39m [33mALL_ITEMS[39m[33m.[39m[34mfind[39m(i [33m=>[39m i[33m.[39mid [33m===[39m 
[32m'iron-sword'[39m)[33m;[39m
    [90m365| [39m      [34mexpect[39m(ironSword[33m?.[39mweaponProperties[33m?.[39mexpertTraits)[33m.[39m[34mtoBeDefined[39m()[33m;[39m
    [90m   | [39m                                                        [31m^[39m
    [90m366| [39m      expect(Array.isArray(ironSword?.weaponProperties?.expertTraits))ΓÇª
    [90m367| [39m

[31m[2mΓÄ»ΓÄ»ΓÄ»ΓÄ»ΓÄ»ΓÄ»ΓÄ»ΓÄ»ΓÄ»ΓÄ»ΓÄ»ΓÄ»ΓÄ»ΓÄ»ΓÄ»ΓÄ»ΓÄ»ΓÄ»ΓÄ»ΓÄ»ΓÄ»ΓÄ»ΓÄ»[9/50]ΓÄ»[22m[39m

[41m[1m FAIL [22m[49m [30m[46m project-sanderson [49m[39m src/app/character/expertise-item-crafting.integration.spec.ts[2m > 
[22mExpertise-Item-Crafting Integration[2m > [22mExpertise Source Tracking in Full Flow[2m > [22mshould track expertise sources through culture ΓåÆ 
talent ΓåÆ GM ΓåÆ crafting
[31m[1mAssertionError[22m: expected false to be true // Object.is equality[39m

[32m- Expected[39m
[31m+ Received[39m

[32m- true[39m
[31m+ false[39m

[36m [2mΓ¥»[22m src/app/character/expertise-item-crafting.integration.spec.ts:[2m417:33[22m[39m
    [90m415| [39m      
    [90m416| [39m      [35mconst[39m canCraft [33m=[39m 
character[33m.[39mcrafting[33m.[39m[34mcanCraft[39m([32m'craft-iron-sword'[39m)[33m;[39m
    [90m417| [39m      expect(canCraft.canCraft).toBe(true); // Has Weapon Crafting froΓÇª
    [90m   | [39m                                [31m^[39m
    [90m418| [39m
    [90m419| [39m      // Source doesn't matter for crafting - just that expertise exisΓÇª

[31m[2mΓÄ»ΓÄ»ΓÄ»ΓÄ»ΓÄ»ΓÄ»ΓÄ»ΓÄ»ΓÄ»ΓÄ»ΓÄ»ΓÄ»ΓÄ»ΓÄ»ΓÄ»ΓÄ»ΓÄ»ΓÄ»ΓÄ»ΓÄ»ΓÄ»ΓÄ»[10/50]ΓÄ»[22m[39m

[41m[1m FAIL [22m[49m [30m[46m project-sanderson [49m[39m src/app/character/attacks/attackCalculator.spec.ts[2m > [22mAttackCalculator[2m > 
[22mWeapon Attacks[2m > [22mshould generate weapon attack with correct bonus
[31m[1mAssertionError[22m: expected +0 to be 1 // Object.is equality[39m

[32m- Expected[39m
[31m+ Received[39m

[32m- 1[39m
[31m+ 0[39m

[36m [2mΓ¥»[22m src/app/character/attacks/attackCalculator.spec.ts:[2m39:30[22m[39m
    [90m 37| [39m      [35mconst[39m attacks [33m=[39m calculator[33m.[39m[34mgetAvailableAttacks[39m()[33m;[39m
    [90m 38| [39m      
    [90m 39| [39m      [34mexpect[39m(attacks[33m.[39mlength)[33m.[39m[34mtoBe[39m([34m1[39m)[33m;[39m
    [90m   | [39m                             [31m^[39m
    [90m 40| [39m      [34mexpect[39m(attacks[[34m0[39m][33m.[39mname)[33m.[39m[34mtoBe[39m([32m'Rapier'[39m)[33m;[39m
    [90m 41| [39m      [34mexpect[39m(attacks[[34m0[39m][33m.[39msource)[33m.[39m[34mtoBe[39m([32m'weapon'[39m)[33m;[39m

[31m[2mΓÄ»ΓÄ»ΓÄ»ΓÄ»ΓÄ»ΓÄ»ΓÄ»ΓÄ»ΓÄ»ΓÄ»ΓÄ»ΓÄ»ΓÄ»ΓÄ»ΓÄ»ΓÄ»ΓÄ»ΓÄ»ΓÄ»ΓÄ»ΓÄ»ΓÄ»[11/50]ΓÄ»[22m[39m

[41m[1m FAIL [22m[49m [30m[46m project-sanderson [49m[39m src/app/character/attacks/attackCalculator.spec.ts[2m > [22mAttackCalculator[2m > 
[22mWeapon Attacks[2m > [22mshould include weapon traits
[31m[1mTypeError[22m: Cannot read properties of undefined (reading 'traits')[39m
[36m [2mΓ¥»[22m src/app/character/attacks/attackCalculator.spec.ts:[2m55:25[22m[39m
    [90m 53| [39m      [35mconst[39m attacks [33m=[39m calculator[33m.[39m[34mgetAvailableAttacks[39m()[33m;[39m
    [90m 54| [39m      
    [90m 55| [39m      [34mexpect[39m(attacks[[34m0[39m][33m.[39mtraits)[33m.[39m[34mtoContain[39m([32m'Discreet'[39m)[33m;[39m
    [90m   | [39m                        [31m^[39m
    [90m 56| [39m      
[34mexpect[39m(attacks[[34m0[39m][33m.[39mtraits[33m.[39mlength)[33m.[39m[34mtoBeGreaterThan[39m([34m0[39m)[33m;[39m
    [90m 57| [39m    })[33m;[39m

[31m[2mΓÄ»ΓÄ»ΓÄ»ΓÄ»ΓÄ»ΓÄ»ΓÄ»ΓÄ»ΓÄ»ΓÄ»ΓÄ»ΓÄ»ΓÄ»ΓÄ»ΓÄ»ΓÄ»ΓÄ»ΓÄ»ΓÄ»ΓÄ»ΓÄ»ΓÄ»[12/50]ΓÄ»[22m[39m

[41m[1m FAIL [22m[49m [30m[46m project-sanderson [49m[39m src/app/character/attacks/attackCalculator.spec.ts[2m > [22mAttackCalculator[2m > 
[22mWeapon Attacks[2m > [22mshould include expert traits from talent trait grants when character has expertise
[31m[1mAssertionError[22m: expected 0 to be greater than 0[39m
[36m [2mΓ¥»[22m src/app/character/attacks/attackCalculator.spec.ts:[2m69:30[22m[39m
    [90m 67| [39m      [35mconst[39m attacks [33m=[39m calculator[33m.[39m[34mgetAvailableAttacks[39m()[33m;[39m
    [90m 68| [39m      
    [90m 69| [39m      [34mexpect[39m(attacks[33m.[39mlength)[33m.[39m[34mtoBeGreaterThan[39m([34m0[39m)[33m;[39m
    [90m   | [39m                             [31m^[39m
    [90m 70| [39m      [35mconst[39m knifeAttack [33m=[39m attacks[33m.[39m[34mfind[39m(a [33m=>[39m a[33m.[39mname [33m===[39m 
[32m'Knife'[39m)[33m;[39m
    [90m 71| [39m      [34mexpect[39m(knifeAttack)[33m.[39m[34mtoBeDefined[39m()[33m;[39m

[31m[2mΓÄ»ΓÄ»ΓÄ»ΓÄ»ΓÄ»ΓÄ»ΓÄ»ΓÄ»ΓÄ»ΓÄ»ΓÄ»ΓÄ»ΓÄ»ΓÄ»ΓÄ»ΓÄ»ΓÄ»ΓÄ»ΓÄ»ΓÄ»ΓÄ»ΓÄ»[13/50]ΓÄ»[22m[39m

[41m[1m FAIL [22m[49m [30m[46m project-sanderson [49m[39m src/app/character/attacks/attackCalculator.spec.ts[2m > [22mAttackCalculator[2m > 
[22mWeapon Attacks[2m > [22mshould not include expert traits from talent trait grants when character lacks expertise
[31m[1mAssertionError[22m: expected 0 to be greater than 0[39m
[36m [2mΓ¥»[22m src/app/character/attacks/attackCalculator.spec.ts:[2m86:30[22m[39m
    [90m 84| [39m      [35mconst[39m attacks [33m=[39m calculator[33m.[39m[34mgetAvailableAttacks[39m()[33m;[39m
    [90m 85| [39m      
    [90m 86| [39m      [34mexpect[39m(attacks[33m.[39mlength)[33m.[39m[34mtoBeGreaterThan[39m([34m0[39m)[33m;[39m
    [90m   | [39m                             [31m^[39m
    [90m 87| [39m      [35mconst[39m knifeAttack [33m=[39m attacks[33m.[39m[34mfind[39m(a [33m=>[39m a[33m.[39mname [33m===[39m 
[32m'Knife'[39m)[33m;[39m
    [90m 88| [39m      [34mexpect[39m(knifeAttack)[33m.[39m[34mtoBeDefined[39m()[33m;[39m

[31m[2mΓÄ»ΓÄ»ΓÄ»ΓÄ»ΓÄ»ΓÄ»ΓÄ»ΓÄ»ΓÄ»ΓÄ»ΓÄ»ΓÄ»ΓÄ»ΓÄ»ΓÄ»ΓÄ»ΓÄ»ΓÄ»ΓÄ»ΓÄ»ΓÄ»ΓÄ»[14/50]ΓÄ»[22m[39m

[41m[1m FAIL [22m[49m [30m[46m project-sanderson [49m[39m src/app/character/attacks/attackCalculator.spec.ts[2m > [22mAttackCalculator[2m > 
[22mMighty Talent Bonus[2m > [22mshould add damage bonus when Mighty is unlocked
[31m[1mTypeError[22m: Cannot read properties of undefined (reading 'damage')[39m
[36m [2mΓ¥»[22m src/app/character/attacks/attackCalculator.spec.ts:[2m146:25[22m[39m
    [90m144| [39m      [35mconst[39m attacks [33m=[39m calculator[33m.[39m[34mgetAvailableAttacks[39m()[33m;[39m
    [90m145| [39m      
    [90m146| [39m      expect(attacks[0].damage).toContain('+'); // Should have bonus dΓÇª
    [90m   | [39m                        [31m^[39m
    [90m147| [39m    })[33m;[39m
    [90m148| [39m  })[33m;[39m

[31m[2mΓÄ»ΓÄ»ΓÄ»ΓÄ»ΓÄ»ΓÄ»ΓÄ»ΓÄ»ΓÄ»ΓÄ»ΓÄ»ΓÄ»ΓÄ»ΓÄ»ΓÄ»ΓÄ»ΓÄ»ΓÄ»ΓÄ»ΓÄ»ΓÄ»ΓÄ»[15/50]ΓÄ»[22m[39m

[41m[1m FAIL [22m[49m [30m[46m project-sanderson [49m[39m src/app/character/attacks/attackCalculator.spec.ts[2m > [22mAttackCalculator[2m > 
[22mAttack Grouping[2m > [22mshould categorize attacks by range
[31m[1mAssertionError[22m: expected 0 to be greater than or equal to 1[39m
[36m [2mΓ¥»[22m src/app/character/attacks/attackCalculator.spec.ts:[2m161:30[22m[39m
    [90m159| [39m      [35mconst[39m attacks [33m=[39m calculator[33m.[39m[34mgetAvailableAttacks[39m()[33m;[39m
    [90m160| [39m      
    [90m161| [39m      [34mexpect[39m(attacks[33m.[39mlength)[33m.[39m[34mtoBeGreaterThanOrEqual[39m([34m1[39m)[33m;[39m
    [90m   | [39m                             [31m^[39m
    [90m162| [39m      [90m// Verify we can filter by range[39m
    [90m163| [39m      const allAttacks = attacks.filter(a => a.range === 'Melee' || a.ΓÇª

[31m[2mΓÄ»ΓÄ»ΓÄ»ΓÄ»ΓÄ»ΓÄ»ΓÄ»ΓÄ»ΓÄ»ΓÄ»ΓÄ»ΓÄ»ΓÄ»ΓÄ»ΓÄ»ΓÄ»ΓÄ»ΓÄ»ΓÄ»ΓÄ»ΓÄ»ΓÄ»[16/50]ΓÄ»[22m[39m

[41m[1m FAIL [22m[49m [30m[46m project-sanderson [49m[39m src/app/character/crafting/craftingManager.spec.ts[2m > [22mCraftingManager[2m > 
[22mCrafting Validation (canCraft)[2m > [22mshould succeed when character has expertise and materials
[31m[1mAssertionError[22m: expected false to be true // Object.is equality[39m

[32m- Expected[39m
[31m+ Received[39m

[32m- true[39m
[31m+ false[39m

[36m [2mΓ¥»[22m src/app/character/crafting/craftingManager.spec.ts:[2m123:31[22m[39m
    [90m121| [39m      [35mconst[39m result [33m=[39m craftingManager[33m.[39m[34mcanCraft[39m([32m'craft-iron-sword'[39m)[33m;[39m
    [90m122| [39m      
    [90m123| [39m      [34mexpect[39m(result[33m.[39mcanCraft)[33m.[39m[34mtoBe[39m([35mtrue[39m)[33m;[39m
    [90m   | [39m                              [31m^[39m
    [90m124| [39m      [34mexpect[39m(result[33m.[39mreason)[33m.[39m[34mtoBeUndefined[39m()[33m;[39m
    [90m125| [39m    })[33m;[39m

[31m[2mΓÄ»ΓÄ»ΓÄ»ΓÄ»ΓÄ»ΓÄ»ΓÄ»ΓÄ»ΓÄ»ΓÄ»ΓÄ»ΓÄ»ΓÄ»ΓÄ»ΓÄ»ΓÄ»ΓÄ»ΓÄ»ΓÄ»ΓÄ»ΓÄ»ΓÄ»[17/50]ΓÄ»[22m[39m

[41m[1m FAIL [22m[49m [30m[46m project-sanderson [49m[39m src/app/character/crafting/craftingManager.spec.ts[2m > [22mCraftingManager[2m > 
[22mMaterial Checking[2m > [22mshould correctly identify missing materials
[31m[1mAssertionError[22m: expected false to be true // Object.is equality[39m

[32m- Expected[39m
[31m+ Received[39m

[32m- true[39m
[31m+ false[39m

[36m [2mΓ¥»[22m src/app/character/crafting/craftingManager.spec.ts:[2m146:80[22m[39m
    [90m144| [39m      
    [90m145| [39m      [34mexpect[39m(missing[33m.[39mlength)[33m.[39m[34mtoBeGreaterThan[39m([34m0[39m)[33m;[39m
    [90m146| [39m      expect(missing.some(m => m.itemId === 'iron-ingot' && m.quantityΓÇª
    [90m   | [39m                                                                               [31m^[39m
    [90m147| [39m    })[33m;[39m
    [90m148| [39m

[31m[2mΓÄ»ΓÄ»ΓÄ»ΓÄ»ΓÄ»ΓÄ»ΓÄ»ΓÄ»ΓÄ»ΓÄ»ΓÄ»ΓÄ»ΓÄ»ΓÄ»ΓÄ»ΓÄ»ΓÄ»ΓÄ»ΓÄ»ΓÄ»ΓÄ»ΓÄ»[18/50]ΓÄ»[22m[39m

[41m[1m FAIL [22m[49m [30m[46m project-sanderson [49m[39m src/app/character/crafting/craftingManager.spec.ts[2m > [22mCraftingManager[2m > 
[22mMaterial Checking[2m > [22mshould return empty array when all materials are available
[31m[1mAssertionError[22m: expected 2 to be +0 // Object.is equality[39m

[32m- Expected[39m
[31m+ Received[39m

[32m- 0[39m
[31m+ 2[39m

[36m [2mΓ¥»[22m src/app/character/crafting/craftingManager.spec.ts:[2m155:30[22m[39m
    [90m153| [39m      const missing = craftingManager.getMissingMaterials('craft-iron-ΓÇª
    [90m154| [39m      
    [90m155| [39m      [34mexpect[39m(missing[33m.[39mlength)[33m.[39m[34mtoBe[39m([34m0[39m)[33m;[39m
    [90m   | [39m                             [31m^[39m
    [90m156| [39m    })[33m;[39m
    [90m157| [39m

[31m[2mΓÄ»ΓÄ»ΓÄ»ΓÄ»ΓÄ»ΓÄ»ΓÄ»ΓÄ»ΓÄ»ΓÄ»ΓÄ»ΓÄ»ΓÄ»ΓÄ»ΓÄ»ΓÄ»ΓÄ»ΓÄ»ΓÄ»ΓÄ»ΓÄ»ΓÄ»[19/50]ΓÄ»[22m[39m

[41m[1m FAIL [22m[49m [30m[46m project-sanderson [49m[39m src/app/character/crafting/craftingManager.spec.ts[2m > [22mCraftingManager[2m > 
[22mMaterial Checking[2m > [22mshould check if character has all materials
[31m[1mAssertionError[22m: expected false to be true // Object.is equality[39m

[32m- Expected[39m
[31m+ Received[39m

[32m- true[39m
[31m+ false[39m

[36m [2mΓ¥»[22m src/app/character/crafting/craftingManager.spec.ts:[2m164:64[22m[39m
    [90m162| [39m      character[33m.[39minventory[33m.[39m[34maddItem[39m([32m'leather-strip'[39m[33m,[39m [34m1[39m)[33m;[39m
    [90m163| [39m      
    [90m164| [39m      expect(craftingManager.hasMaterials('craft-iron-sword')).toBe(trΓÇª
    [90m   | [39m                                                               [31m^[39m
    [90m165| [39m    })[33m;[39m
    [90m166| [39m  })[33m;[39m

[31m[2mΓÄ»ΓÄ»ΓÄ»ΓÄ»ΓÄ»ΓÄ»ΓÄ»ΓÄ»ΓÄ»ΓÄ»ΓÄ»ΓÄ»ΓÄ»ΓÄ»ΓÄ»ΓÄ»ΓÄ»ΓÄ»ΓÄ»ΓÄ»ΓÄ»ΓÄ»[20/50]ΓÄ»[22m[39m

[41m[1m FAIL [22m[49m [30m[46m project-sanderson [49m[39m src/app/character/crafting/craftingManager.spec.ts[2m > [22mCraftingManager[2m > 
[22mItem Crafting (craftItem)[2m > [22mshould successfully craft item when requirements met
[31m[1mAssertionError[22m: expected false to be true // Object.is equality[39m

[32m- Expected[39m
[31m+ Received[39m

[32m- true[39m
[31m+ false[39m

[36m [2mΓ¥»[22m src/app/character/crafting/craftingManager.spec.ts:[2m180:30[22m[39m
    [90m178| [39m      [35mconst[39m result [33m=[39m craftingManager[33m.[39m[34mcraftItem[39m([32m'craft-iron-sword'[39m)[33m;[39m
    [90m179| [39m      
    [90m180| [39m      [34mexpect[39m(result[33m.[39msuccess)[33m.[39m[34mtoBe[39m([35mtrue[39m)[33m;[39m
    [90m   | [39m                             [31m^[39m
    [90m181| [39m      [34mexpect[39m(result[33m.[39mmessage)[33m.[39m[34mtoContain[39m([32m'Successfully crafted'[39m)[33m;[39m
    [90m182| [39m      [34mexpect[39m(result[33m.[39mitemId)[33m.[39m[34mtoBe[39m([32m'iron-sword'[39m)[33m;[39m

[31m[2mΓÄ»ΓÄ»ΓÄ»ΓÄ»ΓÄ»ΓÄ»ΓÄ»ΓÄ»ΓÄ»ΓÄ»ΓÄ»ΓÄ»ΓÄ»ΓÄ»ΓÄ»ΓÄ»ΓÄ»ΓÄ»ΓÄ»ΓÄ»ΓÄ»ΓÄ»[21/50]ΓÄ»[22m[39m

[41m[1m FAIL [22m[49m [30m[46m project-sanderson [49m[39m src/app/character/crafting/craftingManager.spec.ts[2m > [22mCraftingManager[2m > 
[22mItem Crafting (craftItem)[2m > [22mshould consume materials when crafting
[31m[1mAssertionError[22m: expected +0 to be -3 // Object.is equality[39m

[32m- Expected[39m
[31m+ Received[39m

[32m- -3[39m
[31m+ 0[39m

[36m [2mΓ¥»[22m src/app/character/crafting/craftingManager.spec.ts:[2m192:65[22m[39m
    [90m190| [39m      craftingManager[33m.[39m[34mcraftItem[39m([32m'craft-iron-sword'[39m)[33m;[39m
    [90m191| [39m      
    [90m192| [39m      expect(character.inventory.getItemQuantity('iron-ingot')).toBe(iΓÇª
    [90m   | [39m                                                                [31m^[39m
    [90m193| [39m      expect(character.inventory.getItemQuantity('leather-strip')).toBΓÇª
    [90m194| [39m    })[33m;[39m

[31m[2mΓÄ»ΓÄ»ΓÄ»ΓÄ»ΓÄ»ΓÄ»ΓÄ»ΓÄ»ΓÄ»ΓÄ»ΓÄ»ΓÄ»ΓÄ»ΓÄ»ΓÄ»ΓÄ»ΓÄ»ΓÄ»ΓÄ»ΓÄ»ΓÄ»ΓÄ»[22/50]ΓÄ»[22m[39m

[41m[1m FAIL [22m[49m [30m[46m project-sanderson [49m[39m src/app/character/crafting/craftingManager.spec.ts[2m > [22mCraftingManager[2m > 
[22mItem Crafting (craftItem)[2m > [22mshould add crafted item to inventory
[31m[1mAssertionError[22m: expected +0 to be 1 // Object.is equality[39m

[32m- Expected[39m
[31m+ Received[39m

[32m- 1[39m
[31m+ 0[39m

[36m [2mΓ¥»[22m src/app/character/crafting/craftingManager.spec.ts:[2m201:65[22m[39m
    [90m199| [39m      craftingManager[33m.[39m[34mcraftItem[39m([32m'craft-iron-sword'[39m)[33m;[39m
    [90m200| [39m      
    [90m201| [39m      expect(character.inventory.getItemQuantity('iron-sword')).toBe(bΓÇª
    [90m   | [39m                                                                [31m^[39m
    [90m202| [39m    })[33m;[39m
    [90m203| [39m

[31m[2mΓÄ»ΓÄ»ΓÄ»ΓÄ»ΓÄ»ΓÄ»ΓÄ»ΓÄ»ΓÄ»ΓÄ»ΓÄ»ΓÄ»ΓÄ»ΓÄ»ΓÄ»ΓÄ»ΓÄ»ΓÄ»ΓÄ»ΓÄ»ΓÄ»ΓÄ»[23/50]ΓÄ»[22m[39m

[41m[1m FAIL [22m[49m [30m[46m project-sanderson [49m[39m src/app/character/crafting/craftingManager.spec.ts[2m > [22mCraftingManager[2m > 
[22mItem Crafting (craftItem)[2m > [22mshould return consumed materials in result
[31m[1mAssertionError[22m: expected undefined to be defined[39m
[36m [2mΓ¥»[22m src/app/character/crafting/craftingManager.spec.ts:[2m207:40[22m[39m
    [90m205| [39m      [35mconst[39m result [33m=[39m craftingManager[33m.[39m[34mcraftItem[39m([32m'craft-iron-sword'[39m)[33m;[39m
    [90m206| [39m      
    [90m207| [39m      [34mexpect[39m(result[33m.[39mmaterialsConsumed)[33m.[39m[34mtoBeDefined[39m()[33m;[39m
    [90m   | [39m                                       [31m^[39m
    [90m208| [39m      [34mexpect[39m(result[33m.[39mmaterialsConsumed[33m?.[39mlength)[33m.[39m[34mtoBe[39m([34m2[39m)[33m;[39m
    [90m209| [39m      expect(result.materialsConsumed?.some(m => m.itemId === 'iron-inΓÇª

[31m[2mΓÄ»ΓÄ»ΓÄ»ΓÄ»ΓÄ»ΓÄ»ΓÄ»ΓÄ»ΓÄ»ΓÄ»ΓÄ»ΓÄ»ΓÄ»ΓÄ»ΓÄ»ΓÄ»ΓÄ»ΓÄ»ΓÄ»ΓÄ»ΓÄ»ΓÄ»[24/50]ΓÄ»[22m[39m

[41m[1m FAIL [22m[49m [30m[46m project-sanderson [49m[39m src/app/character/crafting/craftingManager.spec.ts[2m > [22mCraftingManager[2m > 
[22mDifficulty System[2m > [22mshould include difficulty check in craft result
[31m[1mAssertionError[22m: expected undefined to be defined[39m
[36m [2mΓ¥»[22m src/app/character/crafting/craftingManager.spec.ts:[2m260:38[22m[39m
    [90m258| [39m      [35mconst[39m result [33m=[39m craftingManager[33m.[39m[34mcraftItem[39m([32m'craft-iron-sword'[39m)[33m;[39m
    [90m259| [39m      
    [90m260| [39m      [34mexpect[39m(result[33m.[39mdifficultyCheck)[33m.[39m[34mtoBeDefined[39m()[33m;[39m
    [90m   | [39m                                     [31m^[39m
    [90m261| [39m      [34mexpect[39m(result[33m.[39mdifficultyCheck[33m?.[39mrequired)[33m.[39m[34mtoBe[39m([32m'easy'[39m)[33m;[39m
    [90m262| [39m      [34mexpect[39m(result[33m.[39mdifficultyCheck[33m?.[39mpassed)[33m.[39m[34mtoBe[39m([35mtrue[39m)[33m;[39m

[31m[2mΓÄ»ΓÄ»ΓÄ»ΓÄ»ΓÄ»ΓÄ»ΓÄ»ΓÄ»ΓÄ»ΓÄ»ΓÄ»ΓÄ»ΓÄ»ΓÄ»ΓÄ»ΓÄ»ΓÄ»ΓÄ»ΓÄ»ΓÄ»ΓÄ»ΓÄ»[25/50]ΓÄ»[22m[39m

[41m[1m FAIL [22m[49m [30m[46m project-sanderson [49m[39m src/app/character/crafting/craftingManager.spec.ts[2m > [22mCraftingManager[2m > 
[22mMultiple Crafting Operations[2m > [22mshould allow crafting multiple items if materials available
[31m[1mAssertionError[22m: expected false to be true // Object.is equality[39m

[32m- Expected[39m
[31m+ Received[39m

[32m- true[39m
[31m+ false[39m

[36m [2mΓ¥»[22m src/app/character/crafting/craftingManager.spec.ts:[2m277:31[22m[39m
    [90m275| [39m      [35mconst[39m result2 [33m=[39m craftingManager[33m.[39m[34mcraftItem[39m([32m'craft-iron-sword'[39m)[33m;[39m
    [90m276| [39m      
    [90m277| [39m      [34mexpect[39m(result1[33m.[39msuccess)[33m.[39m[34mtoBe[39m([35mtrue[39m)[33m;[39m
    [90m   | [39m                              [31m^[39m
    [90m278| [39m      [34mexpect[39m(result2[33m.[39msuccess)[33m.[39m[34mtoBe[39m([35mtrue[39m)[33m;[39m
    [90m279| [39m      [90m// Non-stackable items get unique IDs (iron-sword, iron-sword-1)[39m

[31m[2mΓÄ»ΓÄ»ΓÄ»ΓÄ»ΓÄ»ΓÄ»ΓÄ»ΓÄ»ΓÄ»ΓÄ»ΓÄ»ΓÄ»ΓÄ»ΓÄ»ΓÄ»ΓÄ»ΓÄ»ΓÄ»ΓÄ»ΓÄ»ΓÄ»ΓÄ»[26/50]ΓÄ»[22m[39m

[41m[1m FAIL [22m[49m [30m[46m project-sanderson [49m[39m src/app/character/crafting/craftingManager.spec.ts[2m > [22mCraftingManager[2m > 
[22mMultiple Crafting Operations[2m > [22mshould fail second craft when materials depleted
[31m[1mAssertionError[22m: expected false to be true // Object.is equality[39m

[32m- Expected[39m
[31m+ Received[39m

[32m- true[39m
[31m+ false[39m

[36m [2mΓ¥»[22m src/app/character/crafting/craftingManager.spec.ts:[2m294:31[22m[39m
    [90m292| [39m      [35mconst[39m result2 [33m=[39m craftingManager[33m.[39m[34mcraftItem[39m([32m'craft-iron-sword'[39m)[33m;[39m
    [90m293| [39m      
    [90m294| [39m      [34mexpect[39m(result1[33m.[39msuccess)[33m.[39m[34mtoBe[39m([35mtrue[39m)[33m;[39m
    [90m   | [39m                              [31m^[39m
    [90m295| [39m      [34mexpect[39m(result2[33m.[39msuccess)[33m.[39m[34mtoBe[39m([35mfalse[39m)[33m;[39m
    [90m296| [39m      [34mexpect[39m(result2[33m.[39mmessage)[33m.[39m[34mtoContain[39m([32m'Insufficient materials'[39m)[33m;[39m

[31m[2mΓÄ»ΓÄ»ΓÄ»ΓÄ»ΓÄ»ΓÄ»ΓÄ»ΓÄ»ΓÄ»ΓÄ»ΓÄ»ΓÄ»ΓÄ»ΓÄ»ΓÄ»ΓÄ»ΓÄ»ΓÄ»ΓÄ»ΓÄ»ΓÄ»ΓÄ»[27/50]ΓÄ»[22m[39m

[41m[1m FAIL [22m[49m [30m[46m project-sanderson [49m[39m src/app/character/crafting/craftingManager.spec.ts[2m > [22mCraftingManager[2m > 
[22mDifferent Recipe Categories[2m > [22mshould craft armor with Armor Crafting expertise
[31m[1mAssertionError[22m: expected false to be true // Object.is equality[39m

[32m- Expected[39m
[31m+ Received[39m

[32m- true[39m
[31m+ false[39m

[36m [2mΓ¥»[22m src/app/character/crafting/craftingManager.spec.ts:[2m310:30[22m[39m
    [90m308| [39m      [35mconst[39m result [33m=[39m craftingManager[33m.[39m[34mcraftItem[39m([32m'craft-leather-armor'[39m)[33m;[39m
    [90m309| [39m      
    [90m310| [39m      [34mexpect[39m(result[33m.[39msuccess)[33m.[39m[34mtoBe[39m([35mtrue[39m)[33m;[39m
    [90m   | [39m                             [31m^[39m
    [90m311| [39m      [34mexpect[39m(result[33m.[39mitemId)[33m.[39m[34mtoBe[39m([32m'leather-armor'[39m)[33m;[39m
    [90m312| [39m    })[33m;[39m

[31m[2mΓÄ»ΓÄ»ΓÄ»ΓÄ»ΓÄ»ΓÄ»ΓÄ»ΓÄ»ΓÄ»ΓÄ»ΓÄ»ΓÄ»ΓÄ»ΓÄ»ΓÄ»ΓÄ»ΓÄ»ΓÄ»ΓÄ»ΓÄ»ΓÄ»ΓÄ»[28/50]ΓÄ»[22m[39m

[41m[1m FAIL [22m[49m [30m[46m project-sanderson [49m[39m src/app/character/crafting/craftingManager.spec.ts[2m > [22mCraftingManager[2m > 
[22mDifferent Recipe Categories[2m > [22mshould craft fabrials with Fabrial Crafting expertise
[31m[1mAssertionError[22m: expected false to be true // Object.is equality[39m

[32m- Expected[39m
[31m+ Received[39m

[32m- true[39m
[31m+ false[39m

[36m [2mΓ¥»[22m src/app/character/crafting/craftingManager.spec.ts:[2m324:30[22m[39m
    [90m322| [39m      const result = craftingManager.craftItem('craft-heating-fabrial'ΓÇª
    [90m323| [39m      
    [90m324| [39m      [34mexpect[39m(result[33m.[39msuccess)[33m.[39m[34mtoBe[39m([35mtrue[39m)[33m;[39m
    [90m   | [39m                             [31m^[39m
    [90m325| [39m      [34mexpect[39m(result[33m.[39mitemId)[33m.[39m[34mtoBe[39m([32m'heating-fabrial'[39m)[33m;[39m
    [90m326| [39m    })[33m;[39m

[31m[2mΓÄ»ΓÄ»ΓÄ»ΓÄ»ΓÄ»ΓÄ»ΓÄ»ΓÄ»ΓÄ»ΓÄ»ΓÄ»ΓÄ»ΓÄ»ΓÄ»ΓÄ»ΓÄ»ΓÄ»ΓÄ»ΓÄ»ΓÄ»ΓÄ»ΓÄ»[29/50]ΓÄ»[22m[39m

[41m[1m FAIL [22m[49m [30m[46m project-sanderson [49m[39m src/app/character/inventory/inventoryManager.precision.spec.ts[2m > 
[22mInventoryManager - Currency Precision[2m > [22mfloating-point precision with chip-based currency[2m > [22mshould handle purchase affordability 
checks with decimal amounts
[31m[1mAssertionError[22m: expected false to be true // Object.is equality[39m

[32m- Expected[39m
[31m+ Received[39m

[32m- true[39m
[31m+ false[39m

[36m [2mΓ¥»[22m src/app/character/inventory/inventoryManager.precision.spec.ts:[2m94:25[22m[39m
    [90m 92| [39m      [90m// Purchase should succeed[39m
    [90m 93| [39m      const purchased = inventoryManager.purchaseItem('waterskin', 1, ΓÇª
    [90m 94| [39m      [34mexpect[39m(purchased)[33m.[39m[34mtoBe[39m([35mtrue[39m)[33m;[39m
    [90m   | [39m                        [31m^[39m
    [90m 95| [39m
    [90m 96| [39m      [90m// Now should have 0 marks[39m

[31m[2mΓÄ»ΓÄ»ΓÄ»ΓÄ»ΓÄ»ΓÄ»ΓÄ»ΓÄ»ΓÄ»ΓÄ»ΓÄ»ΓÄ»ΓÄ»ΓÄ»ΓÄ»ΓÄ»ΓÄ»ΓÄ»ΓÄ»ΓÄ»ΓÄ»ΓÄ»[30/50]ΓÄ»[22m[39m

[41m[1m FAIL [22m[49m [30m[46m project-sanderson [49m[39m src/app/character/inventory/inventoryManager.spec.ts[2m > [22mInventoryManager - 
Expertise Validation[2m > [22mExpert Trait Validation[2m > [22mshould allow equipping items even without expertise
[31m[1mAssertionError[22m: expected false to be true // Object.is equality[39m

[32m- Expected[39m
[31m+ Received[39m

[32m- true[39m
[31m+ false[39m

[36m [2mΓ¥»[22m src/app/character/inventory/inventoryManager.spec.ts:[2m56:24[22m[39m
    [90m 54| [39m      [35mconst[39m equipped [33m=[39m character[33m.[39minventory[33m.[39m[34mequipItem[39m([32m'knife'[39m)[33m;[39m
    [90m 55| [39m
    [90m 56| [39m      [34mexpect[39m(equipped)[33m.[39m[34mtoBe[39m([35mtrue[39m)[33m;[39m
    [90m   | [39m                       [31m^[39m
    [90m 57| [39m    })[33m;[39m
    [90m 58| [39m

[31m[2mΓÄ»ΓÄ»ΓÄ»ΓÄ»ΓÄ»ΓÄ»ΓÄ»ΓÄ»ΓÄ»ΓÄ»ΓÄ»ΓÄ»ΓÄ»ΓÄ»ΓÄ»ΓÄ»ΓÄ»ΓÄ»ΓÄ»ΓÄ»ΓÄ»ΓÄ»[31/50]ΓÄ»[22m[39m

[41m[1m FAIL [22m[49m [30m[46m project-sanderson [49m[39m src/app/character/inventory/inventoryManager.spec.ts[2m > [22mInventoryManager - 
Expertise Validation[2m > [22mEquipment Flow[2m > [22mshould allow full flow: add item -> check expertise -> equip
[31m[1mAssertionError[22m: expected false to be true // Object.is equality[39m

[32m- Expected[39m
[31m+ Received[39m

[32m- true[39m
[31m+ false[39m

[36m [2mΓ¥»[22m src/app/character/inventory/inventoryManager.spec.ts:[2m151:24[22m[39m
    [90m149| [39m      [90m// Equip[39m
    [90m150| [39m      [35mconst[39m equipped [33m=[39m 
character[33m.[39minventory[33m.[39m[34mequipItem[39m([32m'iron-sword'[39m)[33m;[39m
    [90m151| [39m      [34mexpect[39m(equipped)[33m.[39m[34mtoBe[39m([35mtrue[39m)[33m;[39m
    [90m   | [39m                       [31m^[39m
    [90m152| [39m    })[33m;[39m
    [90m153| [39m

[31m[2mΓÄ»ΓÄ»ΓÄ»ΓÄ»ΓÄ»ΓÄ»ΓÄ»ΓÄ»ΓÄ»ΓÄ»ΓÄ»ΓÄ»ΓÄ»ΓÄ»ΓÄ»ΓÄ»ΓÄ»ΓÄ»ΓÄ»ΓÄ»ΓÄ»ΓÄ»[32/50]ΓÄ»[22m[39m

[41m[1m FAIL [22m[49m [30m[46m project-sanderson [49m[39m src/app/character/inventory/inventoryManager.spec.ts[2m > [22mInventoryManager - 
Expertise Validation[2m > [22mEquipment Flow[2m > [22mshould allow equipping without expertise but mark traits as locked
[31m[1mAssertionError[22m: expected false to be true // Object.is equality[39m

[32m- Expected[39m
[31m+ Received[39m

[32m- true[39m
[31m+ false[39m

[36m [2mΓ¥»[22m src/app/character/inventory/inventoryManager.spec.ts:[2m160:24[22m[39m
    [90m158| [39m      character[33m.[39minventory[33m.[39m[34maddItem[39m([32m'rapier'[39m[33m,[39m [34m1[39m)[33m;[39m
    [90m159| [39m      [35mconst[39m equipped [33m=[39m character[33m.[39minventory[33m.[39m[34mequipItem[39m([32m'rapier'[39m)[33m;[39m
    [90m160| [39m      [34mexpect[39m(equipped)[33m.[39m[34mtoBe[39m([35mtrue[39m)[33m;[39m
    [90m   | [39m                       [31m^[39m
    [90m161| [39m
    [90m162| [39m      // Check if expert traits would be locked (only if item has expeΓÇª

[31m[2mΓÄ»ΓÄ»ΓÄ»ΓÄ»ΓÄ»ΓÄ»ΓÄ»ΓÄ»ΓÄ»ΓÄ»ΓÄ»ΓÄ»ΓÄ»ΓÄ»ΓÄ»ΓÄ»ΓÄ»ΓÄ»ΓÄ»ΓÄ»ΓÄ»ΓÄ»[33/50]ΓÄ»[22m[39m

[41m[1m FAIL [22m[49m [30m[46m project-sanderson [49m[39m src/app/character/inventory/petDefinitions.spec.ts[2m > [22mPets - Feature Tests[2m 
> [22mPet Inventory Management[2m > [22mshould add pet to inventory
[31m[1mAssertionError[22m: expected false to be true // Object.is equality[39m

[32m- Expected[39m
[31m+ Received[39m

[32m- true[39m
[31m+ false[39m

[36m [2mΓ¥»[22m src/app/character/inventory/petDefinitions.spec.ts:[2m98:22[22m[39m
    [90m 96| [39m    [34mit[39m([32m'should add pet to inventory'[39m[33m,[39m () [33m=>[39m {
    [90m 97| [39m      [35mconst[39m result [33m=[39m inventoryManager[33m.[39m[34maddItem[39m([32m'chickenhawk'[39m[33m,[39m 
[34m1[39m)[33m;[39m
    [90m 98| [39m      [34mexpect[39m(result)[33m.[39m[34mtoBe[39m([35mtrue[39m)[33m;[39m
    [90m   | [39m                     [31m^[39m
    [90m 99| [39m      
[34mexpect[39m(inventoryManager[33m.[39m[34mgetItemQuantity[39m([32m'chickenhawk'[39m))[33m.[39m[34mtoBe[39m([34m1[39m)[33m;[39m
    [90m100| [39m    })[33m;[39m

[31m[2mΓÄ»ΓÄ»ΓÄ»ΓÄ»ΓÄ»ΓÄ»ΓÄ»ΓÄ»ΓÄ»ΓÄ»ΓÄ»ΓÄ»ΓÄ»ΓÄ»ΓÄ»ΓÄ»ΓÄ»ΓÄ»ΓÄ»ΓÄ»ΓÄ»ΓÄ»[34/50]ΓÄ»[22m[39m

[41m[1m FAIL [22m[49m [30m[46m project-sanderson [49m[39m src/app/character/inventory/petDefinitions.spec.ts[2m > [22mPets - Feature Tests[2m 
> [22mPet Inventory Management[2m > [22mshould not stack pets (they are unique)
[31m[1mAssertionError[22m: expected 0 to be greater than 1[39m
[36m [2mΓ¥»[22m src/app/character/inventory/petDefinitions.spec.ts:[2m109:35[22m[39m
    [90m107| [39m      [35mconst[39m items [33m=[39m inventoryManager[33m.[39m[34mgetAllItems[39m()[33m;[39m
    [90m108| [39m      const chickenhawks = items.filter(item => item.id.startsWith('chΓÇª
    [90m109| [39m      expect(chickenhawks.length).toBeGreaterThan(1); // Should createΓÇª
    [90m   | [39m                                  [31m^[39m
    [90m110| [39m    })[33m;[39m
    [90m111| [39m

[31m[2mΓÄ»ΓÄ»ΓÄ»ΓÄ»ΓÄ»ΓÄ»ΓÄ»ΓÄ»ΓÄ»ΓÄ»ΓÄ»ΓÄ»ΓÄ»ΓÄ»ΓÄ»ΓÄ»ΓÄ»ΓÄ»ΓÄ»ΓÄ»ΓÄ»ΓÄ»[35/50]ΓÄ»[22m[39m

[41m[1m FAIL [22m[49m [30m[46m project-sanderson [49m[39m src/app/character/inventory/petDefinitions.spec.ts[2m > [22mPets - Feature Tests[2m 
> [22mPet Inventory Management[2m > [22mshould equip pet to accessory slot
[31m[1mAssertionError[22m: expected false to be true // Object.is equality[39m

[32m- Expected[39m
[31m+ Received[39m

[32m- true[39m
[31m+ false[39m

[36m [2mΓ¥»[22m src/app/character/inventory/petDefinitions.spec.ts:[2m116:24[22m[39m
    [90m114| [39m      [35mconst[39m equipped [33m=[39m inventoryManager[33m.[39m[34mequipItem[39m([32m'chickenhawk'[39m)[33m;[39m
    [90m115| [39m      
    [90m116| [39m      [34mexpect[39m(equipped)[33m.[39m[34mtoBe[39m([35mtrue[39m)[33m;[39m
    [90m   | [39m                       [31m^[39m
    [90m117| [39m      expect(inventoryManager.getEquippedItem('accessory')).toBeDefineΓÇª
    [90m118| [39m      expect(inventoryManager.getEquippedItem('accessory')?.id).toContΓÇª

[31m[2mΓÄ»ΓÄ»ΓÄ»ΓÄ»ΓÄ»ΓÄ»ΓÄ»ΓÄ»ΓÄ»ΓÄ»ΓÄ»ΓÄ»ΓÄ»ΓÄ»ΓÄ»ΓÄ»ΓÄ»ΓÄ»ΓÄ»ΓÄ»ΓÄ»ΓÄ»[36/50]ΓÄ»[22m[39m

[41m[1m FAIL [22m[49m [30m[46m project-sanderson [49m[39m src/app/character/inventory/petDefinitions.spec.ts[2m > [22mPets - Feature Tests[2m 
> [22mPet Inventory Management[2m > [22mshould not stack equipped pets
[31m[1mAssertionError[22m: the given combination of arguments (undefined and string) is invalid for this assertion. You can use an array, a map, an 
object, a set, a string, or a weakset instead of a string[39m
[36m [2mΓ¥»[22m src/app/character/inventory/petDefinitions.spec.ts:[2m132:28[22m[39m
    [90m130| [39m      [90m// Should have unequipped the chickenhawk[39m
    [90m131| [39m      [35mconst[39m equipped [33m=[39m inventoryManager[33m.[39m[34mgetEquippedItem[39m([32m'accessory'[39m)[33m;[39m
    [90m132| [39m      [34mexpect[39m(equipped[33m?.[39mid)[33m.[39m[34mtoContain[39m([32m'armored-hound'[39m)[33m;[39m
    [90m   | [39m                           [31m^[39m
    [90m133| [39m    })[33m;[39m
    [90m134| [39m

[31m[2mΓÄ»ΓÄ»ΓÄ»ΓÄ»ΓÄ»ΓÄ»ΓÄ»ΓÄ»ΓÄ»ΓÄ»ΓÄ»ΓÄ»ΓÄ»ΓÄ»ΓÄ»ΓÄ»ΓÄ»ΓÄ»ΓÄ»ΓÄ»ΓÄ»ΓÄ»[37/50]ΓÄ»[22m[39m

[41m[1m FAIL [22m[49m [30m[46m project-sanderson [49m[39m src/app/character/inventory/petDefinitions.spec.ts[2m > [22mPets - Feature Tests[2m 
> [22mPet Inventory Management[2m > [22mshould unequip pet correctly
[31m[1mAssertionError[22m: expected undefined to be defined[39m
[36m [2mΓ¥»[22m src/app/character/inventory/petDefinitions.spec.ts:[2m140:20[22m[39m
    [90m138| [39m      
    [90m139| [39m      [35mconst[39m item [33m=[39m inventoryManager[33m.[39m[34mgetEquippedItem[39m([32m'accessory'[39m)[33m;[39m
    [90m140| [39m      [34mexpect[39m(item)[33m.[39m[34mtoBeDefined[39m()[33m;[39m
    [90m   | [39m                   [31m^[39m
    [90m141| [39m      
    [90m142| [39m      inventoryManager[33m.[39m[34munequipItem[39m(item[33m![39m[33m.[39mid)[33m;[39m

[31m[2mΓÄ»ΓÄ»ΓÄ»ΓÄ»ΓÄ»ΓÄ»ΓÄ»ΓÄ»ΓÄ»ΓÄ»ΓÄ»ΓÄ»ΓÄ»ΓÄ»ΓÄ»ΓÄ»ΓÄ»ΓÄ»ΓÄ»ΓÄ»ΓÄ»ΓÄ»[38/50]ΓÄ»[22m[39m

[41m[1m FAIL [22m[49m [30m[46m project-sanderson [49m[39m src/app/character/inventory/petDefinitions.spec.ts[2m > [22mPets - Feature Tests[2m 
> [22mPet Inventory Management[2m > [22mshould have pet weight when in inventory
[31m[1mAssertionError[22m: expected 0 to be greater than 0[39m
[36m [2mΓ¥»[22m src/app/character/inventory/petDefinitions.spec.ts:[2m151:25[22m[39m
    [90m149| [39m      
    [90m150| [39m      [35mconst[39m newWeight [33m=[39m inventoryManager[33m.[39m[34mgetTotalWeight[39m()[33m;[39m
    [90m151| [39m      [34mexpect[39m(newWeight)[33m.[39m[34mtoBeGreaterThan[39m(initialWeight)[33m;[39m
    [90m   | [39m                        [31m^[39m
    [90m152| [39m    })[33m;[39m
    [90m153| [39m

[31m[2mΓÄ»ΓÄ»ΓÄ»ΓÄ»ΓÄ»ΓÄ»ΓÄ»ΓÄ»ΓÄ»ΓÄ»ΓÄ»ΓÄ»ΓÄ»ΓÄ»ΓÄ»ΓÄ»ΓÄ»ΓÄ»ΓÄ»ΓÄ»ΓÄ»ΓÄ»[39/50]ΓÄ»[22m[39m

[41m[1m FAIL [22m[49m [30m[46m project-sanderson [49m[39m src/app/character/inventory/petDefinitions.spec.ts[2m > [22mPets - Feature Tests[2m 
> [22mPet Inventory Management[2m > [22mshould remove pet from inventory
[31m[1mAssertionError[22m: expected +0 to be 1 // Object.is equality[39m

[32m- Expected[39m
[31m+ Received[39m

[32m- 1[39m
[31m+ 0[39m

[36m [2mΓ¥»[22m src/app/character/inventory/petDefinitions.spec.ts:[2m156:63[22m[39m
    [90m154| [39m    [34mit[39m([32m'should remove pet from inventory'[39m[33m,[39m () [33m=>[39m {
    [90m155| [39m      inventoryManager[33m.[39m[34maddItem[39m([32m'chickenhawk'[39m[33m,[39m [34m1[39m)[33m;[39m
    [90m156| [39m      
[34mexpect[39m(inventoryManager[33m.[39m[34mgetItemQuantity[39m([32m'chickenhawk'[39m))[33m.[39m[34mtoBe[39m([34m1[39m)[33m;[39m
    [90m   | [39m                                                              [31m^[39m
    [90m157| [39m      
    [90m158| [39m      [35mconst[39m allItems [33m=[39m inventoryManager[33m.[39m[34mgetAllItems[39m()[33m;[39m

[31m[2mΓÄ»ΓÄ»ΓÄ»ΓÄ»ΓÄ»ΓÄ»ΓÄ»ΓÄ»ΓÄ»ΓÄ»ΓÄ»ΓÄ»ΓÄ»ΓÄ»ΓÄ»ΓÄ»ΓÄ»ΓÄ»ΓÄ»ΓÄ»ΓÄ»ΓÄ»[40/50]ΓÄ»[22m[39m

[41m[1m FAIL [22m[49m [30m[46m project-sanderson [49m[39m src/app/character/inventory/petDefinitions.spec.ts[2m > [22mPets - Feature Tests[2m 
> [22mPet GM Grant System[2m > [22mshould allow GM to grant any pet to player
[31m[1mAssertionError[22m: expected false to be true // Object.is equality[39m

[32m- Expected[39m
[31m+ Received[39m

[32m- true[39m
[31m+ false[39m

[36m [2mΓ¥»[22m src/app/character/inventory/petDefinitions.spec.ts:[2m184:24[22m[39m
    [90m182| [39m        [34mexpect[39m(pet)[33m.[39m[34mtoBeDefined[39m()[33m;[39m
    [90m183| [39m        [35mconst[39m result [33m=[39m inventoryManager[33m.[39m[34maddItem[39m(id[33m,[39m [34m1[39m)[33m;[39m
    [90m184| [39m        [34mexpect[39m(result)[33m.[39m[34mtoBe[39m([35mtrue[39m)[33m;[39m
    [90m   | [39m                       [31m^[39m
    [90m185| [39m      })[33m;[39m
    [90m186| [39m
[90m [2mΓ¥»[22m src/app/character/inventory/petDefinitions.spec.ts:[2m180:14[22m[39m

[31m[2mΓÄ»ΓÄ»ΓÄ»ΓÄ»ΓÄ»ΓÄ»ΓÄ»ΓÄ»ΓÄ»ΓÄ»ΓÄ»ΓÄ»ΓÄ»ΓÄ»ΓÄ»ΓÄ»ΓÄ»ΓÄ»ΓÄ»ΓÄ»ΓÄ»ΓÄ»[41/50]ΓÄ»[22m[39m

[41m[1m FAIL [22m[49m [30m[46m project-sanderson [49m[39m src/app/character/inventory/petDefinitions.spec.ts[2m > [22mPets - Feature Tests[2m 
> [22mPet Persistence[2m > [22mshould persist pet in character inventory data
[31m[1mAssertionError[22m: expected undefined to be defined[39m
[36m [2mΓ¥»[22m src/app/character/inventory/petDefinitions.spec.ts:[2m232:19[22m[39m
    [90m230| [39m      
    [90m231| [39m      const pet = items.find(item => item.id.startsWith('chickenhawk')ΓÇª
    [90m232| [39m      [34mexpect[39m(pet)[33m.[39m[34mtoBeDefined[39m()[33m;[39m
    [90m   | [39m                  [31m^[39m
    [90m233| [39m      [34mexpect[39m(pet[33m?.[39mtype)[33m.[39m[34mtoBe[39m([32m'pet'[39m)[33m;[39m
    [90m234| [39m    })[33m;[39m

[31m[2mΓÄ»ΓÄ»ΓÄ»ΓÄ»ΓÄ»ΓÄ»ΓÄ»ΓÄ»ΓÄ»ΓÄ»ΓÄ»ΓÄ»ΓÄ»ΓÄ»ΓÄ»ΓÄ»ΓÄ»ΓÄ»ΓÄ»ΓÄ»ΓÄ»ΓÄ»[42/50]ΓÄ»[22m[39m

[41m[1m FAIL [22m[49m [30m[46m project-sanderson [49m[39m src/app/character/inventory/petDefinitions.spec.ts[2m > [22mPets - Feature Tests[2m 
> [22mPet Persistence[2m > [22mshould maintain pet type through serialization
[31m[1mAssertionError[22m: expected undefined to be 'pet' // Object.is equality[39m

[32m- Expected:[39m 
"pet"

[31m+ Received:[39m 
undefined

[36m [2mΓ¥»[22m src/app/character/inventory/petDefinitions.spec.ts:[2m241:25[22m[39m
    [90m239| [39m      const pet = items.find(item => item.id.startsWith('chickenhawk')ΓÇª
    [90m240| [39m      
    [90m241| [39m      [34mexpect[39m(pet[33m?.[39mtype)[33m.[39m[34mtoBe[39m([32m'pet'[39m)[33m;[39m
    [90m   | [39m                        [31m^[39m
    [90m242| [39m      [34mexpect[39m(pet[33m?.[39mrarity)[33m.[39m[34mtoBe[39m([32m'reward-only'[39m)[33m;[39m
    [90m243| [39m    })[33m;[39m

[31m[2mΓÄ»ΓÄ»ΓÄ»ΓÄ»ΓÄ»ΓÄ»ΓÄ»ΓÄ»ΓÄ»ΓÄ»ΓÄ»ΓÄ»ΓÄ»ΓÄ»ΓÄ»ΓÄ»ΓÄ»ΓÄ»ΓÄ»ΓÄ»ΓÄ»ΓÄ»[43/50]ΓÄ»[22m[39m

[41m[1m FAIL [22m[49m [30m[46m project-sanderson [49m[39m src/app/views/character-sheet-view/character-sheet-grants.spec.ts[2m > 
[22mCharacterSheetView - Grant Idempotency[2m > [22mItem Grant Idempotency[2m > [22mshould add stackable items correctly
[31m[1mAssertionError[22m: expected false to be true // Object.is equality[39m

[32m- Expected[39m
[31m+ Received[39m

[32m- true[39m
[31m+ false[39m

[36m [2mΓ¥»[22m src/app/views/character-sheet-view/character-sheet-grants.spec.ts:[2m77:23[22m[39m
    [90m 75| [39m    [34mit[39m([32m'should add stackable items correctly'[39m[33m,[39m () [33m=>[39m {
    [90m 76| [39m      [35mconst[39m result1 [33m=[39m character[33m.[39minventory[33m.[39m[34maddItem[39m([32m'iron-ingot'[39m[33m,[39m 
[34m5[39m)[33m;[39m
    [90m 77| [39m      [34mexpect[39m(result1)[33m.[39m[34mtoBe[39m([35mtrue[39m)[33m;[39m
    [90m   | [39m                      [31m^[39m
    [90m 78| [39m
    [90m 79| [39m      [35mconst[39m item1 [33m=[39m character[33m.[39minventory[33m.[39m[34mgetItem[39m([32m'iron-ingot'[39m)[33m;[39m

[31m[2mΓÄ»ΓÄ»ΓÄ»ΓÄ»ΓÄ»ΓÄ»ΓÄ»ΓÄ»ΓÄ»ΓÄ»ΓÄ»ΓÄ»ΓÄ»ΓÄ»ΓÄ»ΓÄ»ΓÄ»ΓÄ»ΓÄ»ΓÄ»ΓÄ»ΓÄ»[44/50]ΓÄ»[22m[39m

[41m[1m FAIL [22m[49m [30m[46m project-sanderson [49m[39m src/app/views/character-sheet-view/character-sheet-grants.spec.ts[2m > 
[22mCharacterSheetView - Grant Idempotency[2m > [22mItem Grant Idempotency[2m > [22mshould handle duplicate item grants gracefully
[31m[1mAssertionError[22m: expected undefined to be defined[39m
[36m [2mΓ¥»[22m src/app/views/character-sheet-view/character-sheet-grants.spec.ts:[2m108:21[22m[39m
    [90m106| [39m      character[33m.[39minventory[33m.[39m[34maddItem[39m([32m'health-potion'[39m[33m,[39m [34m1[39m)[33m;[39m
    [90m107| [39m      [35mconst[39m item1 [33m=[39m character[33m.[39minventory[33m.[39m[34mgetItem[39m([32m'health-potion'[39m)[33m;[39m
    [90m108| [39m      [34mexpect[39m(item1)[33m.[39m[34mtoBeDefined[39m()[33m;[39m
    [90m   | [39m                    [31m^[39m
    [90m109| [39m
    [90m110| [39m      [90m// Duplicate grant (should stack if stackable)[39m

[31m[2mΓÄ»ΓÄ»ΓÄ»ΓÄ»ΓÄ»ΓÄ»ΓÄ»ΓÄ»ΓÄ»ΓÄ»ΓÄ»ΓÄ»ΓÄ»ΓÄ»ΓÄ»ΓÄ»ΓÄ»ΓÄ»ΓÄ»ΓÄ»ΓÄ»ΓÄ»[45/50]ΓÄ»[22m[39m

[41m[1m FAIL [22m[49m [30m[46m project-sanderson [49m[39m src/app/components/shared/pet-display/pet-display.component.spec.ts[2m > 
[22mPetDisplayComponent[2m > [22mPet Status Display[2m > [22mshould show "Bonded" status when pet is equipped
[31m[1mAssertionError[22m: expected null to be truthy[39m

[32m- Expected:[39m 
true

[31m+ Received:[39m 
null

[36m [2mΓ¥»[22m src/app/components/shared/pet-display/pet-display.component.spec.ts:[2m87:21[22m[39m
    [90m 85| [39m
    [90m 86| [39m      const badge = fixture.nativeElement.querySelector('.status-badgeΓÇª
    [90m 87| [39m      [34mexpect[39m(badge)[33m.[39m[34mtoBeTruthy[39m()[33m;[39m
    [90m   | [39m                    [31m^[39m
    [90m 88| [39m      [34mexpect[39m(badge[33m.[39mtextContent)[33m.[39m[34mtoContain[39m([32m'Bonded'[39m)[33m;[39m
    [90m 89| [39m    })[33m;[39m

[31m[2mΓÄ»ΓÄ»ΓÄ»ΓÄ»ΓÄ»ΓÄ»ΓÄ»ΓÄ»ΓÄ»ΓÄ»ΓÄ»ΓÄ»ΓÄ»ΓÄ»ΓÄ»ΓÄ»ΓÄ»ΓÄ»ΓÄ»ΓÄ»ΓÄ»ΓÄ»[46/50]ΓÄ»[22m[39m

[41m[1m FAIL [22m[49m [30m[46m project-sanderson [49m[39m src/app/components/shared/pet-display/pet-display.component.spec.ts[2m > 
[22mPetDisplayComponent[2m > [22mPet Actions[2m > [22mshould show Release button when pet is equipped
[31m[1mAssertionError[22m: expected null to be truthy[39m

[32m- Expected:[39m 
true

[31m+ Received:[39m 
null

[36m [2mΓ¥»[22m src/app/components/shared/pet-display/pet-display.component.spec.ts:[2m162:29[22m[39m
    [90m160| [39m
    [90m161| [39m      const releaseButton = fixture.nativeElement.querySelector('.unboΓÇª
    [90m162| [39m      [34mexpect[39m(releaseButton)[33m.[39m[34mtoBeTruthy[39m()[33m;[39m
    [90m   | [39m                            [31m^[39m
    [90m163| [39m      [34mexpect[39m(releaseButton[33m.[39mtextContent)[33m.[39m[34mtoContain[39m([32m'Release'[39m)[33m;[39m
    [90m164| [39m    })[33m;[39m

[31m[2mΓÄ»ΓÄ»ΓÄ»ΓÄ»ΓÄ»ΓÄ»ΓÄ»ΓÄ»ΓÄ»ΓÄ»ΓÄ»ΓÄ»ΓÄ»ΓÄ»ΓÄ»ΓÄ»ΓÄ»ΓÄ»ΓÄ»ΓÄ»ΓÄ»ΓÄ»[47/50]ΓÄ»[22m[39m

[41m[1m FAIL [22m[49m [30m[46m project-sanderson [49m[39m src/app/components/shared/pet-display/pet-display.component.spec.ts[2m > 
[22mPetDisplayComponent[2m > [22mPet Actions[2m > [22mshould equip pet when Bond button is clicked
[31m[1mAssertionError[22m: expected false to be true // Object.is equality[39m

[32m- Expected[39m
[31m+ Received[39m

[32m- true[39m
[31m+ false[39m

[36m [2mΓ¥»[22m src/app/components/shared/pet-display/pet-display.component.spec.ts:[2m176:38[22m[39m
    [90m174| [39m      bondButton[33m.[39m[34mclick[39m()[33m;[39m
    [90m175| [39m
    [90m176| [39m      [34mexpect[39m(component[33m.[39m[34misEquipped[39m())[33m.[39m[34mtoBe[39m([35mtrue[39m)[33m;[39m
    [90m   | [39m                                     [31m^[39m
    [90m177| [39m    })[33m;[39m

[2m Test Files [22m [1m[31m8 failed[39m[22m[2m | [22m[1m[32m52 passed[39m[22m[90m (60)[39m
[2m      Tests [22m [1m[31m50 failed[39m[22m[2m | [22m[1m[32m674 passed[39m[22m[90m (724)[39m
[2m   Start at [22m 21:42:11
[2m   Duration [22m 7.10s[2m (transform 3.24s, setup 3.37s, import 14.34s, tests 19.48s, environment 60.90s)[22m

    [90m178| [39m

[31m[2mΓÄ»ΓÄ»ΓÄ»ΓÄ»ΓÄ»ΓÄ»ΓÄ»ΓÄ»ΓÄ»ΓÄ»ΓÄ»ΓÄ»ΓÄ»ΓÄ»ΓÄ»ΓÄ»ΓÄ»ΓÄ»ΓÄ»ΓÄ»ΓÄ»ΓÄ»[48/50]ΓÄ»[22m[39m

[41m[1m FAIL [22m[49m [30m[46m project-sanderson [49m[39m src/app/components/shared/pet-display/pet-display.component.spec.ts[2m > 
[22mPetDisplayComponent[2m > [22mPet Actions[2m > [22mshould unequip pet when Release button is clicked
[31m[1mTypeError[22m: Cannot read properties of null (reading 'click')[39m
[36m [2mΓ¥»[22m src/app/components/shared/pet-display/pet-display.component.spec.ts:[2m188:21[22m[39m
    [90m186| [39m
    [90m187| [39m      const releaseButton = fixture.nativeElement.querySelector('.unboΓÇª
    [90m188| [39m      releaseButton[33m.[39m[34mclick[39m()[33m;[39m
    [90m   | [39m                    [31m^[39m
    [90m189| [39m
    [90m190| [39m      [34mexpect[39m(component[33m.[39m[34misEquipped[39m())[33m.[39m[34mtoBe[39m([35mfalse[39m)[33m;[39m

[31m[2mΓÄ»ΓÄ»ΓÄ»ΓÄ»ΓÄ»ΓÄ»ΓÄ»ΓÄ»ΓÄ»ΓÄ»ΓÄ»ΓÄ»ΓÄ»ΓÄ»ΓÄ»ΓÄ»ΓÄ»ΓÄ»ΓÄ»ΓÄ»ΓÄ»ΓÄ»[49/50]ΓÄ»[22m[39m

[41m[1m FAIL [22m[49m [30m[46m project-sanderson [49m[39m src/app/components/shared/pet-display/pet-display.component.spec.ts[2m > 
[22mPetDisplayComponent[2m > [22mPet Actions[2m > [22mshould remove pet from inventory when Remove button is clicked
[31m[1mAssertionError[22m: expected +0 to be 1 // Object.is equality[39m

[32m- Expected[39m
[31m+ Received[39m

[32m- 1[39m
[31m+ 0[39m

[36m [2mΓ¥»[22m src/app/components/shared/pet-display/pet-display.component.spec.ts:[2m209:66[22m[39m
    [90m207| [39m      component[33m.[39mcharacter [33m=[39m character[33m;[39m
    [90m208| [39m
    [90m209| [39m      expect(character.inventory.getItemQuantity('chickenhawk')).toBe(ΓÇª
    [90m   | [39m                                                                 [31m^[39m
    [90m210| [39m
    [90m211| [39m      component[33m.[39m[34mremovePet[39m()[33m;[39m

[31m[2mΓÄ»ΓÄ»ΓÄ»ΓÄ»ΓÄ»ΓÄ»ΓÄ»ΓÄ»ΓÄ»ΓÄ»ΓÄ»ΓÄ»ΓÄ»ΓÄ»ΓÄ»ΓÄ»ΓÄ»ΓÄ»ΓÄ»ΓÄ»ΓÄ»ΓÄ»[50/50]ΓÄ»[22m[39m

